<HOME>\AppData\Local\Programs\Python\Python312\Lib\site-packages\requests\__init__.py:113: RequestsDependencyWarning: urllib3 (2.6.3) or chardet (7.3.0)/charset_normalizer (3.4.6) doesn't match a supported version!
  warnings.warn(
thread 16: status=422 raw={"error":[{"message":"class name StateSchemaConcurrentCreate already exists"}]}

thread 17: status=422 raw={"error":[{"message":"class name StateSchemaConcurrentCreate already exists"}]}

thread 18: status=422 raw={"error":[{"message":"class name StateSchemaConcurrentCreate already exists"}]}

thread 19: status=422 raw={"error":[{"message":"class name StateSchemaConcurrentCreate already exists"}]}

thread 0: status=422 raw={"error":[{"message":"updating schema: TYPE_ADD_CLASS: class already exists"}]}

thread 2: status=422 raw={"error":[{"message":"updating schema: TYPE_ADD_CLASS: class already exists"}]}

thread 5: status=200 raw={"class":"StateSchemaConcurrentCreate","invertedIndexConfig":{"bm25":{"b":0.75,"k1":1.2},"cleanupIntervalSeconds":60,"stopwords":{"additions":null,"preset":"en"
thread 1: status=422 raw={"error":[{"message":"updating schema: TYPE_ADD_CLASS: class already exists"}]}

thread 8: status=422 raw={"error":[{"message":"updating schema: TYPE_ADD_CLASS: class already exists"}]}

thread 9: status=422 raw={"error":[{"message":"updating schema: TYPE_ADD_CLASS: class already exists"}]}

thread 4: status=422 raw={"error":[{"message":"updating schema: TYPE_ADD_CLASS: class already exists"}]}

thread 10: status=422 raw={"error":[{"message":"updating schema: TYPE_ADD_CLASS: class already exists"}]}

thread 7: status=422 raw={"error":[{"message":"updating schema: TYPE_ADD_CLASS: class already exists"}]}

thread 3: status=422 raw={"error":[{"message":"updating schema: TYPE_ADD_CLASS: class already exists"}]}

thread 12: status=422 raw={"error":[{"message":"updating schema: TYPE_ADD_CLASS: class already exists"}]}

thread 11: status=422 raw={"error":[{"message":"updating schema: TYPE_ADD_CLASS: class already exists"}]}

thread 15: status=422 raw={"error":[{"message":"updating schema: TYPE_ADD_CLASS: class already exists"}]}

thread 13: status=422 raw={"error":[{"message":"updating schema: TYPE_ADD_CLASS: class already exists"}]}

thread 6: status=422 raw={"error":[{"message":"updating schema: TYPE_ADD_CLASS: class already exists"}]}

thread 14: status=422 raw={"error":[{"message":"updating schema: TYPE_ADD_CLASS: class already exists"}]}

Final describe Status: 200
Final describe Raw: {"class":"StateSchemaConcurrentCreate","invertedIndexConfig":{"bm25":{"b":0.75,"k1":1.2},"cleanupIntervalSeconds":60,"stopwords":{"additions":null,"preset":"en","removals":null},"usingBlockMaxWAND":true},"multiTenancyConfig":{"autoTenantActivation":false,"autoTenantCreation":false,"enabled":false},"properties":null,"replicationConfig":{"asyncEnabled":false,"deletionStrategy":"TimeBasedResolution","factor":1},"shardingConfig":{"actualCount":1,"actualVirtualCount":128,"desiredCount":1,"desiredVirtualCount":128,"function":"murmur3","key":"_id","strategy":"hash","virtualPerPhysical":128},"vectorIndexConfig":{"bq":{"enabled":false},"cleanupIntervalSeconds":300,"distance":"cosine","dynamicEfFactor":8,"dynamicEfMax":300,"dynamicEfMin":100,"ef":-1,"efConstruction":128,"filterStrategy":"acorn","flatSearchCutoff":40000,"maxConnections":32,"multivector":{"aggregation":"maxSim","enabled":false,"muvera":{"dprojections":16,"enabled":false,"ksim":4,"repetitions":10}},"pq":{"bitCompression":false,"centroids":256,"enabled":false,"encoder":{"distribution":"log-normal","type":"kmeans"},"segments":0,"trainingLimit":100000},"rq":{"bits":8,"enabled":false,"rescoreLimit":20},"skip":false,"skipDefaultQuantization":false,"sq":{"enabled":false,"rescoreLimit":20,"trainingLimit":100000},"trackDefaultQuantization":false,"vectorCacheMaxObjects":1000000000000},"vectorIndexType":"hnsw","vectorizer":"none"}

DEFECT signal — class definition missing after concurrent creates
VERDICT: DEFECT_FOUND
