create: 200 {"code":200,"data":{}}
('load', 0, 200, 200, '{"code":200,"data":{}}')
('load', 1, 200, 200, '{"code":200,"data":{}}')
('load', 2, 200, 200, '{"code":200,"data":{}}')
('load', 3, 200, 200, '{"code":200,"data":{}}')
('load', 4, 200, 200, '{"code":200,"data":{}}')
('rel', 0, 200, 200, '{"code":200,"data":{}}')
('rel', 1, 200, 200, '{"code":200,"data":{}}')
('rel', 2, 200, 200, '{"code":200,"data":{}}')
('rel', 3, 200, 200, '{"code":200,"data":{}}')
('rel', 4, 200, 200, '{"code":200,"data":{}}')
(0, 0, 200, 101, 'failed to search: collection not loaded[collection=468539281521155132]')
(0, 1, 200, 101, 'failed to search: collection not loaded[collection=468539281521155132]')
(0, 10, 200, 101, 'failed to search: collection not loaded[collection=468539281521155132]')
(0, 11, 200, 200, '')
(0, 12, 200, 200, '')
(0, 13, 200, 200, '')
(0, 14, 200, 200, '')
(0, 2, 200, 101, 'failed to search: collection not loaded[collection=468539281521155132]')
(0, 3, 200, 101, 'failed to search: collection not loaded[collection=468539281521155132]')
(0, 4, 200, 101, 'failed to search: collection not loaded[collection=468539281521155132]')
(0, 5, 200, 101, 'failed to search: collection not loaded[collection=468539281521155132]')
(0, 6, 200, 101, 'failed to search: collection not loaded[collection=468539281521155132]')
(0, 7, 200, 101, 'failed to search: collection not loaded[collection=468539281521155132]')
(0, 8, 200, 101, 'failed to search: collection not loaded[collection=468539281521155132]')
(0, 9, 200, 101, 'failed to search: collection not loaded[collection=468539281521155132]')
(1, 0, 200, 101, 'failed to search: collection not loaded[collection=468539281521155132]')
(1, 1, 200, 101, 'failed to search: collection not loaded[collection=468539281521155132]')
(1, 10, 200, 101, 'failed to search: collection not loaded[collection=468539281521155132]')
(1, 11, 200, 101, 'failed to search: collection not loaded[collection=468539281521155132]')
(1, 12, 200, 200, '')
(1, 13, 200, 200, '')
(1, 14, 200, 200, '')
(1, 2, 200, 101, 'failed to search: collection not loaded[collection=468539281521155132]')
(1, 3, 200, 101, 'failed to search: collection not loaded[collection=468539281521155132]')
(1, 4, 200, 101, 'failed to search: collection not loaded[collection=468539281521155132]')
(1, 5, 200, 101, 'failed to search: collection not loaded[collection=468539281521155132]')
(1, 6, 200, 101, 'failed to search: collection not loaded[collection=468539281521155132]')
(1, 7, 200, 101, 'failed to search: collection not loaded[collection=468539281521155132]')
(1, 8, 200, 101, 'failed to search: collection not loaded[collection=468539281521155132]')
(1, 9, 200, 101, 'failed to search: collection not loaded[collection=468539281521155132]')
(2, 0, 200, 101, 'failed to search: collection not loaded[collection=468539281521155132]')
(2, 1, 200, 101, 'failed to search: collection not loaded[collection=468539281521155132]')
(2, 10, 200, 101, 'failed to search: collection not loaded[collection=468539281521155132]')
(2, 11, 200, 200, '')
(2, 12, 200, 200, '')
(2, 13, 200, 200, '')
(2, 14, 200, 200, '')
(2, 2, 200, 101, 'failed to search: collection not loaded[collection=468539281521155132]')
(2, 3, 200, 101, 'failed to search: collection not loaded[collection=468539281521155132]')
(2, 4, 200, 101, 'failed to search: collection not loaded[collection=468539281521155132]')
(2, 5, 200, 101, 'failed to search: collection not loaded[collection=468539281521155132]')
(2, 6, 200, 101, 'failed to search: collection not loaded[collection=468539281521155132]')
(2, 7, 200, 101, 'failed to search: collection not loaded[collection=468539281521155132]')
(2, 8, 200, 101, 'failed to search: collection not loaded[collection=468539281521155132]')
(2, 9, 200, 101, 'failed to search: collection not loaded[collection=468539281521155132]')
(3, 0, 200, 101, 'failed to search: collection not loaded[collection=468539281521155132]')
(3, 1, 200, 101, 'failed to search: collection not loaded[collection=468539281521155132]')
(3, 10, 200, 101, 'failed to search: collection not loaded[collection=468539281521155132]')
(3, 11, 200, 200, '')
(3, 12, 200, 200, '')
(3, 13, 200, 200, '')
(3, 14, 200, 200, '')
(3, 2, 200, 101, 'failed to search: collection not loaded[collection=468539281521155132]')
(3, 3, 200, 101, 'failed to search: collection not loaded[collection=468539281521155132]')
(3, 4, 200, 101, 'failed to search: collection not loaded[collection=468539281521155132]')
(3, 5, 200, 101, 'failed to search: collection not loaded[collection=468539281521155132]')
(3, 6, 200, 101, 'failed to search: collection not loaded[collection=468539281521155132]')
(3, 7, 200, 101, 'failed to search: collection not loaded[collection=468539281521155132]')
(3, 8, 200, 101, 'failed to search: collection not loaded[collection=468539281521155132]')
(3, 9, 200, 101, 'failed to search: collection not loaded[collection=468539281521155132]')
search code distribution: {'101': 45, '200': 15}
VERDICT: NO_DEFECT
