create: 200 {"code":200,"data":{}}
(0, 'load', 200, 200, '{"code":200,"data":{}}')
(0, 'search0', 200, 200, 'hits=5 ')
(0, 'search1', 200, 200, 'hits=5 ')
(0, 'search2', 200, 200, 'hits=5 ')
(1, 'load', 200, 200, '{"code":200,"data":{}}')
(1, 'search0', 200, 200, 'hits=5 ')
(1, 'search1', 200, 200, 'hits=5 ')
(1, 'search2', 200, 200, 'hits=5 ')
(2, 'load', 200, 200, '{"code":200,"data":{}}')
(2, 'search0', 200, 200, 'hits=5 ')
(2, 'search1', 200, 200, 'hits=5 ')
(2, 'search2', 200, 200, 'hits=5 ')
(3, 'load', 200, 200, '{"code":200,"data":{}}')
(3, 'search0', 200, 200, 'hits=5 ')
(3, 'search1', 200, 200, 'hits=5 ')
(3, 'search2', 200, 200, 'hits=5 ')
(4, 'load', 200, 200, '{"code":200,"data":{}}')
(4, 'search0', 200, 200, 'hits=5 ')
(4, 'search1', 200, 200, 'hits=5 ')
(4, 'search2', 200, 200, 'hits=5 ')
(5, 'load', 200, 200, '{"code":200,"data":{}}')
(5, 'search0', 200, 200, 'hits=5 ')
(5, 'search1', 200, 200, 'hits=5 ')
(5, 'search2', 200, 200, 'hits=5 ')
(6, 'load', 200, 200, '{"code":200,"data":{}}')
(6, 'search0', 200, 200, 'hits=5 ')
(6, 'search1', 200, 200, 'hits=5 ')
(6, 'search2', 200, 200, 'hits=5 ')
(7, 'load', 200, 200, '{"code":200,"data":{}}')
(7, 'search0', 200, 200, 'hits=5 ')
(7, 'search1', 200, 200, 'hits=5 ')
(7, 'search2', 200, 200, 'hits=5 ')
(8, 'load', 200, 200, '{"code":200,"data":{}}')
(8, 'search0', 200, 200, 'hits=5 ')
(8, 'search1', 200, 200, 'hits=5 ')
(8, 'search2', 200, 200, 'hits=5 ')
(9, 'load', 200, 200, '{"code":200,"data":{}}')
(9, 'search0', 200, 200, 'hits=5 ')
(9, 'search1', 200, 200, 'hits=5 ')
(9, 'search2', 200, 200, 'hits=5 ')
search code distribution: {200: 30}
VERDICT: NO_DEFECT
