create: 200 {"code":200,"data":{}}
inserted: 5000
load: 200 {"code":200,"data":{}}
obs1: state=LoadStateLoading prog=0 | search http=200 code=200 () | insert http=200 code=200 ()
obs2: state=LoadStateLoaded prog=100 | search http=200 code=200 () | insert http=200 code=200 ()
obs3: state=LoadStateLoaded prog=100 | search http=200 code=200 () | insert http=200 code=200 ()
obs4: state=LoadStateLoaded prog=100 | search http=200 code=200 () | insert http=200 code=200 ()
obs5: state=LoadStateLoaded prog=100 | search http=200 code=200 () | insert http=200 code=200 ()
obs6: state=LoadStateLoaded prog=100 | search http=200 code=200 () | insert http=200 code=200 ()
obs7: state=LoadStateLoaded prog=100 | search http=200 code=200 () | insert http=200 code=200 ()
obs8: state=LoadStateLoaded prog=100 | search http=200 code=200 () | insert http=200 code=200 ()
obs9: state=LoadStateLoaded prog=100 | search http=200 code=200 () | insert http=200 code=200 ()
obs10: state=LoadStateLoaded prog=100 | search http=200 code=200 () | insert http=200 code=200 ()
obs11: state=LoadStateLoaded prog=100 | search http=200 code=200 () | insert http=200 code=200 ()
obs12: state=LoadStateLoaded prog=100 | search http=200 code=200 () | insert http=200 code=200 ()
obs13: state=LoadStateLoaded prog=100 | search http=200 code=200 () | insert http=200 code=200 ()
obs14: state=LoadStateLoaded prog=100 | search http=200 code=200 () | insert http=200 code=200 ()
obs15: state=LoadStateLoaded prog=100 | search http=200 code=200 () | insert http=200 code=200 ()
obs16: state=LoadStateLoaded prog=100 | search http=200 code=200 () | insert http=200 code=200 ()
obs17: state=LoadStateLoaded prog=100 | search http=200 code=200 () | insert http=200 code=200 ()
obs18: state=LoadStateLoaded prog=100 | search http=200 code=200 () | insert http=200 code=200 ()
obs19: state=LoadStateLoaded prog=100 | search http=200 code=200 () | insert http=200 code=200 ()
obs20: state=LoadStateLoaded prog=100 | search http=200 code=200 () | insert http=200 code=200 ()
obs21: state=LoadStateLoaded prog=100 | search http=200 code=200 () | insert http=200 code=200 ()
obs22: state=LoadStateLoaded prog=100 | search http=200 code=200 () | insert http=200 code=200 ()
obs23: state=LoadStateLoaded prog=100 | search http=200 code=200 () | insert http=200 code=200 ()
obs24: state=LoadStateLoaded prog=100 | search http=200 code=200 () | insert http=200 code=200 ()
obs25: state=LoadStateLoaded prog=100 | search http=200 code=200 () | insert http=200 code=200 ()
obs26: state=LoadStateLoaded prog=100 | search http=200 code=200 () | insert http=200 code=200 ()
obs27: state=LoadStateLoaded prog=100 | search http=200 code=200 () | insert http=200 code=200 ()
obs28: state=LoadStateLoaded prog=100 | search http=200 code=200 () | insert http=200 code=200 ()
obs29: state=LoadStateLoaded prog=100 | search http=200 code=200 () | insert http=200 code=200 ()
obs30: state=LoadStateLoaded prog=100 | search http=200 code=200 () | insert http=200 code=200 ()
obs31: state=LoadStateLoaded prog=100 | search http=200 code=200 () | insert http=200 code=200 ()
obs32: state=LoadStateLoaded prog=100 | search http=200 code=200 () | insert http=200 code=200 ()
obs33: state=LoadStateLoaded prog=100 | search http=200 code=200 () | insert http=200 code=200 ()
obs34: state=LoadStateLoaded prog=100 | search http=200 code=200 () | insert http=200 code=200 ()
obs35: state=LoadStateLoaded prog=100 | search http=200 code=200 () | insert http=200 code=200 ()
obs36: state=LoadStateLoaded prog=100 | search http=200 code=200 () | insert http=200 code=200 ()
obs37: state=LoadStateLoaded prog=100 | search http=200 code=200 () | insert http=200 code=200 ()
obs38: state=LoadStateLoaded prog=100 | search http=200 code=200 () | insert http=200 code=200 ()
obs39: state=LoadStateLoaded prog=100 | search http=200 code=200 () | insert http=200 code=200 ()
obs40: state=LoadStateLoaded prog=100 | search http=200 code=200 () | insert http=200 code=200 ()
obs41: state=LoadStateLoaded prog=100 | search http=200 code=200 () | insert http=200 code=200 ()
obs42: state=LoadStateLoaded prog=100 | search http=200 code=200 () | insert http=200 code=200 ()
obs43: state=LoadStateLoaded prog=100 | search http=200 code=200 () | insert http=200 code=200 ()
obs44: state=LoadStateLoaded prog=100 | search http=200 code=200 () | insert http=200 code=200 ()
obs45: state=LoadStateLoaded prog=100 | search http=200 code=200 () | insert http=200 code=200 ()
obs46: state=LoadStateLoaded prog=100 | search http=200 code=200 () | insert http=200 code=200 ()
obs47: state=LoadStateLoaded prog=100 | search http=200 code=200 () | insert http=200 code=200 ()
obs48: state=LoadStateLoaded prog=100 | search http=200 code=200 () | insert http=200 code=200 ()
obs49: state=LoadStateLoaded prog=100 | search http=200 code=200 () | insert http=200 code=200 ()
obs50: state=LoadStateLoaded prog=100 | search http=200 code=200 () | insert http=200 code=200 ()
obs51: state=LoadStateLoaded prog=100 | search http=200 code=200 () | insert http=200 code=200 ()
obs52: state=LoadStateLoaded prog=100 | search http=200 code=200 () | insert http=200 code=200 ()
obs53: state=LoadStateLoaded prog=100 | search http=200 code=200 () | insert http=200 code=200 ()
obs54: state=LoadStateLoaded prog=100 | search http=200 code=200 () | insert http=200 code=200 ()
obs55: state=LoadStateLoaded prog=100 | search http=200 code=200 () | insert http=200 code=200 ()
obs56: state=LoadStateLoaded prog=100 | search http=200 code=200 () | insert http=200 code=200 ()
obs57: state=LoadStateLoaded prog=100 | search http=200 code=200 () | insert http=200 code=200 ()
obs58: state=LoadStateLoaded prog=100 | search http=200 code=200 () | insert http=200 code=200 ()
obs59: state=LoadStateLoaded prog=100 | search http=200 code=200 () | insert http=200 code=200 ()
obs60: state=LoadStateLoaded prog=100 | search http=200 code=200 () | insert http=200 code=200 ()
obs61: state=LoadStateLoaded prog=100 | search http=200 code=200 () | insert http=200 code=200 ()
obs62: state=LoadStateLoaded prog=100 | search http=200 code=200 () | insert http=200 code=200 ()
obs63: state=LoadStateLoaded prog=100 | search http=200 code=200 () | insert http=200 code=200 ()
obs64: state=LoadStateLoaded prog=100 | search http=200 code=200 () | insert http=200 code=200 ()
obs65: state=LoadStateLoaded prog=100 | search http=200 code=200 () | insert http=200 code=200 ()
obs66: state=LoadStateLoaded prog=100 | search http=200 code=200 () | insert http=200 code=200 ()
obs67: state=LoadStateLoaded prog=100 | search http=200 code=200 () | insert http=200 code=200 ()
obs68: state=LoadStateLoaded prog=100 | search http=200 code=200 () | insert http=200 code=200 ()
obs69: state=LoadStateLoaded prog=100 | search http=200 code=200 () | insert http=200 code=200 ()
obs70: state=LoadStateLoaded prog=100 | search http=200 code=200 () | insert http=200 code=200 ()
obs71: state=LoadStateLoaded prog=100 | search http=200 code=200 () | insert http=200 code=200 ()
obs72: state=LoadStateLoaded prog=100 | search http=200 code=200 () | insert http=200 code=200 ()
obs73: state=LoadStateLoaded prog=100 | search http=200 code=200 () | insert http=200 code=200 ()
obs74: state=LoadStateLoaded prog=100 | search http=200 code=200 () | insert http=200 code=200 ()
obs75: state=LoadStateLoaded prog=100 | search http=200 code=200 () | insert http=200 code=200 ()
obs76: state=LoadStateLoaded prog=100 | search http=200 code=200 () | insert http=200 code=200 ()
obs77: state=LoadStateLoaded prog=100 | search http=200 code=200 () | insert http=200 code=200 ()
obs78: state=LoadStateLoaded prog=100 | search http=200 code=200 () | insert http=200 code=200 ()
obs79: state=LoadStateLoaded prog=100 | search http=200 code=200 () | insert http=200 code=200 ()
obs80: state=LoadStateLoaded prog=100 | search http=200 code=200 () | insert http=200 code=200 ()
obs81: state=LoadStateLoaded prog=100 | search http=200 code=200 () | insert http=200 code=200 ()
obs82: state=LoadStateLoaded prog=100 | search http=200 code=200 () | insert http=200 code=200 ()
obs83: state=LoadStateLoaded prog=100 | search http=200 code=200 () | insert http=200 code=200 ()
obs84: state=LoadStateLoaded prog=100 | search http=200 code=200 () | insert http=200 code=200 ()
obs85: state=LoadStateLoaded prog=100 | search http=200 code=200 () | insert http=200 code=200 ()
obs86: state=LoadStateLoaded prog=100 | search http=200 code=200 () | insert http=200 code=200 ()
obs87: state=LoadStateLoaded prog=100 | search http=200 code=200 () | insert http=200 code=200 ()
obs88: state=LoadStateLoaded prog=100 | search http=200 code=200 () | insert http=200 code=200 ()
obs89: state=LoadStateLoaded prog=100 | search http=200 code=200 () | insert http=200 code=200 ()
obs90: state=LoadStateLoaded prog=100 | search http=200 code=200 () | insert http=200 code=200 ()
obs91: state=LoadStateLoaded prog=100 | search http=200 code=200 () | insert http=200 code=200 ()
obs92: state=LoadStateLoaded prog=100 | search http=200 code=200 () | insert http=200 code=200 ()
obs93: state=LoadStateLoaded prog=100 | search http=200 code=200 () | insert http=200 code=200 ()
obs94: state=LoadStateLoaded prog=100 | search http=200 code=200 () | insert http=200 code=200 ()
obs95: state=LoadStateLoaded prog=100 | search http=200 code=200 () | insert http=200 code=200 ()
obs96: state=LoadStateLoaded prog=100 | search http=200 code=200 () | insert http=200 code=200 ()
obs97: state=LoadStateLoaded prog=100 | search http=200 code=200 () | insert http=200 code=200 ()
obs98: state=LoadStateLoaded prog=100 | search http=200 code=200 () | insert http=200 code=200 ()
obs99: state=LoadStateLoaded prog=100 | search http=200 code=200 () | insert http=200 code=200 ()
obs100: state=LoadStateLoaded prog=100 | search http=200 code=200 () | insert http=200 code=200 ()
obs101: state=LoadStateLoaded prog=100 | search http=200 code=200 () | insert http=200 code=200 ()
obs102: state=LoadStateLoaded prog=100 | search http=200 code=200 () | insert http=200 code=200 ()
obs103: state=LoadStateLoaded prog=100 | search http=200 code=200 () | insert http=200 code=200 ()
obs104: state=LoadStateLoaded prog=100 | search http=200 code=200 () | insert http=200 code=200 ()
obs105: state=LoadStateLoaded prog=100 | search http=200 code=200 () | insert http=200 code=200 ()
obs106: state=LoadStateLoaded prog=100 | search http=200 code=200 () | insert http=200 code=200 ()
obs107: state=LoadStateLoaded prog=100 | search http=200 code=200 () | insert http=200 code=200 ()
obs108: state=LoadStateLoaded prog=100 | search http=200 code=200 () | insert http=200 code=200 ()
obs109: state=LoadStateLoaded prog=100 | search http=200 code=200 () | insert http=200 code=200 ()
obs110: state=LoadStateLoaded prog=100 | search http=200 code=200 () | insert http=200 code=200 ()
VERDICT: NO_DEFECT
