create: 200 {"code":200,"data":{}}
insert: 200 {"code":200,"data":{"insertCount":10,"insertIds":[0,1,2,3,4,5,6,7,8,9]}}
round0 release: 200 {"code":200,"data":{}}
round0 load: 200 code=200 {"code":200,"data":{}}
round0 delay=0.0s search: http=200 code=200 msg=
round0 delay=0.01s search: http=200 code=200 msg=
round0 delay=0.05s search: http=200 code=200 msg=
round0 delay=0.1s search: http=200 code=200 msg=
round1 release: 200 {"code":200,"data":{}}
round1 load: 200 code=200 {"code":200,"data":{}}
round1 delay=0.0s search: http=200 code=200 msg=
round1 delay=0.01s search: http=200 code=200 msg=
round1 delay=0.05s search: http=200 code=200 msg=
round1 delay=0.1s search: http=200 code=200 msg=
round2 release: 200 {"code":200,"data":{}}
round2 load: 200 code=200 {"code":200,"data":{}}
round2 delay=0.0s search: http=200 code=200 msg=
round2 delay=0.01s search: http=200 code=200 msg=
round2 delay=0.05s search: http=200 code=200 msg=
round2 delay=0.1s search: http=200 code=200 msg=
round3 release: 200 {"code":200,"data":{}}
round3 load: 200 code=200 {"code":200,"data":{}}
round3 delay=0.0s search: http=200 code=200 msg=
round3 delay=0.01s search: http=200 code=200 msg=
round3 delay=0.05s search: http=200 code=200 msg=
round3 delay=0.1s search: http=200 code=200 msg=
round4 release: 200 {"code":200,"data":{}}
round4 load: 200 code=200 {"code":200,"data":{}}
round4 delay=0.0s search: http=200 code=200 msg=
round4 delay=0.01s search: http=200 code=200 msg=
round4 delay=0.05s search: http=200 code=200 msg=
round4 delay=0.1s search: http=200 code=200 msg=
total observations: 20
VERDICT: NO_DEFECT
