
=== Testing collection size: 10 ===
Inserted 10 points, ~2 with city=null
DEBUG: count_t returned 2
DEBUG: count_f returned 2
DEBUG: count_t=2, count_f=2, scroll_count=2
exact=true: 2
exact=false: 2
scroll: 2
Analysis: {'count_exact_true': 2, 'count_exact_false': 2, 'scroll_ground_truth': 2, 'divergence_ft': 0, 'divergence_fs': 0, 'pct_ft': 0.0, 'pct_fs': 0.0, 'baseline_match': True, 'systematic_bias': False, 'total_points': 10}

=== Testing collection size: 50 ===
Inserted 50 points, ~10 with city=null
DEBUG: count_t returned 10
DEBUG: count_f returned 10
DEBUG: count_t=10, count_f=10, scroll_count=10
exact=true: 10
exact=false: 10
scroll: 10
Analysis: {'count_exact_true': 10, 'count_exact_false': 10, 'scroll_ground_truth': 10, 'divergence_ft': 0, 'divergence_fs': 0, 'pct_ft': 0.0, 'pct_fs': 0.0, 'baseline_match': True, 'systematic_bias': False, 'total_points': 50}

=== Testing collection size: 100 ===
Inserted 100 points, ~20 with city=null
DEBUG: count_t returned 20
DEBUG: count_f returned 20
DEBUG: count_t=20, count_f=20, scroll_count=20
exact=true: 20
exact=false: 20
scroll: 20
Analysis: {'count_exact_true': 20, 'count_exact_false': 20, 'scroll_ground_truth': 20, 'divergence_ft': 0, 'divergence_fs': 0, 'pct_ft': 0.0, 'pct_fs': 0.0, 'baseline_match': True, 'systematic_bias': False, 'total_points': 100}

=== Testing collection size: 200 ===
Inserted 200 points, ~40 with city=null
DEBUG: count_t returned 40
DEBUG: count_f returned 40
DEBUG: count_t=40, count_f=40, scroll_count=40
exact=true: 40
exact=false: 40
scroll: 40
Analysis: {'count_exact_true': 40, 'count_exact_false': 40, 'scroll_ground_truth': 40, 'divergence_ft': 0, 'divergence_fs': 0, 'pct_ft': 0.0, 'pct_fs': 0.0, 'baseline_match': True, 'systematic_bias': False, 'total_points': 200}

=== CROSS-SIZE ANALYSIS ===
Systematic bias across all sizes: False
Fallback heuristic pattern: True
Baseline violations (exact_t != scroll): False

o BY_DESIGN_EXCLUDED: Consistent fallback heuristic (likely 1/2 scaling)
  - Ratio consistent across sizes suggests by-design approximation

Results written to vein_cardinality_oracle_is_null_matrix_1.results.json
VERDICT: NO_DEFECT
