<HOME>\AppData\Local\Programs\Python\Python312\Lib\site-packages\requests\__init__.py:113: RequestsDependencyWarning: urllib3 (2.6.3) or chardet (7.3.0)/charset_normalizer (3.4.6) doesn't match a supported version!
  warnings.warn(
Testing delete with special names

Testing name: '...'
  Create failed (skip): 404

Testing name: 'aaaaaaaaaaaaaaaaaaaaaaaaaaaaaaaaaaaaaaaaaaaaaaaaaa...'
  Delete: status=200

Testing name: 'test with spaces...'
  Delete: status=200

Testing name: 'test-with-dashes...'
  Delete: status=200

Testing name: 'test_with_underscores...'
  Delete: status=200

Testing name: 'TestMixedCase...'
  Delete: status=200

Testing name: '123numbers...'
  Delete: status=200

Testing name: 'test.dot...'
  Delete: status=200

Testing name: 'test:colon...'
  Create failed (skip): 422

Testing name: 'test/slash...'
  Create failed (skip): 404

VERDICT: NO_DEFECT — Special names handled correctly
