<HOME>\AppData\Local\Programs\Python\Python312\Lib\site-packages\requests\__init__.py:113: RequestsDependencyWarning: urllib3 (2.6.3) or chardet (7.3.0)/charset_normalizer (3.4.6) doesn't match a supported version!
  warnings.warn(
[PATHS] registration check: ['delete_points', 'get_points_by_ids']
[upsert 8 pts] status=200 raw={"result":{"operation_id":1,"status":"completed"},"status":"ok","time":0.004469402}
[seed count] status=200 raw={"result":{"count":8},"status":"ok","time":0.000300267}
[P1a delete ids [9001, 9002]] status=200 raw={"result":{"operation_id":2,"status":"completed"},"status":"ok","time":0.005586408}
[P1b delete ids [9001, 9002]] status=200 raw={"result":{"operation_id":3,"status":"completed"},"status":"ok","time":0.00354342}
[P1 count] status=200 raw={"result":{"count":8},"status":"ok","time":0.000075706}
[P1] OK: idempotent non-existent delete returned 200 twice
[D2 delete filter {"must": [{"key": "grp", "match": {"value": "a"}}]}] status=200 raw={"result":{"operation_id":4,"status":"completed"},"status":"ok","time":0.00322401}
[D2 count] status=200 raw={"result":{"count":4},"status":"ok","time":0.000059778}
[D2 batch-get 8 ids] status=200 raw={"result":[{"id":4},{"id":5},{"id":6},{"id":7}],"status":"ok","time":0.000159757}
[get 1] status=404 raw={"status":{"error":"Not found: Point with id 1 does not exists!"},"time":0.000080204}
[get 5] status=200 raw={"result":{"id":5,"payload":{"grp":"b","n":5},"vector":[0.11073202,0.3691067,0.5536601,0.7382134]},"status":"ok","time":0.000132763}
[upsert 4 pts] status=200 raw={"result":{"operation_id":5,"status":"completed"},"status":"ok","time":0.004768041}
[D3a-seed count] status=200 raw={"result":{"count":8},"status":"ok","time":0.00013346}
[D3a delete filter {"must": [{"key": "grp", "match": {"any": ["a", "b"]}}]}] status=200 raw={"result":{"operation_id":6,"status":"completed"},"status":"ok","time":0.003155236}
[D3a count] status=200 raw={"result":{"count":0},"status":"ok","time":0.000078986}
[D3a batch-get 12 ids] status=200 raw={"result":[],"status":"ok","time":0.000258126}
[upsert 3 pts] status=200 raw={"result":{"operation_id":7,"status":"completed"},"status":"ok","time":0.005640312}
[D3b-seed count] status=200 raw={"result":{"count":3},"status":"ok","time":0.000159733}
[D3b delete filter {}] status=200 raw={"result":{"operation_id":8,"status":"completed"},"status":"ok","time":0.004475249}
[D3b count] status=200 raw={"result":{"count":0},"status":"ok","time":0.000234334}
[D3b batch-get 3 ids] status=200 raw={"result":[],"status":"ok","time":0.000109675}
VERDICT: NO_DEFECT
