<HOME>\AppData\Local\Programs\Python\Python312\Lib\site-packages\requests\__init__.py:113: RequestsDependencyWarning: urllib3 (2.6.3) or chardet (7.3.0)/charset_normalizer (3.4.6) doesn't match a supported version!
  warnings.warn(
[PATHS] registration check: ['batch_update', 'get_points_by_ids']
[P1 t0] status=200 raw={"result":[{"operation_id":1,"status":"completed"}],"status":"ok","time":0.003501423}
[P1 t2] status=200 raw={"result":[{"operation_id":2,"status":"completed"}],"status":"ok","time":0.003322557}
[P1 t1] status=200 raw={"result":[{"operation_id":3,"status":"completed"}],"status":"ok","time":0.008396088}
[P1 t5] status=200 raw={"result":[{"operation_id":6,"status":"completed"}],"status":"ok","time":0.007361946}
[P1 t4] status=200 raw={"result":[{"operation_id":5,"status":"completed"}],"status":"ok","time":0.010983664}
[P1 t7] status=200 raw={"result":[{"operation_id":9,"status":"completed"}],"status":"ok","time":0.005752259}
[P1 t3] status=200 raw={"result":[{"operation_id":4,"status":"completed"}],"status":"ok","time":0.010773494}
[P1 t6] status=200 raw={"result":[{"operation_id":7,"status":"completed"}],"status":"ok","time":0.006344968}
[P1 t8] status=200 raw={"result":[{"operation_id":10,"status":"completed"}],"status":"ok","time":0.005729474}
[P1 t9] status=200 raw={"result":[{"operation_id":8,"status":"completed"}],"status":"ok","time":0.005771039}
[P1 count] status=200 raw={"result":{"count":50},"status":"ok","time":0.000289984}
[P1] OK: count == 50
[P2 t1] status=200
[P2 t2] status=200
[P2 t3] status=200
[P2 t4] status=200
[P2 t0] status=200
[P2 t6] status=200
[P2 t9] status=200
[P2 t5] status=200
[P2 t8] status=200
[P2 t7] status=200
[P2 get 1 ids] status=200 raw={"result":[{"id":5000}],"status":"ok","time":0.000145031}
[P2] OK: identical batches converged to one point
[P2 count] status=200 raw={"result":{"count":50},"status":"ok","time":0.000225684}
[P3 seed] status=200 raw={"result":[{"operation_id":21,"status":"completed"}],"status":"ok","time":0.006582325}
[P3 t0 r0] status=200
[P3 t2 r0] status=200
[P3 t1 r0] status=200
[P3 t4 r0] status=200
[P3 t3 r0] status=200
[P3 t5 r0] status=200
[P3 t7 r0] status=200
[P3 t9 r0] status=200
[P3 t8 r0] status=200
[P3 t0 r1] status=200
[P3 t2 r1] status=200
[P3 t1 r1] status=200
[P3 t6 r0] status=200
[P3 t4 r1] status=200
[P3 t7 r1] status=200
[P3 t2 r2] status=200
[P3 t8 r1] status=200
[P3 t3 r1] status=200
[P3 t5 r1] status=200
[P3 t9 r1] status=200
[P3 t1 r2] status=200
[P3 t6 r1] status=200
[P3 t0 r2] status=200
[P3 t4 r2] status=200
[P3 t5 r2] status=200
[P3 t6 r2] status=200
[P3 t7 r2] status=200
[P3 t9 r2] status=200
[P3 t8 r2] status=200
[P3 t3 r2] status=200
[P3 get 8 ids] status=200 raw={"result":[{"id":6001},{"id":6002},{"id":6003},{"id":6004},{"id":6005},{"id":6006},{"id":6007},{"id":6008}],"status":"ok","time":0.000325722}
[P3 count] status=200 raw={"result":{"count":54},"status":"ok","time":0.000250985}
DEFECT: (P2) exact count 50 != 51 after concurrent identical batches on one id — Type4_StateLogicViolation
DEFECT: (P3) read-face disagreement: exact count 54 != 59 (fixed 51 + visible shared 8) — count and batch-get faces disagree after concurrent batches — Type4_StateLogicViolation
VERDICT: DEFECT_FOUND
