<HOME>\AppData\Local\Programs\Python\Python312\Lib\site-packages\requests\__init__.py:113: RequestsDependencyWarning: urllib3 (2.6.3) or chardet (7.3.0)/charset_normalizer (3.4.6) doesn't match a supported version!
  warnings.warn(
[path derivation] create_collection = /collections/{name} (raw_knowledge api_endpoints[collections+create].url = /collections/{collection_name})
# exploration_target: leg (a)=regression | legs (b)-(f)=novel_candidate
[pre-probe] /healthz status=200 raw=healthz check passed
[control-legal] status=200 raw={"result":true,"status":"ok","time":0.235214119}
[control-legal] accepted - the mutated legs below differ only in the attacked member
[a_distance_bogus (regression)] body={"vectors": {"size": 4, "distance": "Bogus"}} status=400 raw={"status":{"error":"Format error in JSON body: data did not match any variant of untagged enum VectorsConfig at line 1 column 45"},"time":0.0}
[a_distance_bogus] correctly rejected with 400
[a_distance_bogus describe] status=404 raw={"status":{"error":"Not found: Collection `scc019_1788393548_a_distance_bogus` doesn't exist!"},"time":7.906e-6}
[a_distance_bogus] no ghost collection - refusal left no state
[b_distance_int (novel_candidate)] body={"vectors": {"size": 4, "distance": 5}} status=400 raw={"status":{"error":"Format error in JSON body: data did not match any variant of untagged enum VectorsConfig at line 1 column 39"},"time":0.0}
[b_distance_int] correctly rejected with 400
[b_distance_int describe] status=404 raw={"status":{"error":"Not found: Collection `scc019_1788393548_b_distance_int` doesn't exist!"},"time":5.769e-6}
[b_distance_int] no ghost collection - refusal left no state
[c_distance_null (novel_candidate)] body={"vectors": {"size": 4, "distance": null}} status=400 raw={"status":{"error":"Format error in JSON body: data did not match any variant of untagged enum VectorsConfig at line 1 column 42"},"time":0.0}
[c_distance_null] correctly rejected with 400
[c_distance_null describe] status=404 raw={"status":{"error":"Not found: Collection `scc019_1788393548_c_distance_null` doesn't exist!"},"time":6.216e-6}
[c_distance_null] no ghost collection - refusal left no state
[d_size_string (novel_candidate)] body={"vectors": {"size": "4", "distance": "Cosine"}} status=400 raw={"status":{"error":"Format error in JSON body: data did not match any variant of untagged enum VectorsConfig at line 1 column 48"},"time":0.0}
[d_size_string] correctly rejected with 400
[d_size_string describe] status=404 raw={"status":{"error":"Not found: Collection `scc019_1788393548_d_size_string` doesn't exist!"},"time":7.399e-6}
[d_size_string] no ghost collection - refusal left no state
[e_vectors_array (novel_candidate)] body={"vectors": []} status=400 raw={"status":{"error":"Format error in JSON body: data did not match any variant of untagged enum VectorsConfig at line 1 column 15"},"time":0.0}
[e_vectors_array] correctly rejected with 400
[e_vectors_array describe] status=404 raw={"status":{"error":"Not found: Collection `scc019_1788393548_e_vectors_array` doesn't exist!"},"time":6.44e-6}
[e_vectors_array] no ghost collection - refusal left no state
[f_vectors_string (novel_candidate)] body={"vectors": "dense-vector"} status=400 raw={"status":{"error":"Format error in JSON body: data did not match any variant of untagged enum VectorsConfig at line 1 column 27"},"time":0.0}
[f_vectors_string] correctly rejected with 400
[f_vectors_string describe] status=404 raw={"status":{"error":"Not found: Collection `scc019_1788393548_f_vectors_string` doesn't exist!"},"time":5.75e-6}
[f_vectors_string] no ghost collection - refusal left no state
[summary] all six malformed-vectors legs rejected in the 4xx family with no ghost state - constraint qdrant_behavioral_collections_create_003 holds
VERDICT: NO_DEFECT
