<HOME>\AppData\Local\Programs\Python\Python312\Lib\site-packages\requests\__init__.py:113: RequestsDependencyWarning: urllib3 (2.6.3) or chardet (7.3.0)/charset_normalizer (3.4.6) doesn't match a supported version!
  warnings.warn(
[PATHS] registration check: ['payload_overwrite', 'payload_set']
[A upsert 20] status=200 raw={"result":{"operation_id":1,"status":"completed"},"status":"ok","time":0.002313447}
[A baseline scroll] status=200 raw={"result":{"points":[{"id":0,"payload":{"ka":0,"kb":"x0","kc":"z"},"vector":[0.2581989,0.2581989,0.5163978,0.77459663]},{"id":1,"payload":{"ka":1,"kb":"x1","kc"
[Race A] 4 lanes, payloads [{'ka': 100, 'kb': 'lane0'}, {'ka': 101, 'kb': 'lane1'}, {'ka': 102, 'kb': 'lane2'}, {'ka': 103, 'kb': 'lane3'}] on all 20 points
[raceA-lane0 PUT overwrite {'ka': 100, 'kb': 'lane0'}] status=200 raw={"result":{"operation_id":2,"status":"completed"},"status":"ok","time":0.002853524}
[raceA-lane2 PUT overwrite {'ka': 102, 'kb': 'lane2'}] status=200 raw={"result":{"operation_id":3,"status":"completed"},"status":"ok","time":0.004224302}
[raceA-lane1 PUT overwrite {'ka': 101, 'kb': 'lane1'}] status=200 raw={"result":{"operation_id":4,"status":"completed"},"status":"ok","time":0.003176592}
[raceA-lane3 PUT overwrite {'ka': 103, 'kb': 'lane3'}] status=200 raw={"result":{"operation_id":5,"status":"completed"},"status":"ok","time":0.003353373}
[raceA readback scroll] status=200 raw={"result":{"points":[{"id":0,"payload":{"ka":103,"kb":"lane3"},"vector":[0.2581989,0.2581989,0.5163978,0.77459663]},{"id":1,"payload":{"ka":103,"kb":"lane3"},"v
[raceA] OK: all readback payloads inside the legal set
[raceA count count] status=200 raw={"result":{"count":20},"status":"ok","time":0.000255988}
[raceB-rd0-preset PUT overwrite {'ka': 0, 'kb': 'x0', 'kc': 'keep'}] status=200 raw={"result":{"operation_id":6,"status":"completed"},"status":"ok","time":0.012426384}
[raceB-rd0-preset readback scroll] status=200 raw={"result":{"points":[{"id":0,"payload":{"ka":0,"kb":"x0","kc":"keep"},"vector":[0.2581989,0.2581989,0.5163978,0.77459663]},{"id":1,"payload":{"ka":0,"kb":"x0","
[raceB-rd0-overwrite PUT overwrite {'kb': 'x0'}] status=200 raw={"result":{"operation_id":7,"status":"completed"},"status":"ok","time":0.005464496}
[raceB-rd0-set POST set {'ka': 0}] status=200 raw={"result":{"operation_id":8,"status":"completed"},"status":"ok","time":0.004895181}
[raceB-rd0 readback scroll] status=200 raw={"result":{"points":[{"id":0,"payload":{"kb":"x0","ka":0},"vector":[0.2581989,0.2581989,0.5163978,0.77459663]},{"id":1,"payload":{"kb":"x0","ka":0},"vector":[0.
[raceB-rd0] OK: all readback payloads inside the legal set
[raceB-rd0 count count] status=200 raw={"result":{"count":20},"status":"ok","time":0.000180301}
[raceB-rd1-preset PUT overwrite {'ka': 0, 'kb': 'x0', 'kc': 'keep'}] status=200 raw={"result":{"operation_id":9,"status":"completed"},"status":"ok","time":0.005207836}
[raceB-rd1-preset readback scroll] status=200 raw={"result":{"points":[{"id":0,"payload":{"ka":0,"kb":"x0","kc":"keep"},"vector":[0.2581989,0.2581989,0.5163978,0.77459663]},{"id":1,"payload":{"ka":0,"kb":"x0","
[raceB-rd1-overwrite PUT overwrite {'kb': 'x0'}] status=200 raw={"result":{"operation_id":10,"status":"completed"},"status":"ok","time":0.003909738}
[raceB-rd1-set POST set {'ka': 0}] status=200 raw={"result":{"operation_id":11,"status":"completed"},"status":"ok","time":0.005025248}
[raceB-rd1 readback scroll] status=200 raw={"result":{"points":[{"id":0,"payload":{"kb":"x0","ka":0},"vector":[0.2581989,0.2581989,0.5163978,0.77459663]},{"id":1,"payload":{"kb":"x0","ka":0},"vector":[0.
[raceB-rd1] OK: all readback payloads inside the legal set
[raceB-rd1 count count] status=200 raw={"result":{"count":20},"status":"ok","time":0.000101086}
[raceB-rd2-preset PUT overwrite {'ka': 0, 'kb': 'x0', 'kc': 'keep'}] status=200 raw={"result":{"operation_id":12,"status":"completed"},"status":"ok","time":0.00389275}
[raceB-rd2-preset readback scroll] status=200 raw={"result":{"points":[{"id":0,"payload":{"ka":0,"kb":"x0","kc":"keep"},"vector":[0.2581989,0.2581989,0.5163978,0.77459663]},{"id":1,"payload":{"ka":0,"kb":"x0","
[raceB-rd2-overwrite PUT overwrite {'kb': 'x0'}] status=200 raw={"result":{"operation_id":13,"status":"completed"},"status":"ok","time":0.013183324}
[raceB-rd2-set POST set {'ka': 0}] status=200 raw={"result":{"operation_id":14,"status":"completed"},"status":"ok","time":0.005062367}
[raceB-rd2 readback scroll] status=200 raw={"result":{"points":[{"id":0,"payload":{"kb":"x0","ka":0},"vector":[0.2581989,0.2581989,0.5163978,0.77459663]},{"id":1,"payload":{"kb":"x0","ka":0},"vector":[0.
[raceB-rd2] OK: all readback payloads inside the legal set
[raceB-rd2 count count] status=200 raw={"result":{"count":20},"status":"ok","time":0.000203671}
[final PUT overwrite {'done': 1}] status=200 raw={"result":{"operation_id":15,"status":"completed"},"status":"ok","time":0.013433983}
[final readback scroll] status=200 raw={"result":{"points":[{"id":0,"payload":{"done":1},"vector":[0.2581989,0.2581989,0.5163978,0.77459663]},{"id":1,"payload":{"done":1},"vector":[0.47140455,0.23570
[final] OK: all readback payloads inside the legal set
[final count count] status=200 raw={"result":{"count":20},"status":"ok","time":0.000234289}
VERDICT: NO_DEFECT
