<HOME>\AppData\Local\Programs\Python\Python312\Lib\site-packages\requests\__init__.py:113: RequestsDependencyWarning: urllib3 (2.6.3) or chardet (7.3.0)/charset_normalizer (3.4.6) doesn't match a supported version!
  warnings.warn(

N1 id -1 (negative int) -> status=400
raw: {"status":{"error":"Format error in JSON body: data did not match any variant of untagged enum UpdateOperation at line 1 column 106"},"time":0.0}
N1 id -1 (negative int): 400 clean domain rejection (error-naming NOTE only, R29)

N3 id true (boolean) -> status=400
raw: {"status":{"error":"Format error in JSON body: data did not match any variant of untagged enum UpdateOperation at line 1 column 108"},"time":0.0}
N3 id true (boolean): 400 clean domain rejection (error-naming NOTE only, R29)

N4 set_payload payload null -> status=400
raw: {"status":{"error":"Format error in JSON body: data did not match any variant of untagged enum UpdateOperation at line 1 column 66"},"time":0.0}
N4 set_payload payload null: 400 clean domain rejection (error-naming NOTE only, R29)

N5 set_payload selector absent (points null, no filter) -> status=400
raw: {"status":{"error":"Format error in JSON body: data did not match any variant of untagged enum UpdateOperation at line 1 column 71"},"time":0.0}
N5 set_payload selector absent (points null, no filter): 400 clean domain rejection (error-naming NOTE only, R29)

N2 id "1" (numeric string) -> status=400
raw: {"status":{"error":"Format error in JSON body: data did not match any variant of untagged enum UpdateOperation at line 1 column 119"},"time":0.0}
N2: 4xx clean domain rejection (string branch is UUID-only)

N6 2-dim vector into dim-4 collection -> status=400
raw: {"status":{"error":"Wrong input: Vector dimension error: expected dim: 4, got 2"},"time":0.005704309}
N6: 4xx clean dimension rejection

Control C valid upsert op -> status=200
raw: {"result":[{"operation_id":2,"status":"completed"}],"status":"ok","time":0.00555308}
control C: 200, 1 result entry, point 30 durable
VERDICT: NO_DEFECT
