<HOME>\AppData\Local\Programs\Python\Python312\Lib\site-packages\requests\__init__.py:113: RequestsDependencyWarning: urllib3 (2.6.3) or chardet (7.3.0)/charset_normalizer (3.4.6) doesn't match a supported version!
  warnings.warn(
[PATHS] index keys present=['create_index', 'delete_index', 'describe_collection']
[setup upsert] status=200 raw={"result":{"operation_id":1,"status":"completed"},"status":"ok","time":0.003544382}
[control create keyword] status=200 raw={"result":{"operation_id":3,"status":"completed"},"status":"ok","time":0.374951606}
[describe control] describe status=200 raw={"result":{"status":"green","optimizer_status":"ok","indexed_vectors_count":0,"points_count":6,"segments_count":8,"config":{"params":{"vectors":{"size":4,"distance":"Cosine"},"shard_number":1,"replication_factor":1,"write_consistency_factor":1,"on_disk_payload":true},"hnsw_config":{"m":16,"ef_constr
[n1_varchar schema={'type': 'varchar'}] status=400 raw={"status":{"error":"Format error in JSON body: data did not match any variant of untagged enum PayloadFieldSchema at line 1 column 65"},"time":0.0}
[n1_varchar] OK: rejected with 400 as asserted
[n2_int64 schema={'type': 'integer64'}] status=400 raw={"status":{"error":"Format error in JSON body: data did not match any variant of untagged enum PayloadFieldSchema at line 1 column 65"},"time":0.0}
[n2_int64] OK: rejected with 400 as asserted
[n3_empty schema={'type': ''}] status=400 raw={"status":{"error":"Format error in JSON body: data did not match any variant of untagged enum PayloadFieldSchema at line 1 column 56"},"time":0.0}
[n3_empty] OK: rejected with 400 as asserted
[n4_casevar schema={'type': 'Keyword'}] status=400 raw={"status":{"error":"Format error in JSON body: data did not match any variant of untagged enum PayloadFieldSchema at line 1 column 65"},"time":0.0}
[n4_casevar] OK: rejected with 400 as asserted
[n5_tok_bad schema={'type': 'text', 'tokenizer': 'camel'}] status=400 raw={"status":{"error":"Format error in JSON body: data did not match any variant of untagged enum PayloadFieldSchema at line 1 column 84"},"time":0.0}
[n5_tok_bad] OK: rejected with 400 as asserted
[n6_tok_case schema={'type': 'text', 'tokenizer': 'WORD'}] status=400 raw={"status":{"error":"Format error in JSON body: data did not match any variant of untagged enum PayloadFieldSchema at line 1 column 84"},"time":0.0}
[n6_tok_case] OK: rejected with 400 as asserted
[n7_type_int schema={'type': 123}] status=400 raw={"status":{"error":"Format error in JSON body: data did not match any variant of untagged enum PayloadFieldSchema at line 1 column 60"},"time":0.0}
[n7_type_int] OK: rejected with 400 as asserted
[n8_type_null schema={'type': None}] status=400 raw={"status":{"error":"Format error in JSON body: data did not match any variant of untagged enum PayloadFieldSchema at line 1 column 62"},"time":0.0}
[n8_type_null] OK: rejected with 400 as asserted
[describe final] describe status=200 raw={"result":{"status":"green","optimizer_status":"ok","indexed_vectors_count":0,"points_count":6,"segments_count":8,"config":{"params":{"vectors":{"size":4,"distance":"Cosine"},"shard_number":1,"replication_factor":1,"write_consistency_factor":1,"on_disk_payload":true},"hnsw_config":{"m":16,"ef_constr
[summary] negative legs=8 accepted=0 phantom_materialized=[]
type-domain negative verification complete: valid keyword control 200 + persisted; all 8 out-of-enum/case-variant/type-confused/null schema legs rejected with 400/422 and none materialized into payload_schema - NO_DEFECT
[cleanup] dropped sidx2_1788445994_25536_col
VERDICT: NO_DEFECT
