<HOME>\AppData\Local\Programs\Python\Python312\Lib\site-packages\requests\__init__.py:113: RequestsDependencyWarning: urllib3 (2.6.3) or chardet (7.3.0)/charset_normalizer (3.4.6) doesn't match a supported version!
  warnings.warn(
[state_healthz_001] run_token=1788423429_31544 base=http://127.0.0.1:6333
== phase 0: sequential stability ==
[seq1] GET /healthz status=200 raw='healthz check passed'
[seq2] GET /healthz status=200 raw='healthz check passed'
[seq3] GET /healthz status=200 raw='healthz check passed'
[seq4] GET /healthz status=200 raw='healthz check passed'
[seq5] GET /healthz status=200 raw='healthz check passed'
[seq6] GET /healthz status=200 raw='healthz check passed'
[seq7] GET /healthz status=200 raw='healthz check passed'
[seq8] GET /healthz status=200 raw='healthz check passed'
[seq9] GET /healthz status=200 raw='healthz check passed'
[seq10] GET /healthz status=200 raw='healthz check passed'
[seq11] GET /healthz status=200 raw='healthz check passed'
[seq12] GET /healthz status=200 raw='healthz check passed'
== phase 1: parameterized probe (api-key query face) ==
[param1] GET /healthz status=200 raw='healthz check passed'
[param2] GET /healthz status=200 raw='healthz check passed'
== phase 2: concurrent burst — 10 workers x 5 probes = 50 parallel GET /healthz ==
[burst] ok=50/50 anomalies=0
== phase 3: tail stability (collective re-check) ==
[tail1] GET /healthz status=200 raw='healthz check passed'
[tail2] GET /healthz status=200 raw='healthz check passed'
[tail3] GET /healthz status=200 raw='healthz check passed'
[summary] ok=67/67 measured probes (seq 12/12, param 2/2, burst 50/50, tail 3/3)
liveness-face verification complete: every probe returned HTTP 200 (healthy-state 200 semantics held across sequential, parameterized, concurrent and post-burst probes); no spec-violating status, no reproducible transport loss — NO_DEFECT
[cleanup probe] status=200 raw='healthz check passed'
VERDICT: NO_DEFECT
