<HOME>\AppData\Local\Programs\Python\Python312\Lib\site-packages\requests\__init__.py:113: RequestsDependencyWarning: urllib3 (2.6.3) or chardet (7.3.0)/charset_normalizer (3.4.6) doesn't match a supported version!
  warnings.warn(

P1 target-only (point id) -> status=200
raw: {"result":[[{"id":3,"version":1,"score":0.75},{"id":5,"version":1,"score":0.75},{"id":7,"version":1,"score":0.75}]],"status":"ok","time":0.000565787}
P1 target-only (point id): 200, inner len=3 (valid face upheld)

P2 target-only (vector) -> status=200
raw: {"result":[[{"id":3,"version":1,"score":0.75},{"id":5,"version":1,"score":0.75},{"id":7,"version":1,"score":0.75}]],"status":"ok","time":0.000269885}
P2 target-only (vector): 200, inner len=3 (valid face upheld)

P3 context-only -> status=200
raw: {"result":[[{"id":3,"version":1,"score":-1.19209275e-7},{"id":5,"version":1,"score":-1.19209275e-7},{"id":7,"version":1,"score":-1.19209275e-7}]],"status":"ok","time":0.000732704}
P3 context-only: 200, inner len=3 (valid face upheld)

P4 BOTH target AND context -> status=200
raw: {"result":[[{"id":3,"version":1,"score":0.75},{"id":5,"version":1,"score":0.75},{"id":7,"version":1,"score":0.75}]],"status":"ok","time":0.000234013}
P4 BOTH target AND context: judge-call face — accepted with a valid result array (len=3); recorded for the judge (XOR/precedence semantics; compare with the single-discover disposition for family parity)

P5 NEITHER (limit only) -> status=400
raw: {"status":{"error":"Bad request: target and/or context_pairs must be specified"},"time":2.976e-6}
P5 NEITHER (limit only): judge-call face — 400 clean rejection; recorded for the judge

P6 empty entry {} -> status=400
raw: {"status":{"error":"Format error in JSON body: missing field `limit` at line 1 column 16"},"time":0.0}
P6 empty entry {}: 400 clean rejection; diagnostics name the missing construct
VERDICT: NO_DEFECT
