<HOME>\AppData\Local\Programs\Python\Python312\Lib\site-packages\requests\__init__.py:113: RequestsDependencyWarning: urllib3 (2.6.3) or chardet (7.3.0)/charset_normalizer (3.4.6) doesn't match a supported version!
  warnings.warn(
ownership prefix: bau5e22431d5
positive raw-JSON control -> status=200 raw={"result":true,"status":"ok","time":0.012455726}
probe[truncated-json] -> status=400
  raw: {"status":{"error":"Format error in JSON body: EOF while parsing a string at line 1 column 83"},"time":0.0}
  OK: cleanly rejected 400 with non-empty diagnostics
probe[trailing-comma] -> status=400
  raw: {"status":{"error":"Format error in JSON body: trailing comma at line 1 column 16"},"time":0.0}
  OK: cleanly rejected 400 with non-empty diagnostics
probe[single-quotes] -> status=400
  raw: {"status":{"error":"Format error in JSON body: key must be a string at line 1 column 2"},"time":0.0}
  OK: cleanly rejected 400 with non-empty diagnostics
probe[comment-in-json] -> status=400
  raw: {"status":{"error":"Format error in JSON body: expected `,` or `}` at line 1 column 16"},"time":0.0}
  OK: cleanly rejected 400 with non-empty diagnostics
probe[bare-nul-in-name] -> status=400
  raw: {"status":{"error":"Format error in JSON body: control character (\\u0000-\\u001F) found while parsing a string at line 1 column 97"},"time":0.0}
  OK: cleanly rejected 400 with non-empty diagnostics
probe[escaped-nul-in-name] -> status=200
  raw: {"result":true,"status":"ok","time":0.014362911}
VERDICT: DEFECT_FOUND (Type1_IllegalSuccess) — malformed input [escaped-nul-in-name] silently accepted 200 (pending judge-doc verification of alias-name charset semantics)
