<HOME>\AppData\Local\Programs\Python\Python312\Lib\site-packages\requests\__init__.py:113: RequestsDependencyWarning: urllib3 (2.6.3) or chardet (7.3.0)/charset_normalizer (3.4.6) doesn't match a supported version!
  warnings.warn(
[path derivation] collection_exists = /collections/{collection_name}/exists (raw_knowledge api_endpoints[collections+exists].url)
ownership prefix: bcc19e22ff2
[contract quote] after a 200 create, the name appears in the collections list, details are retrievable (status may be yellow/grey while indexing) and exists reports result.exists=true
[create bcc19e22ff2vis] status=200 raw={"result":true,"status":"ok","time":0.329658463}
[list face] status=200 n_names=3 name_present=True raw={"result":{"collections":[{"name":"bcc139b6a8bp2"},{"name":"bcc139bc7c6p2"},{"name":"bcc19e22ff2vis"}]},"status":"ok","time":7.876e-6}
[conform] list face: 'bcc19e22ff2vis' present immediately after create
[get face] status=200 result.status='green' config_is_object=True raw={"result":{"status":"green","optimizer_status":"ok","indexed_vectors_count":0,"points_count":0,"segments_count":8,"config":{"params":{"vectors":{"size":4,"distance":"Cosine"},"shard_number":1,"replica
[conform] get face: details retrievable; result.status='green' (yellow/grey contractually fine while indexing)
[exists face] status=200 result.exists=True raw={"result":{"exists":true},"status":"ok","time":8.28e-6}
[conform] exists face: result.exists=true
[neg list] status=200 phantom_listing=False
[conform] neg list: never-created 'bcc19e22ff2never' absent
[neg get] status=404 raw={"status":{"error":"Not found: Collection `bcc19e22ff2never` doesn't exist!"},"time":6.492e-6}
[conform] neg get: 404 for never-created name (declared expectation)
[neg exists] status=200 result.exists=False raw={"result":{"exists":false},"status":"ok","time":3.866e-6}
[conform] neg exists: 200 with result.exists=false (CollectionExistence grid)
OK: 200-created collection immediately listable, gettable and exists=true; never-created control name invisible on all faces
VERDICT: NO_DEFECT
