<HOME>\AppData\Local\Programs\Python\Python312\Lib\site-packages\requests\__init__.py:113: RequestsDependencyWarning: urllib3 (2.6.3) or chardet (7.3.0)/charset_normalizer (3.4.6) doesn't match a supported version!
  warnings.warn(
ownership prefix: bcc10034627
[constraint quote] optimizers_config bounds: deleted_threshold within [0, 1]; vacuum_min_vector_number minimum 100; max_segment_size minimum 1 KB; memmap_threshold minimum 0; indexing_threshold minimum 0 KB
[optimizers_config.indexing_threshold=-1 (min-1, both grids)] status=400 raw={"status":{"error":"Format error in JSON body: invalid value: integer `-1`, expected usize at line 1 column 93"},"time":0.0}
[conform] 'optimizers_config.indexing_threshold=-1 (min-1, both grids)' rejected with 400
[optimizers_config.memmap_threshold=-1 (min-1, both grids)] status=400 raw={"status":{"error":"Format error in JSON body: invalid value: integer `-1`, expected usize at line 1 column 91"},"time":0.0}
[conform] 'optimizers_config.memmap_threshold=-1 (min-1, both grids)' rejected with 400
[positive indexing_threshold=0 closure (documented disable value)] status=200 raw={"result":true,"status":"ok","time":0.246426305}
[conform] indexing_threshold=0 closure accepted and persisted
[positive memmap_threshold=0 closure (documented disable value)] status=200 raw={"result":true,"status":"ok","time":0.241870035}
[conform] memmap_threshold=0 closure accepted and persisted
[measured-only:vacuum_min_vector_number=99 (contract/resolved min 100 vs diff min 0)] status=422 raw={"status":{"error":"Validation error in JSON body: [optimizers_config.vacuum_min_vector_number: value 99 invalid, must be 100 or larger]"},"time":0.0}
[measured-only:vacuum_min_vector_number=99 (contract/resolved min 100 vs diff min 0)] input-grid(diff) vs resolved-grid disagree on this bound; sent=99 readback=None; disposition=422; full optimizer_config=null
[measured-only:max_segment_size=0 (contract/resolved min 1 vs diff min 0)] status=422 raw={"status":{"error":"Validation error in JSON body: [optimizers_config.max_segment_size: value 0 invalid, must be 1 or larger]"},"time":0.0}
[measured-only:max_segment_size=0 (contract/resolved min 1 vs diff min 0)] input-grid(diff) vs resolved-grid disagree on this bound; sent=0 readback=None; disposition=422; full optimizer_config=null
[measured-only:deleted_threshold=1.5 (contract/resolved [0,1] vs diff unbounded)] status=422 raw={"status":{"error":"Validation error in JSON body: [optimizers_config.deleted_threshold: value 1.5 invalid, must be from 0.0 to 1.0]"},"time":0.0}
[measured-only:deleted_threshold=1.5 (contract/resolved [0,1] vs diff unbounded)] input-grid(diff) vs resolved-grid disagree on this bound; sent=1.5 readback=None; disposition=422; full optimizer_config=null
OK: hard minima enforced (indexing/memmap); 0-closures persisted; conflict-zone dispositions printed measured-only
VERDICT: NO_DEFECT
