<HOME>\AppData\Local\Programs\Python\Python312\Lib\site-packages\requests\__init__.py:113: RequestsDependencyWarning: urllib3 (2.6.3) or chardet (7.3.0)/charset_normalizer (3.4.6) doesn't match a supported version!
  warnings.warn(
[PATHS] keys present=['delete_index', 'describe_collection', 'drop_collection']
[describe gate (must be empty)] describe status=200 raw={"result":{"status":"green","optimizer_status":"ok","indexed_vectors_count":0,"points_count":0,"segments_count":8,"config":{"params":{"vectors":{"size":4,"distance":"Cosine"},"shard_number":1,"replication_factor":1,"write_consistency_factor":1,"on_disk_payload":true},"hnsw_config":{"m":16,"ef_constr
[leg 'space' value=' ' class=promise] status=400 raw={"status":{"error":"Deserialize error in path parameters: Invalid json path: ' '"},"time":0.0}
[leg 'embedded-space-name' value='f kw' class=promise] status=400 raw={"status":{"error":"Deserialize error in path parameters: Invalid json path: 'f kw'"},"time":0.0}
[leg 'unicode' value='中文🎯' class=promise] status=400 raw={"status":{"error":"Deserialize error in path parameters: Invalid json path: '中文🎯'"},"time":0.0}
[leg 'encoded-dotdot-lit' value='%2e%2e' class=promise] status=400 raw={"status":{"error":"Deserialize error in path parameters: Invalid json path: '..'"},"time":0.0}
[leg 'empty' value='' class=measured] status=404 raw=
[leg empty] disposition measured-only: 404 (200 or clean 4xx both defensible; only 5xx/transport claimed)
[leg 'embedded-slash' value='sl/ash' class=measured] status=404 raw=
[leg embedded-slash] disposition measured-only: 404 (200 or clean 4xx both defensible; only 5xx/transport claimed)
[leg 'overlong-1024' value='aaaaaaaaaaaaaaaaaaaa...len=1024' class=measured] status=200 raw={"result":{"operation_id":2,"status":"completed"},"status":"ok","time":0.289143689}
[leg overlong-1024] disposition measured-only: 200 (200 or clean 4xx both defensible; only 5xx/transport claimed)
[leg 'control-char' value='ctrl\x01x' class=measured] status=400 raw={"status":{"error":"Deserialize error in path parameters: Invalid json path: 'ctrl\u0001x'"},"time":0.0}
[leg control-char] disposition measured-only: 400 (200 or clean 4xx both defensible; only 5xx/transport claimed)
[leg 'nul-byte' value='nul\x00byte' class=measured] status=400 raw={"status":{"error":"Deserialize error in path parameters: Invalid json path: 'nul\u0000byte'"},"time":0.0}
[leg nul-byte] disposition measured-only: 400 (200 or clean 4xx both defensible; only 5xx/transport claimed)
[describe after legs] describe status=200 raw={"result":{"status":"green","optimizer_status":"ok","indexed_vectors_count":0,"points_count":0,"segments_count":8,"config":{"params":{"vectors":{"size":4,"distance":"Cosine"},"shard_number":1,"replication_factor":1,"write_consistency_factor":1,"on_disk_payload":true},"hnsw_config":{"m":16,"ef_constr
[summary] legs=9 dispositions={'space': 400, 'embedded-space-name': 400, 'unicode': 400, 'encoded-dotdot-lit': 400, 'empty': 404, 'embedded-slash': 404, 'overlong-1024': 200, 'control-char': 400, 'nul-byte': 400} client_side_skips=0 defects=4
DEFECT: (space) route-preserving well-formed path param value=' ' got HTTP 400; the promise 'index deletion (existing or not) returns HTTP 200' is unconditional - legal input rejected - Type1_IllegalSuccess signal - raw={"status":{"error":"Deserialize error in path parameters: Invalid json path: ' '"},"time":0.0} (qdrant_behavioral_index_delete_001)
DEFECT: (embedded-space-name) route-preserving well-formed path param value='f kw' got HTTP 400; the promise 'index deletion (existing or not) returns HTTP 200' is unconditional - legal input rejected - Type1_IllegalSuccess signal - raw={"status":{"error":"Deserialize error in path parameters: Invalid json path: 'f kw'"},"time":0.0} (qdrant_behavioral_index_delete_001)
DEFECT: (unicode) route-preserving well-formed path param value='中文🎯' got HTTP 400; the promise 'index deletion (existing or not) returns HTTP 200' is unconditional - legal input rejected - Type1_IllegalSuccess signal - raw={"status":{"error":"Deserialize error in path parameters: Invalid json path: '中文🎯'"},"time":0.0} (qdrant_behavioral_index_delete_001)
DEFECT: (encoded-dotdot-lit) route-preserving well-formed path param value='%2e%2e' got HTTP 400; the promise 'index deletion (existing or not) returns HTTP 200' is unconditional - legal input rejected - Type1_IllegalSuccess signal - raw={"status":{"error":"Deserialize error in path parameters: Invalid json path: '..'"},"time":0.0} (qdrant_behavioral_index_delete_001)
[cleanup] dropped bidl4_1788435248_13872_col
VERDICT: DEFECT_FOUND
