<HOME>\AppData\Local\Programs\Python\Python312\Lib\site-packages\requests\__init__.py:113: RequestsDependencyWarning: urllib3 (2.6.3) or chardet (7.3.0)/charset_normalizer (3.4.6) doesn't match a supported version!
  warnings.warn(
[url-derived] cluster+telemetry -> /cluster/telemetry
ownership tag: bct1-23102aca
[constraint quote] timeout default 60, minimum 1 (OpenAPI corroboration: {type: integer, minimum: 1, default: 60})
[matrix note] no documented maximum in any source -> max-closure legs N/A (annotated, not fabricated)
[timeout omitted (default-60 form)] params=None status=500 raw={"status":{"error":"Service internal error: Could not get telemetry from cluster"},"time":0.003408097}
[healthz attempt 1] status=200 raw=healthz check passed
[timeout=1 (min closure)] params={'timeout': 1} status=500 raw={"status":{"error":"Service internal error: Could not get telemetry from cluster"},"time":0.000267159}
[healthz attempt 1] status=200 raw=healthz check passed
[timeout=2 (min+1)] params={'timeout': 2} status=500 raw={"status":{"error":"Service internal error: Could not get telemetry from cluster"},"time":0.000200659}
[healthz attempt 1] status=200 raw=healthz check passed
[timeout=60 (documented default value)] params={'timeout': 60} status=500 raw={"status":{"error":"Service internal error: Could not get telemetry from cluster"},"time":0.000207684}
[healthz attempt 1] status=200 raw=healthz check passed
[timeout=0 (min-1)] params={'timeout': 0} status=422 raw={"status":{"error":"Validation error in query parameters: [timeout: value 0 invalid, must be 1 or larger]"},"time":0.0}
[conform] 'timeout=0 (min-1)' rejected with 422
[timeout=-1] params={'timeout': -1} status=400 raw={"status":{"error":"Deserialize error in query parameters: invalid digit found in string"},"time":0.0}
[conform] 'timeout=-1' rejected with 400
[timeout=-100] params={'timeout': -100} status=400 raw={"status":{"error":"Deserialize error in query parameters: invalid digit found in string"},"time":0.0}
[conform] 'timeout=-100' rejected with 400
VERDICT: DEFECT_FOUND (Type3_RuntimeFailure: 'timeout omitted (default-60 form)' got 500 with /healthz alive; body: {"status":{"error":"Service internal error: Could not get telemetry from cluster"},"time":0.003408097})
