<HOME>\AppData\Local\Programs\Python\Python312\Lib\site-packages\requests\__init__.py:113: RequestsDependencyWarning: urllib3 (2.6.3) or chardet (7.3.0)/charset_normalizer (3.4.6) doesn't match a supported version!
  warnings.warn(
[PATHS] registration check: ['count', 'get_points_by_ids', 'query', 'upsert_points']
[cfg] TESTVDB_CONCURRENT_THREADS=10 -> writers=3 readers=7
[seed upsert 8] status=200 raw={"result":{"operation_id":1,"status":"completed"},"status":"ok","time":0.002983096}
[race] finished in 0.3s; non-200 events: 0
[Q1 count] status=200 raw={"result":{"count":8},"status":"ok","time":0.000236849}
[Q1] OK: count == 8
[Q2 batch-get] status=200 raw={"result":[{"id":100,"vector":[0.0,1.0,0.0,0.0]},{"id":101,"vector":[0.04993762,0.99875236,0.0,0.0]},{"id":102,"vector":[0.09950372,0.99503714,0.0,0.0]},{"id":103,"vector":[0.14834046,0.98893636,0.0,0
[Q2] id 100: stored == variant B (cosA=0.000000 cosB=1.000000)
[Q3] id 100: by-id top3=[101, 102, 103] direct top3=[101, 102, 103]
[Q2] id 101: stored == variant B (cosA=0.099751 cosB=1.000000)
[Q3] id 101: by-id top3=[102, 100, 103] direct top3=[102, 100, 103]
[Q2] id 102: stored == variant B (cosA=0.198020 cosB=1.000000)
[Q3] id 102: by-id top3=[103, 101, 104] direct top3=[103, 101, 104]
[Q2] id 103: stored == variant B (cosA=0.293399 cosB=1.000000)
[Q3] id 103: by-id top3=[104, 102, 105] direct top3=[104, 102, 105]
[Q2] id 104: stored == variant B (cosA=0.384615 cosB=1.000000)
[Q3] id 104: by-id top3=[105, 103, 106] direct top3=[105, 103, 106]
[Q2] id 105: stored == variant B (cosA=0.470588 cosB=1.000000)
[Q3] id 105: by-id top3=[106, 104, 107] direct top3=[106, 104, 107]
[Q2] id 106: stored == variant B (cosA=0.550459 cosB=1.000000)
[Q3] id 106: by-id top3=[107, 105, 104] direct top3=[107, 105, 104]
[Q2] id 107: stored == variant B (cosA=0.623608 cosB=1.000000)
[Q3] id 107: by-id top3=[106, 105, 104] direct top3=[106, 105, 104]
VERDICT: NO_DEFECT
