<HOME>\AppData\Local\Programs\Python\Python312\Lib\site-packages\requests\__init__.py:113: RequestsDependencyWarning: urllib3 (2.6.3) or chardet (7.3.0)/charset_normalizer (3.4.6) doesn't match a supported version!
  warnings.warn(

G valid single-entry batch -> status=200
raw: {"result":[[{"id":2,"version":1,"score":0.75},{"id":7,"version":1,"score":0.75},{"id":5,"version":1,"score":0.75}]],"status":"ok","time":0.000317858}
G valid single-entry batch: 200, outer len=1, inner len=3 (batch channel live)

W1 wrapper missing -> status=400
raw: {"status":{"error":"Format error in JSON body: missing field `searches` at line 1 column 2"},"time":0.0}
W1 wrapper missing: 400 clean rejection; diagnostics name the wrapper construct

W2 wrapper null -> status=400
raw: {"status":{"error":"Format error in JSON body: invalid type: null, expected a sequence at line 1 column 17"},"time":0.0}
W2 wrapper null: 400 clean rejection; NOTE (strategy5): rejection text names no wrapper-family token — diagnostics gap recorded for the judge

W3 wrapper as OBJECT -> status=400
raw: {"status":{"error":"Format error in JSON body: invalid type: map, expected a sequence at line 1 column 13"},"time":0.0}
W3 wrapper as OBJECT: 400 clean rejection; NOTE (strategy5): rejection text names no wrapper-family token — diagnostics gap recorded for the judge

W4 wrapper as STRING -> status=400
raw: {"status":{"error":"Format error in JSON body: invalid type: string \"text\", expected a sequence at line 1 column 19"},"time":0.0}
W4 wrapper as STRING: 400 clean rejection; NOTE (strategy5): rejection text names no wrapper-family token — diagnostics gap recorded for the judge

W5 wrapper as NUMBER -> status=400
raw: {"status":{"error":"Format error in JSON body: invalid type: integer `42`, expected a sequence at line 1 column 15"},"time":0.0}
W5 wrapper as NUMBER: 400 clean rejection; NOTE (strategy5): rejection text names no wrapper-family token — diagnostics gap recorded for the judge

W6 null ENTRY -> status=400
raw: {"status":{"error":"Format error in JSON body: invalid type: null, expected struct DiscoverRequest at line 1 column 18"},"time":0.0}
W6 null ENTRY: 400 clean rejection; diagnostics name the wrapper construct

W7 array-shaped ENTRY -> status=400
raw: {"status":{"error":"Format error in JSON body: invalid type: sequence, expected struct DiscoverRequest at line 1 column 14"},"time":0.0}
W7 array-shaped ENTRY: 400 clean rejection; diagnostics name the wrapper construct

W8 empty wrapper [] -> status=200
raw: {"result":[],"status":"ok","time":2.874e-6}
W8 empty wrapper []: judge-call face — 200 with result==[] (empty-batch semantics); recorded for the judge
VERDICT: NO_DEFECT
