<HOME>\AppData\Local\Programs\Python\Python312\Lib\site-packages\requests\__init__.py:113: RequestsDependencyWarning: urllib3 (2.6.3) or chardet (7.3.0)/charset_normalizer (3.4.6) doesn't match a supported version!
  warnings.warn(
plan: switches=12 readers=8 discriminators A=3 B=7
[seed sau3_1788365150_36380_colA x3] status=200 raw={"result":{"operation_id":1,"status":"completed"},"status":"ok","time":0.007680167}
[seed sau3_1788365150_36380_colB x7] status=200 raw={"result":{"operation_id":1,"status":"completed"},"status":"ok","time":0.004441529}
[create sau3_1788365150_36380_live->sau3_1788365150_36380_colA] status=200 raw={"result":true,"status":"ok","time":0.01582448}
[pre-race control via sau3_1788365150_36380_live] status=200 count=3
[reader3] finished after 28 reads
[reader2] finished after 28 reads
[reader0] finished after 29 reads
[reader5] finished after 28 reads
[reader1] finished after 27 reads
[reader4] finished after 28 reads
[reader7] finished after 30 reads
[reader6] finished after 29 reads
switch failures: 0/12; expected final target sau3_1788365150_36380_colA
[post-race targets alive] A=True B=True
[post-race control via sau3_1788365150_36380_live] status=200 count=3
post-race OK: sau3_1788365150_36380_live -> sau3_1788365150_36380_colA (count=3)
VERDICT: NO_DEFECT
