<HOME>\AppData\Local\Programs\Python\Python312\Lib\site-packages\requests\__init__.py:113: RequestsDependencyWarning: urllib3 (2.6.3) or chardet (7.3.0)/charset_normalizer (3.4.6) doesn't match a supported version!
  warnings.warn(
setup payload index on 'grp': status=200 (best-effort, non-fatal)

leg MF1 truncated JSON -> status=400
raw: {"status":{"error":"Format error in JSON body: EOF while parsing an object at line 1 column 80"},"time":0.0}
leg MF1 truncated JSON OK: clean 400 rejection of the unparseable body

leg MF2 trailing comma -> status=400
raw: {"status":{"error":"Format error in JSON body: trailing comma at line 1 column 82"},"time":0.0}
leg MF2 trailing comma OK: clean 400 rejection of the unparseable body

leg MF3 single quotes -> status=400
raw: {"status":{"error":"Format error in JSON body: key must be a string at line 1 column 2"},"time":0.0}
leg MF3 single quotes OK: clean 400 rejection of the unparseable body

leg MF4 comment injection -> status=400
raw: {"status":{"error":"Format error in JSON body: key must be a string at line 1 column 21"},"time":0.0}
leg MF4 comment injection OK: clean 400 rejection of the unparseable body

leg MF5 lone surrogate escape -> status=400
raw: {"status":{"error":"Format error in JSON body: unexpected end of hex escape at line 1 column 22"},"time":0.0}
leg MF5 lone surrogate escape OK: clean 400 rejection of the unparseable body

leg MF6 bare NUL byte -> status=400
raw: {"status":{"error":"Format error in JSON body: control character (\\u0000-\\u001F) found while parsing a string at line 1 column 16"},"time":0.0}
leg MF6 bare NUL byte OK: clean 400 rejection of the unparseable body
VERDICT: NO_DEFECT
