<HOME>\AppData\Local\Programs\Python\Python312\Lib\site-packages\requests\__init__.py:113: RequestsDependencyWarning: urllib3 (2.6.3) or chardet (7.3.0)/charset_normalizer (3.4.6) doesn't match a supported version!
  warnings.warn(
[path derivation] create_collection = /collections/{name} (raw_knowledge api_endpoints[collections+create].url = /collections/{collection_name})
[pre-probe] /healthz status=200 raw=healthz check passed
[control] setup_default create OK (deployment healthy)
[create scc04_1788388163_ok_auto] status=200 raw={"result":true,"status":"ok","time":0.209630934}
[describe scc04_1788388163_ok_auto] status=200 raw={"result":{"status":"green","optimizer_status":"ok","indexed_vectors_count":0,"points_count":0,"segments_count":8,"config":{"params":{"vectors":{"size":4,"distance":"Cosine"},"shard_number":1,"sharding_method":"auto","replication_factor":1,"write_consistency_factor":1,"on_disk_payload":true},"hnsw_c
[sharding_method auto] persisted echo = 'auto'
[create scc04_1788388163_ok_custom] status=200 raw={"result":true,"status":"ok","time":0.029560616}
[describe scc04_1788388163_ok_custom] status=200 raw={"result":{"status":"green","optimizer_status":"ok","indexed_vectors_count":0,"points_count":0,"segments_count":0,"config":{"params":{"vectors":{"size":4,"distance":"Cosine"},"shard_number":2,"sharding_method":"custom","replication_factor":1,"write_consistency_factor":1,"on_disk_payload":true},"hnsw
[sharding_method custom] accepted; persisted echo = 'custom'
[sharding_method custom] accepted on this deployment (in-enum member; disposition recorded)
[create scc04_1788388163_bad_hash_slot] status=400 raw={"status":{"error":"Format error in JSON body: unknown variant `hash_slot`, expected `auto` or `custom` at line 1 column 77"},"time":0.0}
[hash_slot] cleanly rejected with 400
[create scc04_1788388163_bad_upper] status=400 raw={"status":{"error":"Format error in JSON body: unknown variant `CUSTOM`, expected `auto` or `custom` at line 1 column 74"},"time":0.0}
[upper] cleanly rejected with 400
[create scc04_1788388163_bad_int] status=400 raw={"status":{"error":"Format error in JSON body: expected value at line 1 column 67"},"time":0.0}
[int] cleanly rejected with 400
[summary] 'auto' accepted + echoed; 'custom' dual-disposition recorded; 'hash_slot'/'CUSTOM'/1 all refused - ShardingMethod enum domain holds per qdrant_type_collections_create_003
VERDICT: NO_DEFECT
