<HOME>\AppData\Local\Programs\Python\Python312\Lib\site-packages\requests\__init__.py:113: RequestsDependencyWarning: urllib3 (2.6.3) or chardet (7.3.0)/charset_normalizer (3.4.6) doesn't match a supported version!
  warnings.warn(
[url-derived] cluster+telemetry -> /cluster/telemetry
ownership tag: bct2-b1fc9fc5
[constraint quote] timeout default 60, minimum 1 — parameter typing per OpenAPI {type: integer, minimum: 1, default: 60}
[class-A timeout='abc'] status=400 raw={"status":{"error":"Deserialize error in query parameters: invalid digit found in string"},"time":0.0}
[conform] timeout='abc' rejected with 400
[class-A timeout=''] status=400 raw={"status":{"error":"Deserialize error in query parameters: cannot parse integer from empty string"},"time":0.0}
[conform] timeout='' rejected with 400
[class-A timeout='1.5'] status=400 raw={"status":{"error":"Deserialize error in query parameters: invalid digit found in string"},"time":0.0}
[conform] timeout='1.5' rejected with 400
[class-A timeout='true'] status=400 raw={"status":{"error":"Deserialize error in query parameters: invalid digit found in string"},"time":0.0}
[conform] timeout='true' rejected with 400
[class-A timeout='1e3'] status=400 raw={"status":{"error":"Deserialize error in query parameters: invalid digit found in string"},"time":0.0}
[conform] timeout='1e3' rejected with 400
[class-A timeout=' 1'] status=400 raw={"status":{"error":"Deserialize error in query parameters: invalid digit found in string"},"time":0.0}
[conform] timeout=' 1' rejected with 400
[class-A timeout='0x10'] status=400 raw={"status":{"error":"Deserialize error in query parameters: invalid digit found in string"},"time":0.0}
[conform] timeout='0x10' rejected with 400
[class-B timeout='+1'] status=500 raw={"status":{"error":"Service internal error: Could not get telemetry from cluster"},"time":0.000209122}
[healthz attempt 1] status=200 raw=healthz check passed
VERDICT: DEFECT_FOUND (Type3_RuntimeFailure: class-B '+1' got 500 with /healthz alive; body: {"status":{"error":"Service internal error: Could not get telemetry from cluster"},"time":0.000209122})
