<HOME>\AppData\Local\Programs\Python\Python312\Lib\site-packages\requests\__init__.py:113: RequestsDependencyWarning: urllib3 (2.6.3) or chardet (7.3.0)/charset_normalizer (3.4.6) doesn't match a supported version!
  warnings.warn(
[setup index] status=200 raw={"result":{"operation_id":2,"status":"completed"},"status":"ok","time":0.501696521}
[setup upsert] status=200 raw={"result":{"operation_id":3,"status":"completed"},"status":"ok","time":0.017145834}
[P1 min-limit] facet limit=1 status=200 raw={"result":{"hits":[{"value":"t0","count":2}]},"status":"ok","time":0.000404339}
[P1 min-limit] OK: 200 with 1 hits (graceful completion)
[P2] facet limit=1000000 status=200 raw={"result":{"hits":[{"value":"t0","count":2},{"value":"t1","count":2},{"value":"t10","count":2},{"value":"t100","count":2},{"value":"t101","count":2},{"value":"t102","count":2},{"value":"t103","count":2},{"value":"t104","count":2},{"value":"t105","count":2},{"v
[P2] OK: 200 with 500 hits (graceful completion)
[P2] facet limit=1000000000000 status=200 raw={"result":{"hits":[{"value":"t0","count":2},{"value":"t1","count":2},{"value":"t10","count":2},{"value":"t100","count":2},{"value":"t101","count":2},{"value":"t102","count":2},{"value":"t103","count":2},{"value":"t104","count":2},{"value":"t105","count":2},{"v
[P2] OK: 200 with 500 hits (graceful completion)
[P2] facet limit=9000000000000000000 status=200 raw={"result":{"hits":[{"value":"t0","count":2},{"value":"t1","count":2},{"value":"t10","count":2},{"value":"t100","count":2},{"value":"t101","count":2},{"value":"t102","count":2},{"value":"t103","count":2},{"value":"t104","count":2},{"value":"t105","count":2},{"v
[P2] OK: 200 with 500 hits (graceful completion)
[P3-rep1] facet limit=9000000000000000000 status=200 raw={"result":{"hits":[{"value":"t0","count":2},{"value":"t1","count":2},{"value":"t10","count":2},{"value":"t100","count":2},{"value":"t101","count":2},{"value":"t102","count":2},{"value":"t103","count":2},{"value":"t104","count":2},{"value":"t105","count":2},{"v
[P3-rep1] OK: 200 with 500 hits (graceful completion)
[P3-rep2] facet limit=9000000000000000000 status=200 raw={"result":{"hits":[{"value":"t0","count":2},{"value":"t1","count":2},{"value":"t10","count":2},{"value":"t100","count":2},{"value":"t101","count":2},{"value":"t102","count":2},{"value":"t103","count":2},{"value":"t104","count":2},{"value":"t105","count":2},{"v
[P3-rep2] OK: 200 with 500 hits (graceful completion)
[P3-rep3] facet limit=9000000000000000000 status=200 raw={"result":{"hits":[{"value":"t0","count":2},{"value":"t1","count":2},{"value":"t10","count":2},{"value":"t100","count":2},{"value":"t101","count":2},{"value":"t102","count":2},{"value":"t103","count":2},{"value":"t104","count":2},{"value":"t105","count":2},{"v
[P3-rep3] OK: 200 with 500 hits (graceful completion)
[P4 control facet] status=200 raw={"result":{"hits":[{"value":"t0","count":2},{"value":"t1","count":2},{"value":"t10","count":2},{"value":"t100","count":2},{"value":"t101","count":2},{"value":"t102","count":2},{"value":"t103","count":2},{"value":"t104","
[P4 control count] status=200 raw={"result":{"count":1000},"status":"ok","time":0.000827687}
[P4] OK: control facet 10 hits and count 1000 after extremes
VERDICT: NO_DEFECT
