<HOME>\AppData\Local\Programs\Python\Python312\Lib\site-packages\requests\__init__.py:113: RequestsDependencyWarning: urllib3 (2.6.3) or chardet (7.3.0)/charset_normalizer (3.4.6) doesn't match a supported version!
  warnings.warn(
[PATHS] registration check: ['batch_update', 'get_points_by_ids']
[R1-submit-1 batch 1 ops] status=200 raw={"result":[{"operation_id":1,"status":"completed"}],"status":"ok","time":0.003803942}
[R1-1 count] status=200 raw={"result":{"count":2},"status":"ok","time":0.000324682}
[R1-submit-2 batch 1 ops] status=200 raw={"result":[{"operation_id":2,"status":"completed"}],"status":"ok","time":0.003363629}
[R1-2 count] status=200 raw={"result":{"count":2},"status":"ok","time":0.000713592}
[R1-submit-3 batch 1 ops] status=200 raw={"result":[{"operation_id":3,"status":"completed"}],"status":"ok","time":0.004686406}
[R1-3 count] status=200 raw={"result":{"count":2},"status":"ok","time":0.000191373}
[R1-submit-4 batch 1 ops] status=200 raw={"result":[{"operation_id":4,"status":"completed"}],"status":"ok","time":0.00417996}
[R1-4 count] status=200 raw={"result":{"count":2},"status":"ok","time":0.000177801}
[R1 get 2 ids] status=200 raw={"result":[{"id":71,"payload":{"round":"a"}},{"id":72,"payload":{"round":"a"}}],"status":"ok","time":0.000123785}
[R2 batch 2 ops] status=200 raw={"result":[{"operation_id":5,"status":"completed"},{"operation_id":6,"status":"completed"}],"status":"ok","time":0.010421505}
[R2 count] status=200 raw={"result":{"count":3},"status":"ok","time":0.000135565}
[R2 get 1 ids] status=200 raw={"result":[{"id":77,"payload":{"try":2}}],"status":"ok","time":0.000204417}
[R3 batch 2 ops] status=200 raw={"result":[{"operation_id":7,"status":"completed"},{"operation_id":8,"status":"completed"}],"status":"ok","time":0.007902084}
[R3 count] status=200 raw={"result":{"count":2},"status":"ok","time":0.000250081}
[R3 get deleted 71] status=404 raw={"status":{"error":"Not found: Point with id 71 does not exists!"},"time":0.000162289}
[R3 get 2 ids] status=200 raw={"result":[{"id":72,"payload":{"round":"a"}},{"id":77,"payload":{"try":2}}],"status":"ok","time":0.000086807}
VERDICT: NO_DEFECT
