<HOME>\AppData\Local\Programs\Python\Python312\Lib\site-packages\requests\__init__.py:113: RequestsDependencyWarning: urllib3 (2.6.3) or chardet (7.3.0)/charset_normalizer (3.4.6) doesn't match a supported version!
  warnings.warn(
[setup index] status=200 raw={"result":{"operation_id":2,"status":"completed"},"status":"ok","time":0.490139247}
[seed upsert] status=200 raw={"result":{"operation_id":3,"status":"completed"},"status":"ok","time":0.003733518}
[seed facet] status=200 raw={"result":{"hits":[{"value":"B","count":3},{"value":"A","count":2}]},"status":"ok","time":0.000453061}
[seed count-face] status=200 raw={"result":{"count":5},"status":"ok","time":0.00013528}
[seed] OK: counts {'A': 2, 'B': 3}
[L1 upsert] status=200 raw={"result":{"operation_id":4,"status":"completed"},"status":"ok","time":0.005638478}
[L1 idempotent facet] status=200 raw={"result":{"hits":[{"value":"B","count":3},{"value":"A","count":2}]},"status":"ok","time":0.000637567}
[L1 idempotent count-face] status=200 raw={"result":{"count":5},"status":"ok","time":0.000298903}
[L1 idempotent] OK: counts {'A': 2, 'B': 3}
[L2 upsert] status=200 raw={"result":{"operation_id":5,"status":"completed"},"status":"ok","time":0.004999762}
[L2 overwrite facet] status=200 raw={"result":{"hits":[{"value":"A","count":3},{"value":"B","count":2}]},"status":"ok","time":0.001051215}
[L2 overwrite count-face] status=200 raw={"result":{"count":5},"status":"ok","time":0.000133351}
[L2 overwrite] OK: counts {'A': 3, 'B': 2}
[L3 upsert] status=200 raw={"result":{"operation_id":6,"status":"completed"},"status":"ok","time":0.003827948}
[L3 new-value facet] status=200 raw={"result":{"hits":[{"value":"A","count":2},{"value":"B","count":2},{"value":"C","count":1}]},"status":"ok","time":0.000458301}
[L3 new-value count-face] status=200 raw={"result":{"count":5},"status":"ok","time":0.000137913}
[L3 new-value] OK: counts {'A': 2, 'B': 2, 'C': 1}
[L4 upsert] status=200 raw={"result":{"operation_id":7,"status":"completed"},"status":"ok","time":0.00400678}
[L4 key-absent facet] status=200 raw={"result":{"hits":[{"value":"A","count":2},{"value":"B","count":2},{"value":"C","count":1}]},"status":"ok","time":0.000494873}
[L4 key-absent count-face] status=200 raw={"result":{"count":6},"status":"ok","time":0.000271786}
[L4 key-absent] OK: counts {'A': 2, 'B': 2, 'C': 1}
VERDICT: NO_DEFECT
