<HOME>\AppData\Local\Programs\Python\Python312\Lib\site-packages\requests\__init__.py:113: RequestsDependencyWarning: urllib3 (2.6.3) or chardet (7.3.0)/charset_normalizer (3.4.6) doesn't match a supported version!
  warnings.warn(
[path derivation] drop_collection = /collections/{name} (raw_knowledge api_endpoints[collections+delete].url); collection_exists = /collections/{collection_name}/exists (api_endpoints[collections+exists].url); list_collections = /collections (api_endpoints[collections+list].url)
ownership prefix: scd038c9c22
[pre-probe] /healthz status=200 raw=healthz check passed
[create scd038c9c22_inv] status=200 raw={"result":true,"status":"ok","time":0.245395646}
[pre list] status=200 name_present=True raw={"result":{"collections":[{"name":"bcc139b6a8bp2"},{"name":"bcc139bc7c6p2"},{"name":"scc024_1788393554_legal_1"},{"name":"scc024_1788393554_legal_8"},{"name":"s
[pre get] status=200 config_is_object=True raw={"result":{"status":"green","optimizer_status":"ok","indexed_vectors_count":0,"points_count":0,"segments_count":8,"config":{"params":{"vectors":{"size":4,"dista
[pre exists] status=200 result.exists=True raw={"result":{"exists":true},"status":"ok","time":5.71e-6}
[delete scd038c9c22_inv ?timeout=10] status=200 raw={"result":true,"status":"ok","time":0.009888471}
[post-t0 list] status=200 name_present=False raw={"result":{"collections":[{"name":"bcc139b6a8bp2"},{"name":"bcc139bc7c6p2"},{"name":"scc024_1788393554_legal_1"},{"name":"scc024_1788393554_legal_8"},{"name":"s
[post-t0 get] status=404 config_is_object=False raw={"status":{"error":"Not found: Collection `scd038c9c22_inv` doesn't exist!"},"time":5.549e-6}
[post-t0 exists] status=200 result.exists=False raw={"result":{"exists":false},"status":"ok","time":3.078e-6}
[conform] post-t0 exists: 200 with result.exists=false
[post-settle list] status=200 name_present=False raw={"result":{"collections":[{"name":"bcc139b6a8bp2"},{"name":"bcc139bc7c6p2"},{"name":"scc024_1788393554_legal_1"},{"name":"scc024_1788393554_legal_8"},{"name":"s
[post-settle get] status=404 config_is_object=False raw={"status":{"error":"Not found: Collection `scd038c9c22_inv` doesn't exist!"},"time":6.111e-6}
[post-settle exists] status=200 result.exists=False raw={"result":{"exists":false},"status":"ok","time":5.154e-6}
[conform] post-settle exists: 200 with result.exists=false
[summary] deleted collection invisible on list/get/exists at both t0 and settled samplings per qdrant_bc_delete_invisibility_001
OK: after a 200 delete the collection disappeared from the list, GET returns 404 and exists reports result.exists=false (sampled at t0 and after settle)
VERDICT: NO_DEFECT
