<HOME>\AppData\Local\Programs\Python\Python312\Lib\site-packages\requests\__init__.py:113: RequestsDependencyWarning: urllib3 (2.6.3) or chardet (7.3.0)/charset_normalizer (3.4.6) doesn't match a supported version!
  warnings.warn(
[T1 upsert x5] status=200 raw={"result":{"operation_id":1,"status":"completed"},"status":"ok","time":0.005474886}
[T1 count] status=200 raw={"result":{"count":5},"status":"ok","time":0.00018839}
[T1] OK: exact count == 5
[T2 upsert x5] status=200 raw={"result":{"operation_id":2,"status":"completed"},"status":"ok","time":0.004537798}
[T2 count] status=200 raw={"result":{"count":5},"status":"ok","time":0.000174991}
[T2] OK: exact count == 5
[T3 upsert x3] status=200 raw={"result":{"operation_id":3,"status":"completed"},"status":"ok","time":0.00575832}
[T3 count] status=200 raw={"result":{"count":8},"status":"ok","time":0.000233578}
[T3] OK: exact count == 8
[T4 upsert x5] status=200 raw={"result":{"operation_id":4,"status":"completed"},"status":"ok","time":0.003436251}
[T4 count] status=200 raw={"result":{"count":8},"status":"ok","time":0.00010262}
[T4 red count filtered] status=200 raw={"result":{"count":3},"status":"ok","time":0.000139048}
[T4 blue count filtered] status=200 raw={"result":{"count":5},"status":"ok","time":0.000240244}
[T4 whole] OK: exact count == 8
[T4 red] OK: exact count == 3
[T4 blue] OK: exact count == 5
[T5 delete 5,6,7] status=200 raw={"result":{"operation_id":5,"status":"completed"},"status":"ok","time":0.005283677}
[T5 count] status=200 raw={"result":{"count":5},"status":"ok","time":0.000107553}
[T5] OK: exact count == 5
[T5 red count filtered] status=200 raw={"result":{"count":3},"status":"ok","time":0.000185273}
[T5 blue count filtered] status=200 raw={"result":{"count":2},"status":"ok","time":0.000106945}
[T5 red] OK: exact count == 3
[T5 blue] OK: exact count == 2
VERDICT: NO_DEFECT
