<HOME>\AppData\Local\Programs\Python\Python312\Lib\site-packages\requests\__init__.py:113: RequestsDependencyWarning: urllib3 (2.6.3) or chardet (7.3.0)/charset_normalizer (3.4.6) doesn't match a supported version!
  warnings.warn(
setup create b4cex_base_1788401976: status=200
setup raw: {"result":true,"status":"ok","time":0.323143341}
GET exists [unicode name] name='b4cex_中文🎯_1788401976' -> status=200
raw: {"result":{"exists":false},"status":"ok","time":0.000041219}
OK: unicode name -> 200 with result.exists == False (bool)
GET exists [SQL-injection name] name="'; DROP TABLE collections;--" -> status=200
raw: {"result":{"exists":false},"status":"ok","time":0.000014276}
OK: SQL-injection name -> 200 with result.exists == False (bool)
GET exists [JSON-injection name] name='{"$gt": ""}' -> status=200
raw: {"result":{"exists":false},"status":"ok","time":0.000028411}
OK: JSON-injection name -> 200 with result.exists == False (bool)
GET exists [RTL-bidi name] name='coll\u202eevil_1788401976' -> status=200
raw: {"result":{"exists":false},"status":"ok","time":0.000014926}
OK: RTL-bidi name -> 200 with result.exists == False (bool)
GET exists [percent-encoded NUL probe] name='b4cex_base_1788401976%00suffix' -> status=422
raw: {"status":{"error":"Validation error in path parameters: [collection_name: collection name cannot contain \"\u0000\" char]"},"time":0.0}
OK: percent-encoded NUL probe rejected with 4xx (422) - clean validation behavior
VERDICT: NO_DEFECT
