<HOME>\AppData\Local\Programs\Python\Python312\Lib\site-packages\requests\__init__.py:113: RequestsDependencyWarning: urllib3 (2.6.3) or chardet (7.3.0)/charset_normalizer (3.4.6) doesn't match a supported version!
  warnings.warn(
[path derivation] metrics = /metrics (rt.PATHS == raw_knowledge api_endpoints[metrics].url)
[boundary_metrics_003] run_token=1788452591_23280 base=http://127.0.0.1:6333
[P0 bare] status=200 bytes=66649 head='# HELP app_info information about qdrant server\n# TYPE app_info gauge\napp_info{name="qdrant",version="1.18.0"} 1\n# HELP app_status_recovery_mode features enabled in qdrant server\n# TYPE app_status_rec'
[P0 bare] prometheus shape: HELP=43 TYPE=43 samples=742
[P1 anonymize=true] status=200 bytes=65568 head='# HELP app_info information about qdrant server\n# TYPE app_info gauge\napp_info{name="qdrant",version="1.18.0"} 1\n# HELP app_status_recovery_mode features enabled in qdrant server\n# TYPE app_status_rec'
[P1 anonymize=true] prometheus shape: HELP=43 TYPE=43 samples=742
[P2 per_collection=false] status=200 bytes=66649 head='# HELP app_info information about qdrant server\n# TYPE app_info gauge\napp_info{name="qdrant",version="1.18.0"} 1\n# HELP app_status_recovery_mode features enabled in qdrant server\n# TYPE app_status_rec'
[P2 per_collection=false] prometheus shape: HELP=43 TYPE=43 samples=742
[N1 anonymize=notaboolean] status=400 bytes=114 head='{"status":{"error":"Deserialize error in query parameters: provided string was not `true` or `false`"},"time":0.0}'
[N1 anonymize=notaboolean] clean rejection (400) — documented boolean type enforced by serde — not a defect
[N2 anonymize=TRUE] status=400 bytes=114 head='{"status":{"error":"Deserialize error in query parameters: provided string was not `true` or `false`"},"time":0.0}'
[N2 anonymize=TRUE] clean rejection (400) — documented boolean type enforced by serde — not a defect
[N3 anonymize=1] status=400 bytes=114 head='{"status":{"error":"Deserialize error in query parameters: provided string was not `true` or `false`"},"time":0.0}'
[N3 anonymize=1] clean rejection (400) — documented boolean type enforced by serde — not a defect
[N4 anonymize=yes] status=400 bytes=114 head='{"status":{"error":"Deserialize error in query parameters: provided string was not `true` or `false`"},"time":0.0}'
[N4 anonymize=yes] clean rejection (400) — documented boolean type enforced by serde — not a defect
[N5 per_collection=2] status=400 bytes=114 head='{"status":{"error":"Deserialize error in query parameters: provided string was not `true` or `false`"},"time":0.0}'
[N5 per_collection=2] clean rejection (400) — documented boolean type enforced by serde — not a defect
[N6 per_collection=0] status=400 bytes=114 head='{"status":{"error":"Deserialize error in query parameters: provided string was not `true` or `false`"},"time":0.0}'
[N6 per_collection=0] clean rejection (400) — documented boolean type enforced by serde — not a defect
[N7 per_collection=maybe] status=400 bytes=114 head='{"status":{"error":"Deserialize error in query parameters: provided string was not `true` or `false`"},"time":0.0}'
[N7 per_collection=maybe] clean rejection (400) — documented boolean type enforced by serde — not a defect
[N8 per_collection=null] status=400 bytes=114 head='{"status":{"error":"Deserialize error in query parameters: provided string was not `true` or `false`"},"time":0.0}'
[N8 per_collection=null] clean rejection (400) — documented boolean type enforced by serde — not a defect
[N9 timeout=abc] status=400 bytes=102 head='{"status":{"error":"Deserialize error in query parameters: invalid digit found in string"},"time":0.0}'
[N9 timeout=abc] clean rejection (400) — documented integer type enforced — not a defect
[N10 timeout=1.5] status=400 bytes=102 head='{"status":{"error":"Deserialize error in query parameters: invalid digit found in string"},"time":0.0}'
[N10 timeout=1.5] clean rejection (400) — documented integer type enforced — not a defect
[N11 timeout=true] status=400 bytes=102 head='{"status":{"error":"Deserialize error in query parameters: invalid digit found in string"},"time":0.0}'
[N11 timeout=true] clean rejection (400) — documented integer type enforced — not a defect
[N12 api-key as query param] status=200 bytes=66649 head='# HELP app_info information about qdrant server\n# TYPE app_info gauge\napp_info{name="qdrant",version="1.18.0"} 1\n# HELP app_status_recovery_mode features enabled in qdrant server\n# TYPE app_status_rec'
[post-matrix bare] status=200 bytes=66649 head='# HELP app_info information about qdrant server\n# TYPE app_info gauge\napp_info{name="qdrant",version="1.18.0"} 1\n# HELP app_status_recovery_mode features enabled in qdrant server\n# TYPE app_status_rec'
NOTE: [N12 api-key as query param] answered 200 with a bogus key as a query param — either no api-key auth is configured on this container (expected per round reflection) or the param is ignored where a header was documented; deployment-config dependent, not claimable
metrics type-confusion matrix: positive controls kept the 200/Prometheus promise, every strictly-typed boolean confusion leg was cleanly rejected (or claimed where accepted), integer/position legs recorded with provenance caveats, face healthy afterwards — NO_DEFECT
[cleanup probe healthz] status=200
VERDICT: NO_DEFECT
