<HOME>\AppData\Local\Programs\Python\Python312\Lib\site-packages\requests\__init__.py:113: RequestsDependencyWarning: urllib3 (2.6.3) or chardet (7.3.0)/charset_normalizer (3.4.6) doesn't match a supported version!
  warnings.warn(
[PATHS] registration check: ['payload_delete', 'payload_set']
[A upsert] status=200 raw={"result":{"operation_id":1,"status":"completed"},"status":"ok","time":0.0051651}
[A baseline get_point] status=200 raw={"result":{"id":10,"payload":{"a":1,"b":"x","c":true},"vector":[0.18257418,0.36514837,0.5477225,0.73029673]},"status":"ok","time":0.000172554}
[A count count] status=200 raw={"result":{"count":1},"status":"ok","time":0.000203045}
[D1 delete keys=['a']] status=200 raw={"result":{"operation_id":2,"status":"completed"},"status":"ok","time":0.005341059}
[D1 get_point] status=200 raw={"result":{"id":10,"payload":{"c":true,"b":"x"},"vector":[0.18257418,0.36514837,0.5477225,0.73029673]},"status":"ok","time":0.000117566}
[D1] OK: payload == {'c': True, 'b': 'x'}
[D1 count count] status=200 raw={"result":{"count":1},"status":"ok","time":0.000086185}
[D2 delete keys=['a']] status=200 raw={"result":{"operation_id":3,"status":"completed"},"status":"ok","time":0.002992137}
[D2 get_point] status=200 raw={"result":{"id":10,"payload":{"c":true,"b":"x"},"vector":[0.18257418,0.36514837,0.5477225,0.73029673]},"status":"ok","time":0.000110384}
[D2] OK: payload == {'c': True, 'b': 'x'}
[D2 count count] status=200 raw={"result":{"count":1},"status":"ok","time":0.000088179}
[D3 set a=99,d=new] status=200 raw={"result":{"operation_id":4,"status":"completed"},"status":"ok","time":0.003361401}
[D3 get_point] status=200 raw={"result":{"id":10,"payload":{"c":true,"b":"x","a":99,"d":"new"},"vector":[0.18257418,0.36514837,0.5477225,0.73029673]},"status":"ok","time":0.000127492}
[D3] OK: payload == {'c': True, 'b': 'x', 'a': 99, 'd': 'new'}
[D3 count count] status=200 raw={"result":{"count":1},"status":"ok","time":0.00014198}
[D4 delete keys=['a', 'b']] status=200 raw={"result":{"operation_id":5,"status":"completed"},"status":"ok","time":0.003189148}
[D4 get_point] status=200 raw={"result":{"id":10,"payload":{"c":true,"d":"new"},"vector":[0.18257418,0.36514837,0.5477225,0.73029673]},"status":"ok","time":0.000118331}
[D4] OK: payload == {'c': True, 'd': 'new'}
[D4 count count] status=200 raw={"result":{"count":1},"status":"ok","time":0.00008617}
[D5 delete keys=['c', 'd']] status=200 raw={"result":{"operation_id":6,"status":"completed"},"status":"ok","time":0.003180636}
[D5 get_point] status=200 raw={"result":{"id":10,"payload":{},"vector":[0.18257418,0.36514837,0.5477225,0.73029673]},"status":"ok","time":0.000124767}
[D5] OK: payload == {}
[D5 count count] status=200 raw={"result":{"count":1},"status":"ok","time":0.00009695}
[D6 delete never-existing key] status=200 raw={"result":{"operation_id":7,"status":"completed"},"status":"ok","time":0.002826532} — measured only, NOT adjudicated (SKIPPED: by-design per threat_model — idempotent-delete family over absent targets)
VERDICT: NO_DEFECT
