<HOME>\AppData\Local\Programs\Python\Python312\Lib\site-packages\requests\__init__.py:113: RequestsDependencyWarning: urllib3 (2.6.3) or chardet (7.3.0)/charset_normalizer (3.4.6) doesn't match a supported version!
  warnings.warn(
[PATHS] registration check: ['payload_clear', 'payload_overwrite']
[A upsert 8] status=200 raw={"result":{"operation_id":1,"status":"completed"},"status":"ok","time":0.003902794}
[A baseline scroll] status=200 raw={"result":{"points":[{"id":0,"payload":{"grp":"a","n":0},"vector":[0.2581989,0.2581989,0.5163978,0.77459663]},{"id":1,"payload":{"grp":"a","n":1},"vector":[0.47
[B clear grp=a] status=200 raw={"result":{"operation_id":2,"status":"completed"},"status":"ok","time":0.003700002}
[B readback scroll] status=200 raw={"result":{"points":[{"id":0,"payload":{},"vector":[0.2581989,0.2581989,0.5163978,0.77459663]},{"id":1,"payload":{},"vector":[0.47140455,0.23570228,0.47140455,0
[B count count] status=200 raw={"result":{"count":8},"status":"ok","time":0.00013582}
[D restore readback scroll] status=200 raw={"result":{"points":[{"id":0,"payload":{"grp":"a","n":0},"vector":[0.2581989,0.2581989,0.5163978,0.77459663]},{"id":1,"payload":{"grp":"a","n":1},"vector":[0.47
[D] OK: all payloads restored to original
[E clear n>=6] status=200 raw={"result":{"operation_id":11,"status":"completed"},"status":"ok","time":0.005502995}
[E readback scroll] status=200 raw={"result":{"points":[{"id":0,"payload":{"grp":"a","n":0},"vector":[0.2581989,0.2581989,0.5163978,0.77459663]},{"id":1,"payload":{"grp":"a","n":1},"vector":[0.47
[E count count] status=200 raw={"result":{"count":8},"status":"ok","time":0.000064736}
[F before scroll] status=200 raw={"result":{"points":[{"id":0,"payload":{"grp":"a","n":0},"vector":[0.2581989,0.2581989,0.5163978,0.77459663]},{"id":1,"payload":{"grp":"a","n":1},"vector":[0.47
[F clear grp=zzz] status=200 raw={"result":{"operation_id":12,"status":"completed"},"status":"ok","time":0.003879119}
[F after scroll] status=200 raw={"result":{"points":[{"id":0,"payload":{"grp":"a","n":0},"vector":[0.2581989,0.2581989,0.5163978,0.77459663]},{"id":1,"payload":{"grp":"a","n":1},"vector":[0.47
[F count count] status=200 raw={"result":{"count":8},"status":"ok","time":0.000194161}
[F] OK: no-match clear returned 200 and mutated nothing
DEFECT: (B) point 0 vector changed after payload clear — Type4_StateLogicViolation
DEFECT: (B) point 1 vector changed after payload clear — Type4_StateLogicViolation
DEFECT: (B) point 2 vector changed after payload clear — Type4_StateLogicViolation
DEFECT: (B) point 3 vector changed after payload clear — Type4_StateLogicViolation
DEFECT: (B) point 4 vector changed after payload clear — Type4_StateLogicViolation
DEFECT: (B) point 5 vector changed after payload clear — Type4_StateLogicViolation
DEFECT: (B) point 6 vector changed after payload clear — Type4_StateLogicViolation
DEFECT: (B) point 7 vector changed after payload clear — Type4_StateLogicViolation
DEFECT: (E) point 0 vector changed after payload clear — Type4_StateLogicViolation
DEFECT: (E) point 1 vector changed after payload clear — Type4_StateLogicViolation
DEFECT: (E) point 2 vector changed after payload clear — Type4_StateLogicViolation
DEFECT: (E) point 3 vector changed after payload clear — Type4_StateLogicViolation
DEFECT: (E) point 4 vector changed after payload clear — Type4_StateLogicViolation
DEFECT: (E) point 5 vector changed after payload clear — Type4_StateLogicViolation
DEFECT: (E) point 6 vector changed after payload clear — Type4_StateLogicViolation
DEFECT: (E) point 7 vector changed after payload clear — Type4_StateLogicViolation
VERDICT: DEFECT_FOUND
