<HOME>\AppData\Local\Programs\Python\Python312\Lib\site-packages\requests\__init__.py:113: RequestsDependencyWarning: urllib3 (2.6.3) or chardet (7.3.0)/charset_normalizer (3.4.6) doesn't match a supported version!
  warnings.warn(
setup create b1cl4mf9b6a26b: status=200
setup raw: {"result":true,"status":"ok","time":0.266107788}
control GET /collections -> status=200
control raw (first 300 chars): {"result":{"collections":[{"name":"b1cl4mf9b6a26b"},{"name":"bcc139b6a8bp2"},{"name":"bcc139bc7c6p2"},{"name":"scc024_1788393554_legal_1"},{"name":"scc024_1788393554_legal_8"},{"name":"scc2a_1788393513_35968_shmin"}]},"status":"ok","time":0.000051439}
OK: control GET served with intact envelope
probe [raw truncated-JSON body] -> status=200
probe [raw truncated-JSON body] raw (first 300 chars): {"result":{"collections":[{"name":"b1cl4mf9b6a26b"},{"name":"bcc139b6a8bp2"},{"name":"bcc139bc7c6p2"},{"name":"scc024_1788393554_legal_1"},{"name":"scc024_1788393554_legal_8"},{"name":"scc2a_1788393513_35968_shmin"}]},"status":"ok","time":0.000037606}
OK: probe raw truncated-JSON body ignored the malformed input; envelope intact
probe [raw NUL-byte body] -> status=200
probe [raw NUL-byte body] raw (first 300 chars): {"result":{"collections":[{"name":"b1cl4mf9b6a26b"},{"name":"bcc139b6a8bp2"},{"name":"bcc139bc7c6p2"},{"name":"scc024_1788393554_legal_1"},{"name":"scc024_1788393554_legal_8"},{"name":"scc2a_1788393513_35968_shmin"}]},"status":"ok","time":0.000016622}
OK: probe raw NUL-byte body ignored the malformed input; envelope intact
probe [foreign query params limit=0 offset=-1] -> status=200
probe [foreign query params limit=0 offset=-1] raw (first 300 chars): {"result":{"collections":[{"name":"b1cl4mf9b6a26b"},{"name":"bcc139b6a8bp2"},{"name":"bcc139bc7c6p2"},{"name":"scc024_1788393554_legal_1"},{"name":"scc024_1788393554_legal_8"},{"name":"scc2a_1788393513_35968_shmin"}]},"status":"ok","time":0.000030515}
OK: probe foreign query params limit=0 offset=-1 ignored the malformed input; envelope intact
probe [NUL byte in query-param value] -> status=200
probe [NUL byte in query-param value] raw (first 300 chars): {"result":{"collections":[{"name":"b1cl4mf9b6a26b"},{"name":"bcc139b6a8bp2"},{"name":"bcc139bc7c6p2"},{"name":"scc024_1788393554_legal_1"},{"name":"scc024_1788393554_legal_8"},{"name":"scc2a_1788393513_35968_shmin"}]},"status":"ok","time":0.000038232}
OK: probe NUL byte in query-param value ignored the malformed input; envelope intact
probe [overlong 10k query-param value] -> status=200
probe [overlong 10k query-param value] raw (first 300 chars): {"result":{"collections":[{"name":"b1cl4mf9b6a26b"},{"name":"bcc139b6a8bp2"},{"name":"bcc139bc7c6p2"},{"name":"scc024_1788393554_legal_1"},{"name":"scc024_1788393554_legal_8"},{"name":"scc2a_1788393513_35968_shmin"}]},"status":"ok","time":0.000022727}
OK: probe overlong 10k query-param value ignored the malformed input; envelope intact
OK: all five malformed/unexpected-input probes answered without server failure and without envelope corruption
VERDICT: NO_DEFECT
