<HOME>\AppData\Local\Programs\Python\Python312\Lib\site-packages\requests\__init__.py:113: RequestsDependencyWarning: urllib3 (2.6.3) or chardet (7.3.0)/charset_normalizer (3.4.6) doesn't match a supported version!
  warnings.warn(
[PATHS] index keys present=['delete_index', 'create_index', 'describe_collection', 'count', 'scroll', 'upsert_points']
plan: toggles=12 readers=6 writer_points=8 baseline=12 (k0=7)
[setup upsert] status=200 raw={"result":{"operation_id":1,"status":"completed"},"status":"ok","time":0.006898918}
[setup create index] status=200 raw={"result":{"operation_id":3,"status":"completed"},"status":"ok","time":0.518423678}
[pre-race control k0] status=200 count=7 raw={"result":{"count":7},"status":"ok","time":0.000242312}
[pre-race scroll] status=200 raw={"result":{"points":[{"id":1,"payload":{"f_kw":"k0","f_int":1}},{"id":2,"payload":{"f_kw":"k0","f_int":2}},{"id":3,"payload":{"f_kw":"k0","f_int":3}},{"id":4,"payload":{"f_kw":"k0","f_int":4}},{"id":5
[L toggle 1 delete] status=200 raw={"result":{"operation_id":5,"status":"completed"},"status":"ok","time":0.287218941}
[L toggle 1 create] status=200 raw={"result":{"operation_id":8,"status":"completed"},"status":"ok","time":0.586203148}
[L toggle 2 delete] status=200 raw={"result":{"operation_id":12,"status":"completed"},"status":"ok","time":0.315492963}
[L toggle 2 create] status=200 raw={"result":{"operation_id":16,"status":"completed"},"status":"ok","time":0.758760372}
[writer] acked 8/8 writes
[L toggle 3 delete] status=200 raw={"result":{"operation_id":21,"status":"completed"},"status":"ok","time":0.300644888}
[L toggle 3 create] status=200 raw={"result":{"operation_id":23,"status":"completed"},"status":"ok","time":0.853577149}
[L toggle 4 delete] status=200 raw={"result":{"operation_id":25,"status":"completed"},"status":"ok","time":0.30672022}
[L toggle 4 create] status=200 raw={"result":{"operation_id":27,"status":"completed"},"status":"ok","time":0.991646985}
[L toggle 5 delete] status=200 raw={"result":{"operation_id":29,"status":"completed"},"status":"ok","time":0.568903658}
[L toggle 5 create] status=200 raw={"result":{"operation_id":31,"status":"completed"},"status":"ok","time":0.900577901}
[L toggle 6 delete] status=200 raw={"result":{"operation_id":33,"status":"completed"},"status":"ok","time":0.28471418}
[L toggle 6 create] status=200 raw={"result":{"operation_id":35,"status":"completed"},"status":"ok","time":0.869845868}
[L toggle 7 delete] status=200 raw={"result":{"operation_id":37,"status":"completed"},"status":"ok","time":0.284722855}
[L toggle 7 create] status=200 raw={"result":{"operation_id":39,"status":"completed"},"status":"ok","time":0.802794143}
[L toggle 8 delete] status=200 raw={"result":{"operation_id":41,"status":"completed"},"status":"ok","time":0.276497613}
[L toggle 8 create] status=200 raw={"result":{"operation_id":43,"status":"completed"},"status":"ok","time":1.095185524}
[L toggle 9 delete] status=200 raw={"result":{"operation_id":45,"status":"completed"},"status":"ok","time":0.302330005}
[L toggle 9 create] status=200 raw={"result":{"operation_id":47,"status":"completed"},"status":"ok","time":0.810540626}
[L toggle 10 delete] status=200 raw={"result":{"operation_id":49,"status":"completed"},"status":"ok","time":0.313202957}
[L toggle 10 create] status=200 raw={"result":{"operation_id":51,"status":"completed"},"status":"ok","time":0.813665725}
[L toggle 11 delete] status=200 raw={"result":{"operation_id":53,"status":"completed"},"status":"ok","time":0.29838095}
[L toggle 11 create] status=200 raw={"result":{"operation_id":55,"status":"completed"},"status":"ok","time":0.848895153}
[L toggle 12 delete] status=200 raw={"result":{"operation_id":57,"status":"completed"},"status":"ok","time":0.326796691}
[L toggle 12 create] status=200 raw={"result":{"operation_id":59,"status":"completed"},"status":"ok","time":1.097356083}
[reader3] finished after 399 reads
[reader4] finished after 396 reads
[reader2] finished after 389 reads
[reader1] finished after 394 reads
[reader0] finished after 396 reads
[reader5] finished after 389 reads
[post count total] status=200 raw={"result":{"count":20},"status":"ok","time":0.000299302}
[post scroll] status=200 raw={"result":{"points":[{"id":1,"payload":{"f_kw":"k0","f_int":1}},{"id":2,"payload":{"f_kw":"k0","f_int":2}},{"id":3,"payload":{"f_kw":"k0","f_int":3}},{"id":4,"payload":{"f_kw":"k0","f_int":4}},{"id":5
[post filtered race_new] status=200 count=8 raw={"result":{"count":8},"status":"ok","time":0.000242006}
[summary] total=20 race_new=8 writer_acked=8/8 env_events=0 violations=0 defects=0
concurrent index-deletion churn clean: all lifecycle deletes 200, readers always saw exactly the expected filtered count, all writes landed, post-race totals and baseline payloads exact (12+8) - NO_DEFECT
[cleanup] dropped sidd6_1788435270_20404_col
VERDICT: NO_DEFECT
