<HOME>\AppData\Local\Programs\Python\Python312\Lib\site-packages\requests\__init__.py:113: RequestsDependencyWarning: urllib3 (2.6.3) or chardet (7.3.0)/charset_normalizer (3.4.6) doesn't match a supported version!
  warnings.warn(
[PATHS] index keys present=['delete_index', 'create_index', 'describe_collection', 'count', 'scroll']
[setup upsert] status=200 raw={"result":{"operation_id":1,"status":"completed"},"status":"ok","time":0.003901842}
[baseline count] count status=200 raw={"result":{"count":12},"status":"ok","time":0.000493335}
[baseline scroll] scroll status=200 raw={"result":{"points":[{"id":1,"payload":{"f_kw":"kw1","f_int":10,"f_noidx":"plain1"}},{"id":2,"payload":{"f_kw":"kw2","f_int":20,"f_noidx":"plain2"}},{"id":3,"payload":{"f_kw":"kw0","f_int":30,"f_noidx
[delete nonexistent f_ghost] status=200 raw={"result":{"operation_id":3,"status":"completed"},"status":"ok","time":0.290859882}
[delete nonexistent f_noidx] status=200 raw={"result":{"operation_id":5,"status":"completed"},"status":"ok","time":0.315153795}
[scroll after nonexistent deletes] scroll status=200 raw={"result":{"points":[{"id":1,"payload":{"f_kw":"kw1","f_int":10,"f_noidx":"plain1"}},{"id":2,"payload":{"f_kw":"kw2","f_int":20,"f_noidx":"plain2"}},{"id":3,"payload":{"f_kw":"kw0","f_int":30,"f_noidx
[create f_kw] status=200 raw={"result":{"operation_id":7,"status":"completed"},"status":"ok","time":0.524033033}
[create f_int] status=200 raw={"result":{"operation_id":9,"status":"completed"},"status":"ok","time":0.811917857}
[describe after create] describe status=200 raw={"result":{"status":"green","optimizer_status":"ok","indexed_vectors_count":0,"points_count":12,"segments_count":8,"config":{"params":{"vectors":{"size":4,"distance":"Cosine"},"shard_number":1,"replication_factor":1,"write_consistency_factor":1,"on_disk_payload":true},"hnsw_config":{"m":16,"ef_const
[count after create] count status=200 raw={"result":{"count":12},"status":"ok","time":0.000311949}
[delete real f_kw] status=200 raw={"result":{"operation_id":11,"status":"completed"},"status":"ok","time":0.298158054}
[delete real f_int] status=200 raw={"result":{"operation_id":13,"status":"completed"},"status":"ok","time":0.290598921}
[describe after delete] describe status=200 raw={"result":{"status":"green","optimizer_status":"ok","indexed_vectors_count":0,"points_count":12,"segments_count":8,"config":{"params":{"vectors":{"size":4,"distance":"Cosine"},"shard_number":1,"replication_factor":1,"write_consistency_factor":1,"on_disk_payload":true},"hnsw_config":{"m":16,"ef_const
[re-delete f_kw] status=200 raw={"result":{"operation_id":15,"status":"completed"},"status":"ok","time":0.297538627}
[re-delete f_int] status=200 raw={"result":{"operation_id":17,"status":"completed"},"status":"ok","time":0.283324635}
[count after delete] count status=200 raw={"result":{"count":12},"status":"ok","time":0.00020337}
[scroll after delete] scroll status=200 raw={"result":{"points":[{"id":1,"payload":{"f_kw":"kw1","f_int":10,"f_noidx":"plain1"}},{"id":2,"payload":{"f_kw":"kw2","f_int":20,"f_noidx":"plain2"}},{"id":3,"payload":{"f_kw":"kw0","f_int":30,"f_noidx
[filtered count f_kw after delete] count status=200 raw={"result":{"count":4},"status":"ok","time":0.000267996}
[summary] counts=[12, 12, 12] payload_stable=True schema_after_delete={} defects=0
index deletion lifecycle complete: non-existent deletes (3 flavors) all 200; real-index deletes 200 with payload_schema absence on readback; count=12 and payload snapshot identical throughout - NO_DEFECT
[cleanup] dropped sidd1_1788435252_37288_col
VERDICT: NO_DEFECT
