<HOME>\AppData\Local\Programs\Python\Python312\Lib\site-packages\requests\__init__.py:113: RequestsDependencyWarning: urllib3 (2.6.3) or chardet (7.3.0)/charset_normalizer (3.4.6) doesn't match a supported version!
  warnings.warn(
[PATHS] registration check: ['payload_delete', 'payload_set']
[A upsert 20] status=200 raw={"result":{"operation_id":1,"status":"completed"},"status":"ok","time":0.006307847}
[A baseline scroll] status=200 raw={"result":{"points":[{"id":0,"payload":{"ka":0,"kb":"x0","kc":"keep"},"vector":[0.2581989,0.2581989,0.5163978,0.77459663]},{"id":1,"payload":{"ka":1,"kb":"x1","
[Race A] 4 lanes, key groups [['ka'], ['kb'], ['ka'], ['kb']] (union covers ka+kb on all 20 points)
[raceA-lane0 delete keys=['ka']] status=200 raw={"result":{"operation_id":2,"status":"completed"},"status":"ok","time":0.003439506}
[raceA-lane1 delete keys=['kb']] status=200 raw={"result":{"operation_id":3,"status":"completed"},"status":"ok","time":0.00792452}
[raceA-lane2 delete keys=['ka']] status=200 raw={"result":{"operation_id":4,"status":"completed"},"status":"ok","time":0.00395404}
[raceA-lane3 delete keys=['kb']] status=200 raw={"result":{"operation_id":5,"status":"completed"},"status":"ok","time":0.006840195}
[raceA readback scroll] status=200 raw={"result":{"points":[{"id":0,"payload":{"kc":"keep"},"vector":[0.2581989,0.2581989,0.5163978,0.77459663]},{"id":1,"payload":{"kc":"keep"},"vector":[0.47140455,0
[raceA count count] status=200 raw={"result":{"count":20},"status":"ok","time":0.00024531}
[restore-preset set {'ka': 0, 'kb': 'x0'}] status=200 raw={"result":{"operation_id":6,"status":"completed"},"status":"ok","time":0.003104265}
[restore readback scroll] status=200 raw={"result":{"points":[{"id":0,"payload":{"kc":"keep","ka":0,"kb":"x0"},"vector":[0.2581989,0.2581989,0.5163978,0.77459663]},{"id":1,"payload":{"kc":"keep","ka":0
[raceB-rd0-del delete keys=['ka']] status=200 raw={"result":{"operation_id":7,"status":"completed"},"status":"ok","time":0.010698666}
[raceB-rd0-set set {'ka': 0, 'kb': 'x0'}] status=200 raw={"result":{"operation_id":8,"status":"completed"},"status":"ok","time":0.013882231}
[raceB-rd0 readback scroll] status=200 raw={"result":{"points":[{"id":0,"payload":{"kc":"keep","kb":"x0","ka":0},"vector":[0.2581989,0.2581989,0.5163978,0.77459663]},{"id":1,"payload":{"kc":"keep","kb":"
[raceB-rd0 count count] status=200 raw={"result":{"count":20},"status":"ok","time":0.000097962}
[raceB-rd1-del delete keys=['ka']] status=200 raw={"result":{"operation_id":9,"status":"completed"},"status":"ok","time":0.003368006}
[raceB-rd1-set set {'ka': 0, 'kb': 'x0'}] status=200 raw={"result":{"operation_id":10,"status":"completed"},"status":"ok","time":0.004383005}
[raceB-rd1 readback scroll] status=200 raw={"result":{"points":[{"id":0,"payload":{"kc":"keep","kb":"x0","ka":0},"vector":[0.2581989,0.2581989,0.5163978,0.77459663]},{"id":1,"payload":{"kc":"keep","kb":"
[raceB-rd1 count count] status=200 raw={"result":{"count":20},"status":"ok","time":0.000128798}
[raceB-rd2-del delete keys=['ka']] status=200 raw={"result":{"operation_id":11,"status":"completed"},"status":"ok","time":0.01139054}
[raceB-rd2-set set {'ka': 0, 'kb': 'x0'}] status=200 raw={"result":{"operation_id":12,"status":"completed"},"status":"ok","time":0.003395944}
[raceB-rd2 readback scroll] status=200 raw={"result":{"points":[{"id":0,"payload":{"kc":"keep","kb":"x0","ka":0},"vector":[0.2581989,0.2581989,0.5163978,0.77459663]},{"id":1,"payload":{"kc":"keep","kb":"
[raceB-rd2 count count] status=200 raw={"result":{"count":20},"status":"ok","time":0.000168812}
[raceB-rd3-del delete keys=['ka']] status=200 raw={"result":{"operation_id":13,"status":"completed"},"status":"ok","time":0.004962565}
[raceB-rd3-set set {'ka': 0, 'kb': 'x0'}] status=200 raw={"result":{"operation_id":14,"status":"completed"},"status":"ok","time":0.005709408}
[raceB-rd3 readback scroll] status=200 raw={"result":{"points":[{"id":0,"payload":{"kc":"keep","kb":"x0","ka":0},"vector":[0.2581989,0.2581989,0.5163978,0.77459663]},{"id":1,"payload":{"kc":"keep","kb":"
[raceB-rd3 count count] status=200 raw={"result":{"count":20},"status":"ok","time":0.000228785}
[final delete keys=['ka']] status=200 raw={"result":{"operation_id":15,"status":"completed"},"status":"ok","time":0.00633433}
[final readback scroll] status=200 raw={"result":{"points":[{"id":0,"payload":{"kc":"keep","kb":"x0"},"vector":[0.2581989,0.2581989,0.5163978,0.77459663]},{"id":1,"payload":{"kc":"keep","kb":"x0"},"v
[final count count] status=200 raw={"result":{"count":20},"status":"ok","time":0.000105609}
VERDICT: NO_DEFECT
