<HOME>\AppData\Local\Programs\Python\Python312\Lib\site-packages\requests\__init__.py:113: RequestsDependencyWarning: urllib3 (2.6.3) or chardet (7.3.0)/charset_normalizer (3.4.6) doesn't match a supported version!
  warnings.warn(
[probe type=keyword] PUT index f_keyword -> status=200 raw={"result":{"operation_id":3,"status":"completed"},"status":"ok","time":0.509561968}
  envelope result.status='completed' result.operation_id=3 (spec grid: object)
  OK(persist): 'f_keyword' in payload_schema, echo='{"data_type": "keyword", "params": {"type": "keyword"}, "points": 1}' (member-echo matches)
[probe type=integer] PUT index f_integer -> status=200 raw={"result":{"operation_id":5,"status":"completed"},"status":"ok","time":0.850706754}
  envelope result.status='completed' result.operation_id=5 (spec grid: object)
  OK(persist): 'f_integer' in payload_schema, echo='{"data_type": "integer", "params": {"type": "integer", "lookup": null, "range": null, "is_principal": null}, "points": 1}' (member-echo matches)
[probe type=float] PUT index f_float -> status=200 raw={"result":{"operation_id":7,"status":"completed"},"status":"ok","time":0.519228064}
  envelope result.status='completed' result.operation_id=7 (spec grid: object)
  OK(persist): 'f_float' in payload_schema, echo='{"data_type": "float", "params": {"type": "float", "is_principal": null}, "points": 1}' (member-echo matches)
[probe type=geo] PUT index f_geo -> status=200 raw={"result":{"operation_id":9,"status":"completed"},"status":"ok","time":0.518226156}
  envelope result.status='completed' result.operation_id=9 (spec grid: object)
  OK(persist): 'f_geo' in payload_schema, echo='{"data_type": "geo", "params": {"type": "geo"}, "points": 1}' (member-echo matches)
[probe type=text] PUT index f_text -> status=200 raw={"result":{"operation_id":11,"status":"completed"},"status":"ok","time":0.531545284}
  envelope result.status='completed' result.operation_id=11 (spec grid: object)
  OK(persist): 'f_text' in payload_schema, echo='{"data_type": "text", "params": {"type": "text", "tokenizer": "word"}, "points": 1}' (member-echo matches)
[probe type=bool] PUT index f_bool -> status=200 raw={"result":{"operation_id":13,"status":"completed"},"status":"ok","time":0.239937136}
  envelope result.status='completed' result.operation_id=13 (spec grid: object)
  OK(persist): 'f_bool' in payload_schema, echo='{"data_type": "bool", "params": {"type": "bool"}, "points": 1}' (member-echo matches)
[probe type=datetime] PUT index f_datetime -> status=200 raw={"result":{"operation_id":15,"status":"completed"},"status":"ok","time":0.535665372}
  envelope result.status='completed' result.operation_id=15 (spec grid: object)
  OK(persist): 'f_datetime' in payload_schema, echo='{"data_type": "datetime", "params": {"type": "datetime", "is_principal": null}, "points": 1}' (member-echo matches)
[probe type=uuid] PUT index f_uuid -> status=200 raw={"result":{"operation_id":17,"status":"completed"},"status":"ok","time":0.535531861}
  envelope result.status='completed' result.operation_id=17 (spec grid: object)
  OK(persist): 'f_uuid' in payload_schema, echo='{"data_type": "uuid", "params": {"type": "uuid"}, "points": 1}' (member-echo matches)
[probe field_schema='keyword' (bare-string encoding)] -> status=200 raw={"result":{"operation_id":19,"status":"completed"},"status":"ok","time":0.444384054}
  OK(persist): bare-string encoding echoed: '{"data_type": "keyword", "points": 0}'
OK: all 8 in-domain members accepted with 200 and persisted in payload_schema
VERDICT: NO_DEFECT
