<HOME>\AppData\Local\Programs\Python\Python312\Lib\site-packages\requests\__init__.py:113: RequestsDependencyWarning: urllib3 (2.6.3) or chardet (7.3.0)/charset_normalizer (3.4.6) doesn't match a supported version!
  warnings.warn(
[PATHS] index keys present=['create_index', 'describe_collection', 'count', 'scroll']
[setup upsert] status=200 raw={"result":{"operation_id":1,"status":"completed"},"status":"ok","time":0.003122547}
[baseline count] count status=200 raw={"result":{"count":12},"status":"ok","time":0.0001152}
[baseline scroll] scroll status=200 raw={"result":{"points":[{"id":1,"payload":{"city":"c1"}},{"id":2,"payload":{"city":"c2"}},{"id":3,"payload":{"city":"c3"}},{"id":4,"payload":{"city":"c0"}},{"id":5,"payload":{"city":"c1"}},{"id":6,"paylo
[create #0] status=200 raw={"result":{"operation_id":3,"status":"completed"},"status":"ok","time":0.41966477}
[describe #0] describe status=200 raw={"result":{"status":"green","optimizer_status":"ok","indexed_vectors_count":0,"points_count":12,"segments_count":8,"config":{"params":{"vectors":{"size":4,"distance":"Cosine"},"shard_number":1,"replication_factor":1,"write_consistency_factor":1,"on_disk_payload":true},"hnsw_config":{"m":16,"ef_const
[create #1 identical] status=200 raw={"result":{"operation_id":5,"status":"completed"},"status":"ok","time":0.016957185}
[describe #1] describe status=200 raw={"result":{"status":"green","optimizer_status":"ok","indexed_vectors_count":0,"points_count":12,"segments_count":8,"config":{"params":{"vectors":{"size":4,"distance":"Cosine"},"shard_number":1,"replication_factor":1,"write_consistency_factor":1,"on_disk_payload":true},"hnsw_config":{"m":16,"ef_const
[count #1] count status=200 raw={"result":{"count":12},"status":"ok","time":0.000184397}
[scroll #1] scroll status=200 raw={"result":{"points":[{"id":1,"payload":{"city":"c1"}},{"id":2,"payload":{"city":"c2"}},{"id":3,"payload":{"city":"c3"}},{"id":4,"payload":{"city":"c0"}},{"id":5,"payload":{"city":"c1"}},{"id":6,"paylo
[create #2 identical] status=200 raw={"result":{"operation_id":7,"status":"completed"},"status":"ok","time":0.013535605}
[describe #2] describe status=200 raw={"result":{"status":"green","optimizer_status":"ok","indexed_vectors_count":0,"points_count":12,"segments_count":8,"config":{"params":{"vectors":{"size":4,"distance":"Cosine"},"shard_number":1,"replication_factor":1,"write_consistency_factor":1,"on_disk_payload":true},"hnsw_config":{"m":16,"ef_const
[count #2] count status=200 raw={"result":{"count":12},"status":"ok","time":0.000099773}
[scroll #2] scroll status=200 raw={"result":{"points":[{"id":1,"payload":{"city":"c1"}},{"id":2,"payload":{"city":"c2"}},{"id":3,"payload":{"city":"c3"}},{"id":4,"payload":{"city":"c0"}},{"id":5,"payload":{"city":"c1"}},{"id":6,"paylo
[create #3 identical] status=200 raw={"result":{"operation_id":9,"status":"completed"},"status":"ok","time":0.013967851}
[describe #3] describe status=200 raw={"result":{"status":"green","optimizer_status":"ok","indexed_vectors_count":0,"points_count":12,"segments_count":8,"config":{"params":{"vectors":{"size":4,"distance":"Cosine"},"shard_number":1,"replication_factor":1,"write_consistency_factor":1,"on_disk_payload":true},"hnsw_config":{"m":16,"ef_const
[count #3] count status=200 raw={"result":{"count":12},"status":"ok","time":0.000249474}
[scroll #3] scroll status=200 raw={"result":{"points":[{"id":1,"payload":{"city":"c1"}},{"id":2,"payload":{"city":"c2"}},{"id":3,"payload":{"city":"c3"}},{"id":4,"payload":{"city":"c0"}},{"id":5,"payload":{"city":"c1"}},{"id":6,"paylo
[create conflict integer-on-keyword] status=200 raw={"result":{"operation_id":11,"status":"completed"},"status":"ok","time":0.784953279}
[describe after conflict] describe status=200 raw={"result":{"status":"green","optimizer_status":"ok","indexed_vectors_count":0,"points_count":12,"segments_count":8,"config":{"params":{"vectors":{"size":4,"distance":"Cosine"},"shard_number":1,"replication_factor":1,"write_consistency_factor":1,"on_disk_payload":true},"hnsw_config":{"m":16,"ef_const
[count final] count status=200 raw={"result":{"count":12},"status":"ok","time":0.000247322}
[scroll final] scroll status=200 raw={"result":{"points":[{"id":1,"payload":{"city":"c1"}},{"id":2,"payload":{"city":"c2"}},{"id":3,"payload":{"city":"c3"}},{"id":4,"payload":{"city":"c0"}},{"id":5,"payload":{"city":"c1"}},{"id":6,"paylo
NOTE: schema-conflict re-PUT (integer over keyword) returned HTTP 200; resulting payload_schema entry={'data_type': 'integer', 'params': {'type': 'integer', 'lookup': None, 'range': None, 'is_principal': None}, 'points': 0} - measured-only (contract pins no re-schema semantics)
index-create idempotence verified: 4 identical creates converged to exactly one payload_schema entry; count=12 and payload snapshot unchanged throughout - NO_DEFECT
[cleanup] dropped sidx4_1788445996_30544_col
VERDICT: NO_DEFECT
