<HOME>\AppData\Local\Programs\Python\Python312\Lib\site-packages\requests\__init__.py:113: RequestsDependencyWarning: urllib3 (2.6.3) or chardet (7.3.0)/charset_normalizer (3.4.6) doesn't match a supported version!
  warnings.warn(
[path derivation] collection_optimizations = /collections/{collection_name}/optimizations (raw_knowledge api_endpoints[collections+optimizations].url; runtime PATHS gap)
ownership prefix: sco018bf013
[assertion quote] existing collection: HTTP 200 with per-shard optimizer status; missing collection: HTTP 404
[setup] created sco018bf013_idle and sco018bf013_load
[leg1 GET optimizations sco018bf013_idle] status=200 raw={"result":{"summary":{"queued_optimizations":0,"queued_segments":0,"queued_points":0,"idle_segments":8},"running":[]},"status":"ok","time":0.000034976}
[leg1 shape OK] summary={"queued_optimizations": 0, "queued_segments": 0, "queued_points": 0, "idle_segments": 8} running_len=0
[load upsert sco018bf013_load 0..999] status=200 {"result":{"operation_id":1,"status":"completed"},"status":"ok","time":0.01555692}
[load upsert sco018bf013_load 1000..1999] status=200 {"result":{"operation_id":2,"status":"completed"},"status":"ok","time":0.011860267}
[load upsert sco018bf013_load 2000..2999] status=200 {"result":{"operation_id":3,"status":"completed"},"status":"ok","time":0.00855495}
[load upsert sco018bf013_load 3000..3999] status=200 {"result":{"operation_id":4,"status":"completed"},"status":"ok","time":0.011745611}
[load upsert sco018bf013_load 4000..4999] status=200 {"result":{"operation_id":5,"status":"completed"},"status":"ok","time":0.011932445}
[load upsert sco018bf013_load 5000..5999] status=200 {"result":{"operation_id":6,"status":"completed"},"status":"ok","time":0.012324946}
[load delete 1500 of sco018bf013_load] status=200 {"result":{"operation_id":7,"status":"completed"},"status":"ok","time":0.01177924}
[leg2 sample 1] status=200 raw={"result":{"summary":{"queued_optimizations":0,"queued_segments":0,"queued_points":0,"idle_segments":8},"running":[]},"status":"ok","time":0.000040303}
[leg2 sample 2] status=200 raw={"result":{"summary":{"queued_optimizations":0,"queued_segments":0,"queued_points":0,"idle_segments":8},"running":[]},"status":"ok","time":0.000051352}
[leg2 sample 3] status=200 raw={"result":{"summary":{"queued_optimizations":0,"queued_segments":0,"queued_points":0,"idle_segments":8},"running":[]},"status":"ok","time":0.000035098}
[leg2 sample 4] status=200 raw={"result":{"summary":{"queued_optimizations":0,"queued_segments":0,"queued_points":0,"idle_segments":8},"running":[]},"status":"ok","time":0.000036795}
[leg2 sample 5] status=200 raw={"result":{"summary":{"queued_optimizations":0,"queued_segments":0,"queued_points":0,"idle_segments":8},"running":[]},"status":"ok","time":0.000035859}
[leg2 sample 6] status=200 raw={"result":{"summary":{"queued_optimizations":0,"queued_segments":0,"queued_points":0,"idle_segments":8},"running":[]},"status":"ok","time":0.000053903}
[leg2 sample 7] status=200 raw={"result":{"summary":{"queued_optimizations":0,"queued_segments":0,"queued_points":0,"idle_segments":8},"running":[]},"status":"ok","time":0.000034331}
[leg2 sample 8] status=200 raw={"result":{"summary":{"queued_optimizations":0,"queued_segments":0,"queued_points":0,"idle_segments":8},"running":[]},"status":"ok","time":0.000076419}
[leg2 sample 9] status=200 raw={"result":{"summary":{"queued_optimizations":0,"queued_segments":0,"queued_points":0,"idle_segments":8},"running":[]},"status":"ok","time":0.000044683}
[leg2 sample 10] status=200 raw={"result":{"summary":{"queued_optimizations":0,"queued_segments":0,"queued_points":0,"idle_segments":8},"running":[]},"status":"ok","time":0.000039198}
[leg2 sample 11] status=200 raw={"result":{"summary":{"queued_optimizations":0,"queued_segments":0,"queued_points":0,"idle_segments":8},"running":[]},"status":"ok","time":0.000037115}
[leg2 sample 12] status=200 raw={"result":{"summary":{"queued_optimizations":0,"queued_segments":0,"queued_points":0,"idle_segments":8},"running":[]},"status":"ok","time":0.000052337}
[leg2] activity samples observed: True
[leg3 attempt 1 GET optimizations sco018bf013_never_477db8] status=404 raw={"status":{"error":"Not found: Collection `sco018bf013_never_477db8` doesn't exist!"},"time":7.719e-6}
[leg3 attempt 2 GET optimizations sco018bf013_never_477db8] status=404 raw={"status":{"error":"Not found: Collection `sco018bf013_never_477db8` doesn't exist!"},"time":9.876e-6}
[leg4 control GET optimizations sco018bf013_idle] status=200 raw={"result":{"summary":{"queued_optimizations":0,"queued_segments":0,"queued_points":0,"idle_segments":8},"running":[]},"status":"ok","time":0.00003356}
OK: existing collections sco018bf013_idle/sco018bf013_load answered 200 with the published OptimizationsResponse shape (summary counters + running array) in every polled sample; never-created sco018bf013_never_477db8 answered 404 twice without flapping; control stayed 200
VERDICT: NO_DEFECT
