<HOME>\AppData\Local\Programs\Python\Python312\Lib\site-packages\requests\__init__.py:113: RequestsDependencyWarning: urllib3 (2.6.3) or chardet (7.3.0)/charset_normalizer (3.4.6) doesn't match a supported version!
  warnings.warn(
[path derivation] metrics = /metrics (rt.PATHS == raw_knowledge api_endpoints[metrics].url)
[boundary_metrics_005] run_token=1788452592_29144 base=http://127.0.0.1:6333
[K0 baseline bare] status=200 bytes=66649 head='# HELP app_info information about qdrant server\n# TYPE app_info gauge\napp_info{name="qdrant",version="1.18.0"} 1\n# HELP app_status_recovery_mode features enable'
[K0 baseline bare] prometheus shape: HELP=43 TYPE=43 samples=742
[M1 HEAD] status=404 bytes=0 head=''
[M1 HEAD] clean defensive rejection (404) — not a defect
[M2 OPTIONS] status=404 bytes=0 head=''
[M2 OPTIONS] clean defensive rejection (404) — not a defect
[M3 POST empty-body] status=404 bytes=0 head=''
[M3 POST empty-body] clean defensive rejection (404) — not a defect
[M4 POST json-body] status=404 bytes=0 head=''
[M4 POST json-body] clean defensive rejection (404) — not a defect
[M5 PUT] status=404 bytes=0 head=''
[M5 PUT] clean defensive rejection (404) — not a defect
[M6 PATCH] status=404 bytes=0 head=''
[M6 PATCH] clean defensive rejection (404) — not a defect
[M7 DELETE] status=404 bytes=0 head=''
[M7 DELETE] clean defensive rejection (404) — not a defect
[K1 post-volley bare] status=200 bytes=66649 head='# HELP app_info information about qdrant server\n# TYPE app_info gauge\napp_info{name="qdrant",version="1.18.0"} 1\n# HELP app_status_recovery_mode features enable'
[K1 post-volley bare] prometheus shape: HELP=43 TYPE=43 samples=742
[Q1 invalid %-escape] status=400 bytes=114 head='{"status":{"error":"Deserialize error in query parameters: provided string was not `true` or `false`"},"time":0.0}'
[Q1 invalid %-escape] clean defensive rejection (400) — not a defect
[Q2 NUL byte %00] status=400 bytes=114 head='{"status":{"error":"Deserialize error in query parameters: provided string was not `true` or `false`"},"time":0.0}'
[Q2 NUL byte %00] clean defensive rejection (400) — not a defect
[Q3 empty value] status=400 bytes=114 head='{"status":{"error":"Deserialize error in query parameters: provided string was not `true` or `false`"},"time":0.0}'
[Q3 empty value] clean defensive rejection (400) — not a defect
[Q4 duplicate params] status=400 bytes=100 head='{"status":{"error":"Deserialize error in query parameters: duplicate field `anonymize`"},"time":0.0}'
[Q4 duplicate params] clean defensive rejection (400) — not a defect
[Q5 overlong 64k value] status=400 bytes=0 head=''
[Q5 overlong 64k value] clean defensive rejection (400) — not a defect
[Q6 junk pairs] status=200 bytes=66649 head='# HELP app_info information about qdrant server\n# TYPE app_info gauge\napp_info{name="qdrant",version="1.18.0"} 1\n# HELP app_status_recovery_mode features enable'
[Q7 unknown junk param] status=200 bytes=66649 head='# HELP app_info information about qdrant server\n# TYPE app_info gauge\napp_info{name="qdrant",version="1.18.0"} 1\n# HELP app_status_recovery_mode features enable'
[K2 post-matrix bare] status=200 bytes=66649 head='# HELP app_info information about qdrant server\n# TYPE app_info gauge\napp_info{name="qdrant",version="1.18.0"} 1\n# HELP app_status_recovery_mode features enable'
[K2 post-matrix bare] prometheus shape: HELP=43 TYPE=43 samples=742
NOTE: [Q6 junk pairs] malformed stream tolerated with 200 — legal graceful degradation (junk ignored)
NOTE: [Q7 unknown junk param] malformed stream tolerated with 200 — legal graceful degradation (junk ignored)
metrics method-face + malformed-query robustness: every hostile probe landed outside the 5xx band (dispositions recorded as G9 notes), single transport losses were size-limit enforcement with a healthy face re-probe, and the plain-GET 200/Prometheus promise held across all three brackets — NO_DEFECT
[cleanup probe healthz] status=200
VERDICT: NO_DEFECT
