<HOME>\AppData\Local\Programs\Python\Python312\Lib\site-packages\requests\__init__.py:113: RequestsDependencyWarning: urllib3 (2.6.3) or chardet (7.3.0)/charset_normalizer (3.4.6) doesn't match a supported version!
  warnings.warn(
[PATHS] registration check: ['payload_set']
[A upsert 1] status=200 raw={"result":{"operation_id":1,"status":"completed"},"status":"ok","time":0.003524773}
[A baseline scroll] status=200 raw={"result":{"points":[{"id":10,"payload":{"a":1,"b":"x","c":true},"vector":[0.18257418,0.36514837,0.5477225,0.73029673]}],"next_page_offset":null},"status":"ok",
[D1 merge#1 set {'a': 2, 'd': 'new'}] status=200 raw={"result":{"operation_id":2,"status":"completed"},"status":"ok","time":0.00299432}
[D1 merge#1 readback scroll] status=200 raw={"result":{"points":[{"id":10,"payload":{"a":2,"b":"x","c":true,"d":"new"},"vector":[0.18257418,0.36514837,0.5477225,0.73029673]}],"next_page_offset":null},"sta
[D1 merge#1] OK: state exactly {'a': 2, 'b': 'x', 'c': True, 'd': 'new'}
[D1 merge#1 count count] status=200 raw={"result":{"count":1},"status":"ok","time":0.000175206}
[D2 repeat set {'a': 2, 'd': 'new'}] status=200 raw={"result":{"operation_id":3,"status":"completed"},"status":"ok","time":0.004719931}
[D2 repeat readback scroll] status=200 raw={"result":{"points":[{"id":10,"payload":{"a":2,"b":"x","c":true,"d":"new"},"vector":[0.18257418,0.36514837,0.5477225,0.73029673]}],"next_page_offset":null},"sta
[D2 repeat] OK: state exactly {'a': 2, 'b': 'x', 'c': True, 'd': 'new'}
[D2 repeat count count] status=200 raw={"result":{"count":1},"status":"ok","time":0.000263776}
[D3 disjoint set {'e': False}] status=200 raw={"result":{"operation_id":4,"status":"completed"},"status":"ok","time":0.012978142}
[D3 disjoint readback scroll] status=200 raw={"result":{"points":[{"id":10,"payload":{"a":2,"b":"x","c":true,"d":"new","e":false},"vector":[0.18257418,0.36514837,0.5477225,0.73029673]}],"next_page_offset":
[D3 disjoint] OK: state exactly {'a': 2, 'b': 'x', 'c': True, 'd': 'new', 'e': False}
[D3 disjoint count count] status=200 raw={"result":{"count":1},"status":"ok","time":0.000133574}
[D4 no-op set {'a': 2}] status=200 raw={"result":{"operation_id":5,"status":"completed"},"status":"ok","time":0.00552469}
[D4 no-op readback scroll] status=200 raw={"result":{"points":[{"id":10,"payload":{"a":2,"b":"x","c":true,"d":"new","e":false},"vector":[0.18257418,0.36514837,0.5477225,0.73029673]}],"next_page_offset":
[D4 no-op] OK: state exactly {'a': 2, 'b': 'x', 'c': True, 'd': 'new', 'e': False}
[D4 no-op count count] status=200 raw={"result":{"count":1},"status":"ok","time":0.000114566}
[D5 type-change set {'a': 'stro'}] status=200 raw={"result":{"operation_id":6,"status":"completed"},"status":"ok","time":0.003300832}
[D5 type-change readback scroll] status=200 raw={"result":{"points":[{"id":10,"payload":{"a":"stro","b":"x","c":true,"d":"new","e":false},"vector":[0.18257418,0.36514837,0.5477225,0.73029673]}],"next_page_off
[D5 type-change] OK: state exactly {'a': 'stro', 'b': 'x', 'c': True, 'd': 'new', 'e': False}
[D5 type-change count count] status=200 raw={"result":{"count":1},"status":"ok","time":0.000142984}
[D5] accepted-branch: key-level type change applied, siblings intact
[D6 nested prime set {'n': {'x': 1}}] status=200 raw={"result":{"operation_id":7,"status":"completed"},"status":"ok","time":0.008798363}
[D6 nested prime readback scroll] status=200 raw={"result":{"points":[{"id":10,"payload":{"a":"stro","b":"x","c":true,"d":"new","e":false,"n":{"x":1}},"vector":[0.18257418,0.36514837,0.5477225,0.73029673]}],"n
[D6 nested prime] measured-only state: {'a': 'stro', 'b': 'x', 'c': True, 'd': 'new', 'e': False, 'n': {'x': 1}}
[D6 nested prime count count] status=200 raw={"result":{"count":1},"status":"ok","time":0.000094897}
[D6 nested second set {'n': {'y': 2}}] status=200 raw={"result":{"operation_id":8,"status":"completed"},"status":"ok","time":0.004561402}
[D6 nested second readback scroll] status=200 raw={"result":{"points":[{"id":10,"payload":{"a":"stro","b":"x","c":true,"d":"new","e":false,"n":{"y":2}},"vector":[0.18257418,0.36514837,0.5477225,0.73029673]}],"n
[D6 nested second] measured-only state: {'a': 'stro', 'b': 'x', 'c': True, 'd': 'new', 'e': False, 'n': {'y': 2}}
[D6 nested second count count] status=200 raw={"result":{"count":1},"status":"ok","time":0.000190005}
[D6] NOTE: top-key-replace vs deep-merge for nested object values is not pinned by chunk assertions — printed only
VERDICT: NO_DEFECT
