<HOME>\AppData\Local\Programs\Python\Python312\Lib\site-packages\requests\__init__.py:113: RequestsDependencyWarning: urllib3 (2.6.3) or chardet (7.3.0)/charset_normalizer (3.4.6) doesn't match a supported version!
  warnings.warn(
[PATHS] registration check: ['payload_overwrite']
[A upsert 8] status=200 raw={"result":{"operation_id":1,"status":"completed"},"status":"ok","time":0.003510263}
[A baseline scroll] status=200 raw={"result":{"points":[{"id":0,"payload":{"grp":"a","n":0,"keep":"k"},"vector":[0.2581989,0.2581989,0.5163978,0.77459663]},{"id":1,"payload":{"grp":"a","n":1,"kee
[B count-before count] status=200 raw={"result":{"count":8},"status":"ok","time":0.000240394}
[D overwrite payload={'n': 'gone', 'new': 1} filter=grp:a] status=200 raw={"result":{"operation_id":2,"status":"completed"},"status":"ok","time":0.004090325}
[D overwrite readback scroll] status=200 raw={"result":{"points":[{"id":0,"payload":{"n":"gone","new":1},"vector":[0.2581989,0.2581989,0.5163978,0.77459663]},{"id":1,"payload":{"n":"gone","new":1},"vector"
[D overwrite] OK: matched point 0 payload exactly {'n': 'gone', 'new': 1} (selector key 'grp' removed)
[D overwrite] OK: matched point 1 payload exactly {'n': 'gone', 'new': 1} (selector key 'grp' removed)
[D overwrite] OK: matched point 2 payload exactly {'n': 'gone', 'new': 1} (selector key 'grp' removed)
[D overwrite] OK: matched point 3 payload exactly {'n': 'gone', 'new': 1} (selector key 'grp' removed)
[D overwrite] OK: non-matched point 4 payload intact
[D overwrite] OK: non-matched point 5 payload intact
[D overwrite] OK: non-matched point 6 payload intact
[D overwrite] OK: non-matched point 7 payload intact
[H overwrite repeat payload={'n': 'gone', 'new': 1} filter=grp:a] status=200 raw={"result":{"operation_id":3,"status":"completed"},"status":"ok","time":0.005137531}
[H overwrite repeat readback scroll] status=200 raw={"result":{"points":[{"id":0,"payload":{"n":"gone","new":1},"vector":[0.2581989,0.2581989,0.5163978,0.77459663]},{"id":1,"payload":{"n":"gone","new":1},"vector"
[H overwrite repeat] OK: matched point 0 payload exactly {'n': 'gone', 'new': 1} (selector key 'grp' removed)
[H overwrite repeat] OK: matched point 1 payload exactly {'n': 'gone', 'new': 1} (selector key 'grp' removed)
[H overwrite repeat] OK: matched point 2 payload exactly {'n': 'gone', 'new': 1} (selector key 'grp' removed)
[H overwrite repeat] OK: matched point 3 payload exactly {'n': 'gone', 'new': 1} (selector key 'grp' removed)
[H overwrite repeat] OK: non-matched point 4 payload intact
[H overwrite repeat] OK: non-matched point 5 payload intact
[H overwrite repeat] OK: non-matched point 6 payload intact
[H overwrite repeat] OK: non-matched point 7 payload intact
[G count-after count] status=200 raw={"result":{"count":8},"status":"ok","time":0.000117657}
VERDICT: NO_DEFECT
