<HOME>\AppData\Local\Programs\Python\Python312\Lib\site-packages\requests\__init__.py:113: RequestsDependencyWarning: urllib3 (2.6.3) or chardet (7.3.0)/charset_normalizer (3.4.6) doesn't match a supported version!
  warnings.warn(
C0 limit=3 (control) -> status=200
raw: {"result":[{"id":722,"version":1,"score":0.6000004},{"id":723,"version":1,"score":1.0},{"id":724,"version":1,"score":2.0}],"status":"ok","time":0.000291399}
C0 OK: integer limit accepted
T1 limit='3' (string) -> status=400
raw: {"status":{"error":"Format error in JSON body: invalid type: string \"3\", expected usize at line 1 column 33"},"time":0.0}
T1 limit='3' (string) OK: rejected with 400 (400-family)
T2 limit=3.0 (float) -> status=400
raw: {"status":{"error":"Format error in JSON body: invalid type: floating point `3.0`, expected usize at line 1 column 33"},"time":0.0}
T2 limit=3.0 (float) OK: rejected with 400 (400-family)
T3 limit=true (bool) -> status=400
raw: {"status":{"error":"Format error in JSON body: invalid type: boolean `true`, expected usize at line 1 column 34"},"time":0.0}
T3 limit=true (bool) OK: rejected with 400 (400-family)
T4 limit=null (not nullable) -> status=400
raw: {"status":{"error":"Format error in JSON body: invalid type: null, expected usize at line 1 column 34"},"time":0.0}
T4 limit=null (not nullable) OK: rejected with 400 (400-family)
T5 offset='1' (string) -> status=400
raw: {"status":{"error":"Format error in JSON body: invalid type: string \"1\", expected usize at line 1 column 46"},"time":0.0}
T5 offset='1' (string) OK: rejected with 400 (400-family)
T6 offset=1.5 (fractional) -> status=400
raw: {"status":{"error":"Format error in JSON body: invalid type: floating point `1.5`, expected usize at line 1 column 46"},"time":0.0}
T6 offset=1.5 (fractional) OK: rejected with 400 (400-family)
T7 offset=true (bool) -> status=400
raw: {"status":{"error":"Format error in JSON body: invalid type: boolean `true`, expected usize at line 1 column 47"},"time":0.0}
T7 offset=true (bool) OK: rejected with 400 (400-family)
P1 offset=null (spec-nullable) -> status=200
raw: {"result":[{"id":722,"version":1,"score":0.6000004},{"id":723,"version":1,"score":1.0},{"id":724,"version":1,"score":2.0}],"status":"ok","time":0.000412557}
P1 OK: nullable offset accepted (3 results)
VERDICT: NO_DEFECT
