<HOME>\AppData\Local\Programs\Python\Python312\Lib\site-packages\requests\__init__.py:113: RequestsDependencyWarning: urllib3 (2.6.3) or chardet (7.3.0)/charset_normalizer (3.4.6) doesn't match a supported version!
  warnings.warn(
[path derivation] list_collections = /collections (runtime PATHS; matches raw_knowledge api_endpoints[collections+list].url /collections)
ownership prefix: scl03e152f4
[pre-probe] /healthz status=200 raw=healthz check passed
[create scl03e152f4_alpha] status=200 raw={"result":true,"status":"ok","time":0.257931941}
[create scl03e152f4_Alpha] status=200 raw={"result":true,"status":"ok","time":0.209125511}
[create scl03e152f4_x-1_2] status=200 raw={"result":true,"status":"ok","time":0.238880822}
[create scl03e152f4_9] status=200 raw={"result":true,"status":"ok","time":0.251328372}
[premise] case-distinct pair both live: ['scl03e152f4_alpha', 'scl03e152f4_Alpha']
[NR1/NR2 echo] GET /collections status=200 raw={"result":{"collections":[{"name":"bcc139b6a8bp2"},{"name":"bcc139bc7c6p2"},{"name":"scc024_1788393554_legal_1"},{"name":"scc024_1788393554_legal_8"},{"name":"scc2a_1788393513_35968_shmin"},{"name":"scl03e152f4_9"},{"name":"scl03e152f4_Alpha"},{"name":"scl03e152f4_alpha"},{"name":"scl03e152f4_x-1_2"
[NR1/NR2] prefix-scope=['scl03e152f4_9', 'scl03e152f4_Alpha', 'scl03e152f4_alpha', 'scl03e152f4_x-1_2'] expected=['scl03e152f4_9', 'scl03e152f4_Alpha', 'scl03e152f4_alpha', 'scl03e152f4_x-1_2']
[NR3 read#1] GET /collections status=200 raw={"result":{"collections":[{"name":"bcc139b6a8bp2"},{"name":"bcc139bc7c6p2"},{"name":"scc024_1788393554_legal_1"},{"name":"scc024_1788393554_legal_8"},{"name":"scc2a_1788393513_35968_shmin"},{"name":"scl03e152f4_9"},{"name":"scl03e152f4_Alpha"},{"name":"scl03e152f4_alpha"},{"name":"scl03e152f4_x-1_2"
[NR3 read#2] GET /collections status=200 raw={"result":{"collections":[{"name":"bcc139b6a8bp2"},{"name":"bcc139bc7c6p2"},{"name":"scc024_1788393554_legal_1"},{"name":"scc024_1788393554_legal_8"},{"name":"scc2a_1788393513_35968_shmin"},{"name":"scl03e152f4_9"},{"name":"scl03e152f4_Alpha"},{"name":"scl03e152f4_alpha"},{"name":"scl03e152f4_x-1_2"
[NR3 read#3] GET /collections status=200 raw={"result":{"collections":[{"name":"bcc139b6a8bp2"},{"name":"bcc139bc7c6p2"},{"name":"scc024_1788393554_legal_1"},{"name":"scc024_1788393554_legal_8"},{"name":"scc2a_1788393513_35968_shmin"},{"name":"scl03e152f4_9"},{"name":"scl03e152f4_Alpha"},{"name":"scl03e152f4_alpha"},{"name":"scl03e152f4_x-1_2"
[NR3 interleaved describe scl03e152f4_alpha] status=200 raw={"result":{"status":"green","optimizer_status":"ok","indexed_vectors_count":0,"points_count":0,"segments_count":8,"config":{"params":{"vectors":{"size":4,"dista
[NR3 read#4 post-describe] GET /collections status=200 raw={"result":{"collections":[{"name":"bcc139b6a8bp2"},{"name":"bcc139bc7c6p2"},{"name":"scc024_1788393554_legal_1"},{"name":"scc024_1788393554_legal_8"},{"name":"scc2a_1788393513_35968_shmin"},{"name":"scl03e152f4_9"},{"name":"scl03e152f4_Alpha"},{"name":"scl03e152f4_alpha"},{"name":"scl03e152f4_x-1_2"
[NR3] 4 reads + interleaved describe all returned ['scl03e152f4_9', 'scl03e152f4_Alpha', 'scl03e152f4_alpha', 'scl03e152f4_x-1_2']
OK: the listing echoed all family names byte-identically, kept the case-distinct pair as two distinct rows, and returned an identical prefix-scoped multiset across repeated and interleaved reads
VERDICT: NO_DEFECT
