<HOME>\AppData\Local\Programs\Python\Python312\Lib\site-packages\requests\__init__.py:113: RequestsDependencyWarning: urllib3 (2.6.3) or chardet (7.3.0)/charset_normalizer (3.4.6) doesn't match a supported version!
  warnings.warn(
[PATHS] registration check: ['count', 'create_collection', 'query', 'upsert_points']
[create Dot dim8] status=200 raw={"result":true,"status":"ok","time":0.215105268}
[seed upsert 40] status=200 raw={"result":{"operation_id":1,"status":"completed"},"status":"ok","time":0.004311093}
[seed count] status=200 raw={"result":{"count":40},"status":"ok","time":0.000228303}
[E1-run1 offset=0] status=200 raw={"result":{"points":[{"id":1017,"version":1,"score":1.025},{"id":1034,"version":1,"score":1.0},{"id":1011,"version":1,"score":0.975},{"id":1028,"version":1,"score":0.95},{"id":1005,"version":1,"score"
[E1-run1 offset=7] status=200 raw={"result":{"points":[{"id":1016,"version":1,"score":0.85},{"id":1033,"version":1,"score":0.825},{"id":1010,"version":1,"score":0.8},{"id":1027,"version":1,"score":0.775},{"id":1004,"version":1,"score"
[E1-run1 offset=14] status=200 raw={"result":{"points":[{"id":1015,"version":1,"score":0.675},{"id":1032,"version":1,"score":0.65},{"id":1009,"version":1,"score":0.625},{"id":1026,"version":1,"score":0.6},{"id":1003,"version":1,"score"
[E1-run1 offset=21] status=200 raw={"result":{"points":[{"id":1014,"version":1,"score":0.5},{"id":1031,"version":1,"score":0.475},{"id":1008,"version":1,"score":0.45},{"id":1025,"version":1,"score":0.425},{"id":1002,"version":1,"score"
[E1-run1 offset=28] status=200 raw={"result":{"points":[{"id":1013,"version":1,"score":0.325},{"id":1030,"version":1,"score":0.3},{"id":1007,"version":1,"score":0.275},{"id":1024,"version":1,"score":0.25},{"id":1001,"version":1,"score"
[E1-run1 offset=35] status=200 raw={"result":{"points":[{"id":1012,"version":1,"score":0.15},{"id":1029,"version":1,"score":0.125},{"id":1006,"version":1,"score":0.1},{"id":1023,"version":1,"score":0.075},{"id":1000,"version":1,"score"
[E1] page sizes: [7, 7, 7, 7, 7, 5]
[E1] got     : [1017, 1034, 1011, 1028, 1005, 1022, 1039, 1016, 1033, 1010, 1027, 1004, 1021, 1038, 1015, 1032, 1009, 1026, 1003, 1020, 1037, 1014, 1031, 1008, 1025, 1002, 1019, 1036, 1013, 1030, 1007, 1024, 1001, 1018, 1035, 1012, 1029, 1006, 1023, 1000]
[E1] expected: [1017, 1034, 1011, 1028, 1005, 1022, 1039, 1016, 1033, 1010, 1027, 1004, 1021, 1038, 1015, 1032, 1009, 1026, 1003, 1020, 1037, 1014, 1031, 1008, 1025, 1002, 1019, 1036, 1013, 1030, 1007, 1024, 1001, 1018, 1035, 1012, 1029, 1006, 1023, 1000]
[E1] OK: exact pagination complete, duplicate-free, arithmetic order
[E3] next_page_offset log: [None, None, None, None, None, None]
[E2-run2 offset=0] status=200 raw={"result":{"points":[{"id":1017,"version":1,"score":1.025},{"id":1034,"version":1,"score":1.0},{"id":1011,"version":1,"score":0.975},{"id":1028,"version":1,"score":0.95},{"id":1005,"version":1,"score"
[E2-run2 offset=7] status=200 raw={"result":{"points":[{"id":1016,"version":1,"score":0.85},{"id":1033,"version":1,"score":0.825},{"id":1010,"version":1,"score":0.8},{"id":1027,"version":1,"score":0.775},{"id":1004,"version":1,"score"
[E2-run2 offset=14] status=200 raw={"result":{"points":[{"id":1015,"version":1,"score":0.675},{"id":1032,"version":1,"score":0.65},{"id":1009,"version":1,"score":0.625},{"id":1026,"version":1,"score":0.6},{"id":1003,"version":1,"score"
[E2-run2 offset=21] status=200 raw={"result":{"points":[{"id":1014,"version":1,"score":0.5},{"id":1031,"version":1,"score":0.475},{"id":1008,"version":1,"score":0.45},{"id":1025,"version":1,"score":0.425},{"id":1002,"version":1,"score"
[E2-run2 offset=28] status=200 raw={"result":{"points":[{"id":1013,"version":1,"score":0.325},{"id":1030,"version":1,"score":0.3},{"id":1007,"version":1,"score":0.275},{"id":1024,"version":1,"score":0.25},{"id":1001,"version":1,"score"
[E2-run2 offset=35] status=200 raw={"result":{"points":[{"id":1012,"version":1,"score":0.15},{"id":1029,"version":1,"score":0.125},{"id":1006,"version":1,"score":0.1},{"id":1023,"version":1,"score":0.075},{"id":1000,"version":1,"score"
[E2] OK: run-to-run exact pagination sequence identical
WARN: (E3) non-final page 0 lacked next_page_offset
WARN: (E3) non-final page 1 lacked next_page_offset
WARN: (E3) non-final page 2 lacked next_page_offset
WARN: (E3) non-final page 3 lacked next_page_offset
WARN: (E3) non-final page 4 lacked next_page_offset
VERDICT: NO_DEFECT
