<HOME>\AppData\Local\Programs\Python\Python312\Lib\site-packages\requests\__init__.py:113: RequestsDependencyWarning: urllib3 (2.6.3) or chardet (7.3.0)/charset_normalizer (3.4.6) doesn't match a supported version!
  warnings.warn(
[A create] status=200 raw={"result":true,"status":"ok","time":0.315726011}
[A exists-live] status=200 raw={"result":{"exists":true},"status":"ok","time":6.629e-6}
[A exists-live] OK: 200 + result.exists=True
[B delete] status=200 raw={"result":true,"status":"ok","time":0.010074184}
[B post-delete] status=200 raw={"result":{"exists":false},"status":"ok","time":6.143e-6}
[B post-delete] OK: 200 + result.exists=False
[C redundant delete] status=200 raw={"result":false,"status":"ok","time":0.000072969} (delete-face status NOT judged here — different chunk unit)
[C after-redundant-delete] status=200 raw={"result":{"exists":false},"status":"ok","time":6.49e-6}
[C after-redundant-delete] OK: 200 + result.exists=False
[D describe-absent] describe status=404 raw={"status":{"error":"Not found: Collection `sce2_1788401988_35632_col` doesn't exist!"},"time":5.497e-6}
[D list-absent] list status=200 parsed=True contains_C=False raw={"result":{"collections":[{"name":"bcc139b6a8bp2"},{"name":"bcc139bc7c6p2"},{"name":"scc024_1788393554_legal_1"},{"name":"scc024_1788393554_legal_8"},
[E recreate] status=200 raw={"result":true,"status":"ok","time":0.347311253}
[E exists-recreated] status=200 raw={"result":{"exists":true},"status":"ok","time":7.687e-6}
[E exists-recreated] OK: 200 + result.exists=True
[E describe-recreated] describe status=200 raw={"result":{"status":"green","optimizer_status":"ok","indexed_vectors_count":0,"points_count":0,"segments_count":8,"config":{"params":{"vectors":{"size
[E list-recreated] list status=200 parsed=True contains_C=True raw={"result":{"collections":[{"name":"bcc139b6a8bp2"},{"name":"bcc139bc7c6p2"},{"name":"scc024_1788393554_legal_1"},{"name":"scc024_1788393554_legal_8"},
[F final-post-delete] status=200 raw={"result":{"exists":false},"status":"ok","time":5.528e-6}
[F final-post-delete] OK: 200 + result.exists=False
VERDICT: NO_DEFECT
