<HOME>\AppData\Local\Programs\Python\Python312\Lib\site-packages\requests\__init__.py:113: RequestsDependencyWarning: urllib3 (2.6.3) or chardet (7.3.0)/charset_normalizer (3.4.6) doesn't match a supported version!
  warnings.warn(
[path derivation] drop_collection = /collections/{name}; list_collections = /collections; collection_exists = /collections/{collection_name}/exists (all URLs verbatim from raw_knowledge api_endpoints[].url)
ownership prefix: scd04048df3
[pre-probe] /healthz status=200 raw=healthz check passed
[create cycle-1] status=200 raw={"result":true,"status":"ok","time":0.251327418}
[list] status=200 name_present=True raw={"result":{"collections":[{"name":"bcc139b6a8bp2"},{"name":"bcc139bc7c6p2"},{"name":"scc024_1788393554_legal_1"},{"name":"scc024_1788393554_
[get] status=200 raw={"result":{"status":"green","optimizer_status":"ok","indexed_vectors_count":0,"points_count":0,"segments_count":8,"config":{"params":{"vecto
[exists] status=200 result.exists=True raw={"result":{"exists":true},"status":"ok","time":8.124e-6}
[t0 after create #1] face verdicts = {'list': 'present', 'get': 'present', 'exists': 'present'}
[t0 after create #1] MR1 holds: all adjudicated faces report 'present'
[delete cycle-1 ?timeout=10] status=200 raw={"result":true,"status":"ok","time":0.011279357}
[list] status=200 name_present=False raw={"result":{"collections":[{"name":"bcc139b6a8bp2"},{"name":"bcc139bc7c6p2"},{"name":"scc024_1788393554_legal_1"},{"name":"scc024_1788393554_
[get] status=404 raw={"status":{"error":"Not found: Collection `scd04048df3_cyc` doesn't exist!"},"time":0.000010458}
[exists] status=200 result.exists=False raw={"result":{"exists":false},"status":"ok","time":7.075e-6}
[t1 zero-delay after delete #1] face verdicts = {'list': 'absent', 'get': 'absent', 'exists': 'absent'}
[t1 zero-delay after delete #1] MR1 holds: all adjudicated faces report 'absent'
[list] status=200 name_present=False raw={"result":{"collections":[{"name":"bcc139b6a8bp2"},{"name":"bcc139bc7c6p2"},{"name":"scc024_1788393554_legal_1"},{"name":"scc024_1788393554_
[get] status=404 raw={"status":{"error":"Not found: Collection `scd04048df3_cyc` doesn't exist!"},"time":6.966e-6}
[exists] status=200 result.exists=False raw={"result":{"exists":false},"status":"ok","time":5.423e-6}
[t2 settled after delete #1] face verdicts = {'list': 'absent', 'get': 'absent', 'exists': 'absent'}
[t2 settled after delete #1] MR1 holds: all adjudicated faces report 'absent'
[create cycle-2] status=200 raw={"result":true,"status":"ok","time":0.252225467}
[list] status=200 name_present=True raw={"result":{"collections":[{"name":"bcc139b6a8bp2"},{"name":"bcc139bc7c6p2"},{"name":"scc024_1788393554_legal_1"},{"name":"scc024_1788393554_
[get] status=200 raw={"result":{"status":"green","optimizer_status":"ok","indexed_vectors_count":0,"points_count":0,"segments_count":8,"config":{"params":{"vecto
[exists] status=200 result.exists=True raw={"result":{"exists":true},"status":"ok","time":7.116e-6}
[t3 after re-create] face verdicts = {'list': 'present', 'get': 'present', 'exists': 'present'}
[t3 after re-create] MR1 holds: all adjudicated faces report 'present'
[delete cycle-2 ?timeout=10] status=200 raw={"result":true,"status":"ok","time":0.009599954}
[list] status=200 name_present=False raw={"result":{"collections":[{"name":"bcc139b6a8bp2"},{"name":"bcc139bc7c6p2"},{"name":"scc024_1788393554_legal_1"},{"name":"scc024_1788393554_
[get] status=404 raw={"status":{"error":"Not found: Collection `scd04048df3_cyc` doesn't exist!"},"time":6.544e-6}
[exists] status=200 result.exists=False raw={"result":{"exists":false},"status":"ok","time":5.49e-6}
[t4 zero-delay after delete #2] face verdicts = {'list': 'absent', 'get': 'absent', 'exists': 'absent'}
[t4 zero-delay after delete #2] MR1 holds: all adjudicated faces report 'absent'
[MR2] create-side symmetry holds: t0=present == t3=present (present)
[MR2] delete-side symmetry holds: t1=absent == t4=absent (absent)
OK: MR1 cross-face agreement held at all five samplings; MR2 lifecycle symmetry held (create-side t0==t3 present, delete-side t1==t4 absent)
VERDICT: NO_DEFECT
