<HOME>\AppData\Local\Programs\Python\Python312\Lib\site-packages\requests\__init__.py:113: RequestsDependencyWarning: urllib3 (2.6.3) or chardet (7.3.0)/charset_normalizer (3.4.6) doesn't match a supported version!
  warnings.warn(
[path derivation] remove_peer = /cluster/peer/{peer_id} (raw_knowledge api_endpoints[cluster+peer+delete].url)
[pre-probe] /healthz status=200
[peer_id='not_a_number'] status=404 raw=can not parse "not_a_number" to a u64
[peer_id='1.5'] status=404 raw=can not parse "1.5" to a u64
[peer_id='-1'] status=404 raw=can not parse "-1" to a u64
[peer_id='+1'] status=400 raw={"status":{"error":"Bad request: Distributed mode disabled."},"time":5.769e-6}
[peer_id='01'] status=400 raw={"status":{"error":"Bad request: Distributed mode disabled."},"time":4.519e-6}
[peer_id='1e3'] status=404 raw=can not parse "1e3" to a u64
[peer_id='0x1F'] status=404 raw=can not parse "0x1F" to a u64
[peer_id='true'] status=404 raw=can not parse "true" to a u64
[peer_id=' 7'] status=404 raw=can not parse " 7" to a u64
[peer_id='18446744073709551616'] status=404 raw=can not parse "18446744073709551616" to a u64
[peer_id='999999999999999999999999'] status=404 raw=can not parse "999999999999999999999999" to a u64
[force='1' (ghost peer)] status=400 raw={"status":{"error":"Deserialize error in query parameters: provided string was not `true` or `false`"},"time":0.0}
[force='0' (ghost peer)] status=400 raw={"status":{"error":"Deserialize error in query parameters: provided string was not `true` or `false`"},"time":0.0}
[force='yes' (ghost peer)] status=400 raw={"status":{"error":"Deserialize error in query parameters: provided string was not `true` or `false`"},"time":0.0}
[force='TRUE' (ghost peer)] status=400 raw={"status":{"error":"Deserialize error in query parameters: provided string was not `true` or `false`"},"time":0.0}
[force='null' (ghost peer)] status=400 raw={"status":{"error":"Deserialize error in query parameters: provided string was not `true` or `false`"},"time":0.0}
[force='' (ghost peer)] status=400 raw={"status":{"error":"Deserialize error in query parameters: provided string was not `true` or `false`"},"time":0.0}
[summary] 17 type-confused forms cleanly refused (4xx), 0 coerced successes
VERDICT: NO_DEFECT
