<HOME>\AppData\Local\Programs\Python\Python312\Lib\site-packages\requests\__init__.py:113: RequestsDependencyWarning: urllib3 (2.6.3) or chardet (7.3.0)/charset_normalizer (3.4.6) doesn't match a supported version!
  warnings.warn(
[path derivation] metrics = /metrics (runtime PATHS == raw_knowledge api_endpoints[metrics].url ('/metrics'))
[boundary_metrics_001] run_token=1788452589_2624 base=http://127.0.0.1:6333
[P0 bare] status=200 ms=30 bytes=66649 head='# HELP app_info information about qdrant server\n# TYPE app_info gauge\napp_info{name="qdrant",version="1.18.0"} 1\n# HELP app_status_recovery_mode features enabled in qdrant server\n# TYPE app_status_rec'
[P0 bare] prometheus shape: HELP=43 TYPE=43 samples=742
[P1 anonymize=true] status=200 ms=30 bytes=65568 head='# HELP app_info information about qdrant server\n# TYPE app_info gauge\napp_info{name="qdrant",version="1.18.0"} 1\n# HELP app_status_recovery_mode features enabled in qdrant server\n# TYPE app_status_rec'
[P1 anonymize=true] prometheus shape: HELP=43 TYPE=43 samples=742
[P2 anonymize=false] status=200 ms=32 bytes=66649 head='# HELP app_info information about qdrant server\n# TYPE app_info gauge\napp_info{name="qdrant",version="1.18.0"} 1\n# HELP app_status_recovery_mode features enabled in qdrant server\n# TYPE app_status_rec'
[P2 anonymize=false] prometheus shape: HELP=43 TYPE=43 samples=742
[P3 per_collection=true] status=200 ms=46 bytes=462527 head='# HELP app_info information about qdrant server\n# TYPE app_info gauge\napp_info{name="qdrant",version="1.18.0"} 1\n# HELP app_status_recovery_mode features enabled in qdrant server\n# TYPE app_status_rec'
[P3 per_collection=true] prometheus shape: HELP=43 TYPE=43 samples=742
[P4 per_collection=false] status=200 ms=30 bytes=66649 head='# HELP app_info information about qdrant server\n# TYPE app_info gauge\napp_info{name="qdrant",version="1.18.0"} 1\n# HELP app_status_recovery_mode features enabled in qdrant server\n# TYPE app_status_rec'
[P4 per_collection=false] prometheus shape: HELP=43 TYPE=43 samples=742
[P5 anonymize=true+per_collection=true] status=200 ms=31 bytes=65568 head='# HELP app_info information about qdrant server\n# TYPE app_info gauge\napp_info{name="qdrant",version="1.18.0"} 1\n# HELP app_status_recovery_mode features enabled in qdrant server\n# TYPE app_status_rec'
[P5 anonymize=true+per_collection=true] prometheus shape: HELP=43 TYPE=43 samples=742
[P6 anonymize=true+per_collection=false] status=200 ms=15 bytes=65568 head='# HELP app_info information about qdrant server\n# TYPE app_info gauge\napp_info{name="qdrant",version="1.18.0"} 1\n# HELP app_status_recovery_mode features enabled in qdrant server\n# TYPE app_status_rec'
[P6 anonymize=true+per_collection=false] prometheus shape: HELP=43 TYPE=43 samples=742
[family collections] 646 matching line(s); e.g. '# HELP collections_total number of collections'
[family points] 113 matching line(s); e.g. '# HELP collection_indexed_only_excluded_points amount of points excluded in indexed_only requests'
[family searches] 102 matching line(s); e.g. '# HELP rest_responses_total total number of responses'
[family optimizations] 8 matching line(s); e.g. '# HELP collection_running_optimizations number of currently running optimization tasks per collectio'
[family cluster_state] 3 matching line(s); e.g. '# HELP cluster_enabled is cluster support enabled'
NOTE: anonymize effect evidence: bare bytes=66649 anonymize=true bytes=65568 delta=1081 — recorded for the judge (anonymization of labels on an idle instance may be a no-op)
NOTE: leg body sizes: {'P0 bare': 66649, 'P1 anonymize=true': 65568, 'P2 anonymize=false': 66649, 'P3 per_collection=true': 462527, 'P4 per_collection=false': 66649, 'P5 anonymize=true+per_collection=true': 65568, 'P6 anonymize=true+per_collection=false': 65568}
metrics positive matrix: all legs answered HTTP 200 with parseable Prometheus text; family keyword evidence printed; no 5xx, no transport loss with /healthz alive — NO_DEFECT
[cleanup probe healthz] status=200
VERDICT: NO_DEFECT
