<HOME>\AppData\Local\Programs\Python\Python312\Lib\site-packages\requests\__init__.py:113: RequestsDependencyWarning: urllib3 (2.6.3) or chardet (7.3.0)/charset_normalizer (3.4.6) doesn't match a supported version!
  warnings.warn(

face A existing point 1 -> status=200
raw: {"result":{"id":1,"payload":{"n":1},"vector":[0.18257418,0.36514837,0.5477226,0.73029673]},"status":"ok","time":0.000938299}
face A OK: 200 with Record result.id == 1

face B min id=0 -> status=200
raw: {"result":{"id":0,"payload":{"n":0},"vector":[0.2721655,0.4082483,0.544331,0.6804138]},"status":"ok","time":0.000246136}
face B min id=0 OK: 200 with Record result.id == 0 (closure accepted)

face C max id=2^64-1 -> status=200
raw: {"result":{"id":18446744073709551615,"payload":{"n":"max"},"vector":[0.32349834,0.4313311,0.5391639,0.6469967]},"status":"ok","time":0.000128048}
face C max id=2^64-1 OK: 200 with Record result.id == 18446744073709551615 (closure accepted)

face D missing point 424242 -> status=404
raw: {"status":{"error":"Not found: Point with id 424242 does not exists!"},"time":0.000088153}
face D missing point: 404 — promise kept

face E below-domain id=-1 -> status=400
raw: {"status":{"error":"Wrong input: Can not recognize \"-1\" as point id"},"time":3.023e-6}
face E below-domain id=-1: 400 clean domain rejection (error-naming NOTE only, R29)

face F above-domain id=2^64 -> status=400
raw: {"status":{"error":"Wrong input: Can not recognize \"18446744073709551616\" as point id"},"time":1.38e-6}
face F above-domain id=2^64: 400 clean domain rejection (error-naming NOTE only, R29)

face G missing collection -> status=404
raw: {"status":{"error":"Not found: Collection `bpg1missing5783b975` doesn't exist!"},"time":6.541e-6}
face G missing collection: 404 — promise kept
VERDICT: NO_DEFECT
