<HOME>\AppData\Local\Programs\Python\Python312\Lib\site-packages\requests\__init__.py:113: RequestsDependencyWarning: urllib3 (2.6.3) or chardet (7.3.0)/charset_normalizer (3.4.6) doesn't match a supported version!
  warnings.warn(
control Z canonical id 5 -> status=200
raw: {"result":{"id":5,"payload":{"n":5},"vector":[0.18257418,0.36514837,0.5477226,0.73029673]},"status":"ok","time":0.00041572}
control Z OK: 200 with Record result.id == 5

face A non-numeric 'abc' -> status=400
raw: {"status":{"error":"Wrong input: Can not recognize \"abc\" as point id"},"time":2.913e-6}
face A non-numeric 'abc': 400 clean domain rejection (error-naming NOTE only, R29)

face B float form '1.5' -> status=400
raw: {"status":{"error":"Wrong input: Can not recognize \"1.5\" as point id"},"time":1.762e-6}
face B float form '1.5': 400 clean domain rejection (error-naming NOTE only, R29)

face C scientific '1e3' -> status=400
raw: {"status":{"error":"Wrong input: Can not recognize \"1e3\" as point id"},"time":1.712e-6}
face C scientific '1e3': 400 clean domain rejection (error-naming NOTE only, R29)

face D hex form '0x10' -> status=400
raw: {"status":{"error":"Wrong input: Can not recognize \"0x10\" as point id"},"time":1.569e-6}
face D hex form '0x10': 400 clean domain rejection (error-naming NOTE only, R29)

face E empty id (segment absent) -> status=404
raw: 
face E empty id (segment absent): 404 tolerant-parse posture (acceptable)

face F leading-space ' 7' -> status=400
raw: {"status":{"error":"Wrong input: Can not recognize \" 7\" as point id"},"time":1.554e-6}
face F leading-space ' 7': 400 strict-parse posture (clean)

face G plus-sign '+7' -> status=200
raw: {"result":{"id":7,"payload":{"n":7},"vector":[0.2721655,0.4082483,0.544331,0.6804138]},"status":"ok","time":0.000200591}
NOTE: face G plus-sign '+7': 200 with Record id=7 — the server coerced a non-canonical numeric string to point 7 (PointId string branch is UUID-only per the OpenAPI pattern; leniency recorded for the judge — existence legs not violated)

face H leading-zero '007' -> status=200
raw: {"result":{"id":7,"payload":{"n":7},"vector":[0.2721655,0.4082483,0.544331,0.6804138]},"status":"ok","time":0.000427722}
NOTE: face H leading-zero '007': 200 with Record id=7 — the server coerced a non-canonical numeric string to point 7 (PointId string branch is UUID-only per the OpenAPI pattern; leniency recorded for the judge — existence legs not violated)
VERDICT: NO_DEFECT
