<HOME>\AppData\Local\Programs\Python\Python312\Lib\site-packages\requests\__init__.py:113: RequestsDependencyWarning: urllib3 (2.6.3) or chardet (7.3.0)/charset_normalizer (3.4.6) doesn't match a supported version!
  warnings.warn(
[PATHS] index-delete keys present=['delete_index', 'describe_collection', 'drop_collection']
[describe gate (must be empty)] describe status=200 raw={"result":{"status":"green","optimizer_status":"ok","indexed_vectors_count":0,"points_count":0,"segments_count":8,"config":{"params":{"vectors":{"size":4,"distance":"Cosine"},"shard_number":1,"replication_factor":1,"write_consistency_factor":1,"on_disk_payload":true},"hnsw_config":{"m":16,"ef_constr
[gate control-a8] status=200 raw={"result":{"operation_id":2,"status":"completed"},"status":"ok","time":0.203606736}
[leg field-a1e4 value=len=10000 face=promise-200] status=200 raw={"result":{"operation_id":4,"status":"completed"},"status":"ok","time":0.246381068}
[leg field-a1e4] disposition measured-only: 200 (expected face: 200 (promise honored at extreme length); any clean 200/4xx incl. explicit length bound 413/414 is a non-defect for the resource class)
[leg field-a1e5 value=len=100000 face=promise-200] status=400 raw=
[leg field-a1e5] disposition measured-only: 400 (expected face: 200 (promise honored at extreme length); any clean 200/4xx incl. explicit length bound 413/414 is a non-defect for the resource class)
[leg field-a1e6 value=len=1000000 face=promise-200] status=431 raw=
[leg field-a1e6] disposition measured-only: 431 (expected face: 200 (promise honored at extreme length); any clean 200/4xx incl. explicit length bound 413/414 is a non-defect for the resource class)
[leg ghost-z1e4 value=len=10024 face=promise-404] status=422 raw={"status":{"error":"Validation error in path parameters: [collection_name: value \"bidl6_1788448268_22476_gzzzzzzzzzzzzzzzzzzzzzzzzzzzzzzzzzzzzzzzzzzzzzzzzzzzzzzzzzzzzzzzzzzzzzzzzzzzzzzzzzzzzzzzzzzzzzzzzzzzzzzzzzzzzzzzzzzzzzzzzzzzzzzzzzzzzzzzzzzzzzzz
[leg ghost-z1e4] disposition measured-only: 422 (expected face: 404 (missing-collection promise); any clean 200/4xx incl. explicit length bound 413/414 is a non-defect for the resource class)
[leg ghost-z1e5 value=len=100024 face=promise-404] status=400 raw=
[leg ghost-z1e5] disposition measured-only: 400 (expected face: 404 (missing-collection promise); any clean 200/4xx incl. explicit length bound 413/414 is a non-defect for the resource class)
[describe after legs] describe status=200 raw={"result":{"status":"green","optimizer_status":"ok","indexed_vectors_count":0,"points_count":0,"segments_count":8,"config":{"params":{"vectors":{"size":4,"distance":"Cosine"},"shard_number":1,"replication_factor":1,"write_consistency_factor":1,"on_disk_payload":true},"hnsw_config":{"m":16,"ef_constr
[summary] legs=6 (1 control + 3 live-length + 2 ghost-length); defects=0
resource-limit ladder on the delete face: grammar-legal extreme-length path params (field_name 1e4/1e5/1e6 on the live collection; collection_name 1e4/1e5 on never-created ghosts) all produced clean dispositions (200/404/4xx) with no 5xx, no hang and no phantom payload_schema state - NO_DEFECT
[cleanup] dropped bidl6_1788448268_22476_col
VERDICT: NO_DEFECT
