<HOME>\AppData\Local\Programs\Python\Python312\Lib\site-packages\requests\__init__.py:113: RequestsDependencyWarning: urllib3 (2.6.3) or chardet (7.3.0)/charset_normalizer (3.4.6) doesn't match a supported version!
  warnings.warn(

leg L1 limit=1 -> status=200
raw: {"result":[{"id":2,"version":1,"score":0.0057622097}],"status":"ok","time":0.007588221}
leg L1 OK: exactly 1 ScoredPoint with id/version/score

leg L3 limit=3 -> status=200
raw: {"result":[{"id":2,"version":1,"score":0.0057622097},{"id":3,"version":1,"score":0.011524419},{"id":4,"version":1,"score":0.01728663}],"status":"ok","time":0.000318879}
leg L3 OK: exactly 3 ScoredPoints

leg L0 limit=0 -> status=422
raw: {"status":{"error":"Validation error in JSON body: [recommend_request.limit: value 0 invalid, must be 1 or larger]"},"time":0.0}
leg L0 limit=0 OK: rejected with 422 (error names 'limit': True)

leg Lneg limit=-1 -> status=400
raw: {"status":{"error":"Format error in JSON body: invalid value: integer `-1`, expected usize at line 1 column 57"},"time":0.0}
leg Lneg limit=-1 OK: rejected with 400 (error names 'limit': False)

leg Lomit limit-omitted -> status=400
raw: {"status":{"error":"Format error in JSON body: missing field `limit` at line 1 column 44"},"time":0.0}
leg Lomit limit-omitted OK: rejected with 400 (error names 'limit': True)

leg Ltype limit='3' -> status=400
raw: {"status":{"error":"Format error in JSON body: invalid type: string \"3\", expected usize at line 1 column 58"},"time":0.0}
leg Ltype limit='3' OK: rejected with 400 (error names 'limit': False)
VERDICT: NO_DEFECT
