<HOME>\AppData\Local\Programs\Python\Python312\Lib\site-packages\requests\__init__.py:113: RequestsDependencyWarning: urllib3 (2.6.3) or chardet (7.3.0)/charset_normalizer (3.4.6) doesn't match a supported version!
  warnings.warn(
[PATHS] registration check: ['batch_update']
[seed batch 1 ops] status=200 raw={"result":[{"operation_id":1,"status":"completed"}],"status":"ok","time":0.004141362}
[seed get 1] status=200 raw={"result":{"id":1,"payload":{"seed":0},"vector":[0.5962848,0.2981424,0.4472136,0.5962848]},"status":"ok","time":0.000112893}
[seed] OK: payload == {'seed': 0}
[B1 batch 2 ops] status=200 raw={"result":[{"operation_id":2,"status":"completed"},{"operation_id":3,"status":"completed"}],"status":"ok","time":0.005610934}
[B1 get 1] status=200 raw={"result":{"id":1,"payload":{"seed":0,"p1":"a","p2":"b"},"vector":[0.5962848,0.2981424,0.4472136,0.5962848]},"status":"ok","time":0.000189759}
[B1] OK: payload == {'seed': 0, 'p1': 'a', 'p2': 'b'}
[B2 batch 2 ops] status=200 raw={"result":[{"operation_id":4,"status":"completed"},{"operation_id":5,"status":"completed"}],"status":"ok","time":0.00766058}
[B2 get 1] status=200 raw={"result":{"id":1,"payload":{"only":"z"},"vector":[0.5962848,0.2981424,0.4472136,0.5962848]},"status":"ok","time":0.00037428}
[B2] OK: payload == {'only': 'z'}
[B3 batch 2 ops] status=200 raw={"result":[{"operation_id":6,"status":"completed"},{"operation_id":7,"status":"completed"}],"status":"ok","time":0.006438656}
[B3 get 1] status=200 raw={"result":{"id":1,"payload":{"base":"y","late":"w"},"vector":[0.5962848,0.2981424,0.4472136,0.5962848]},"status":"ok","time":0.000148284}
[B3] OK: payload == {'base': 'y', 'late': 'w'}
[B4 batch 2 ops] status=200 raw={"result":[{"operation_id":8,"status":"completed"},{"operation_id":9,"status":"completed"}],"status":"ok","time":0.009038956}
[B4 get 1] status=200 raw={"result":{"id":1,"payload":{},"vector":[0.5962848,0.2981424,0.4472136,0.5962848]},"status":"ok","time":0.000153537}
[B4] OK: payload == {}
[B5 batch 2 ops] status=200 raw={"result":[{"operation_id":10,"status":"completed"},{"operation_id":11,"status":"completed"}],"status":"ok","time":0.009330108}
[B5 get 1] status=200 raw={"result":{"id":1,"payload":{"after":true},"vector":[0.5962848,0.2981424,0.4472136,0.5962848]},"status":"ok","time":0.000184069}
[B5] OK: payload == {'after': True}
VERDICT: NO_DEFECT
