<HOME>\AppData\Local\Programs\Python\Python312\Lib\site-packages\requests\__init__.py:113: RequestsDependencyWarning: urllib3 (2.6.3) or chardet (7.3.0)/charset_normalizer (3.4.6) doesn't match a supported version!
  warnings.warn(
[PATHS] registration check: ['payload_delete']
[A upsert 8] status=200 raw={"result":{"operation_id":1,"status":"completed"},"status":"ok","time":0.003189609}
[A baseline scroll] status=200 raw={"result":{"points":[{"id":0,"payload":{"grp":"a","n":0,"keep":"k"},"vector":[0.2581989,0.2581989,0.5163978,0.77459663]},{"id":1,"payload":{"grp":"a","n":1,"kee
[A count count] status=200 raw={"result":{"count":8},"status":"ok","time":0.000055639}
[B grp=a filter-delete keys=['n']] status=200 raw={"result":{"operation_id":2,"status":"completed"},"status":"ok","time":0.003177716}
[B readback scroll] status=200 raw={"result":{"points":[{"id":0,"payload":{"grp":"a","keep":"k"},"vector":[0.2581989,0.2581989,0.5163978,0.77459663]},{"id":1,"payload":{"grp":"a","keep":"k"},"vec
[B] OK: point 0 payload == {'grp': 'a', 'keep': 'k'}
[B] OK: point 1 payload == {'grp': 'a', 'keep': 'k'}
[B] OK: point 2 payload == {'grp': 'a', 'keep': 'k'}
[B] OK: point 3 payload == {'grp': 'a', 'keep': 'k'}
[B] OK: point 4 payload == {'grp': 'b', 'n': 4, 'keep': 'k'}
[B] OK: point 5 payload == {'grp': 'b', 'n': 5, 'keep': 'k'}
[B] OK: point 6 payload == {'grp': 'b', 'n': 6, 'keep': 'k'}
[B] OK: point 7 payload == {'grp': 'b', 'n': 7, 'keep': 'k'}
[B count count] status=200 raw={"result":{"count":8},"status":"ok","time":0.000079844}
[D restore upsert] status=200 raw={"result":{"operation_id":3,"status":"completed"},"status":"ok","time":0.013131225}
[D restore readback scroll] status=200 raw={"result":{"points":[{"id":0,"payload":{"grp":"a","n":0,"keep":"k"},"vector":[0.2581989,0.2581989,0.5163978,0.77459663]},{"id":1,"payload":{"grp":"a","n":1,"kee
[E n>=6 filter-delete keys=['grp']] status=200 raw={"result":{"operation_id":4,"status":"completed"},"status":"ok","time":0.013186448}
[E readback scroll] status=200 raw={"result":{"points":[{"id":0,"payload":{"grp":"a","n":0,"keep":"k"},"vector":[0.2581989,0.2581989,0.5163978,0.77459663]},{"id":1,"payload":{"grp":"a","n":1,"kee
[E] OK: point 0 payload == {'grp': 'a', 'n': 0, 'keep': 'k'}
[E] OK: point 1 payload == {'grp': 'a', 'n': 1, 'keep': 'k'}
[E] OK: point 2 payload == {'grp': 'a', 'n': 2, 'keep': 'k'}
[E] OK: point 3 payload == {'grp': 'a', 'n': 3, 'keep': 'k'}
[E] OK: point 4 payload == {'grp': 'b', 'n': 4, 'keep': 'k'}
[E] OK: point 5 payload == {'grp': 'b', 'n': 5, 'keep': 'k'}
[E] OK: point 6 payload == {'keep': 'k', 'n': 6}
[E] OK: point 7 payload == {'keep': 'k', 'n': 7}
[E count count] status=200 raw={"result":{"count":8},"status":"ok","time":0.000074379}
[F grp=zzz filter-delete keys=['keep']] status=200 raw={"result":{"operation_id":5,"status":"completed"},"status":"ok","time":0.003695845}
[F readback scroll] status=200 raw={"result":{"points":[{"id":0,"payload":{"grp":"a","n":0,"keep":"k"},"vector":[0.2581989,0.2581989,0.5163978,0.77459663]},{"id":1,"payload":{"grp":"a","n":1,"kee
[F] OK: no-match filter mutated nothing
[F count count] status=200 raw={"result":{"count":8},"status":"ok","time":0.000168566}
VERDICT: NO_DEFECT
