<HOME>\AppData\Local\Programs\Python\Python312\Lib\site-packages\requests\__init__.py:113: RequestsDependencyWarning: urllib3 (2.6.3) or chardet (7.3.0)/charset_normalizer (3.4.6) doesn't match a supported version!
  warnings.warn(
[path derivation] collection_exists = /collections/{collection_name}/exists (raw_knowledge api_endpoints[collections+exists].url)
ownership prefix: sce05c1f1be
[pre-probe] /healthz status=200 raw=healthz check passed
---- c1 plain control: 'sce05c1f1be_ctl' (len=15) ----
[create sce05c1f1be_ctl] status=200 raw={"result":true,"status":"ok","time":0.304745769}
[exists sce05c1f1be_ctl] status=200 result.exists=True raw={"result":{"exists":true},"status":"ok","time":6.276e-6}
[conform] c1 plain control: 200 with result.exists=true
[exists twin sce05c1f1be_ctl0g] status=200 result.exists=False raw={"result":{"exists":false},"status":"ok","time":5.127e-6}
[conform] c1 plain control twin: 200 with result.exists=false
---- c2 long-63: 'sce05c1f1beaaaaaaaaaaaaaaaaaaaaaaaaaaaaaaaaaaaaaaaaaaaaaaaaaaaa' (len=63) ----
[create sce05c1f1beaaaaaaaaaaaaaaaaaaaaaaaaaaaaaaaaaaaaaaaaaaaaaaaaaaaa] status=200 raw={"result":true,"status":"ok","time":0.297178319}
[exists sce05c1f1beaaaaaaaaaaaaaaaaaaaaaaaaaaaaaaaaaaaaaaaaaaaaaaaaaaaa] status=200 result.exists=True raw={"result":{"exists":true},"status":"ok","time":8.468e-6}
[conform] c2 long-63: 200 with result.exists=true
[exists twin sce05c1f1beaaaaaaaaaaaaaaaaaaaaaaaaaaaaaaaaaaaaaaaaaaaaaaaaaaaa0g] status=200 result.exists=False raw={"result":{"exists":false},"status":"ok","time":6.547e-6}
[conform] c2 long-63 twin: 200 with result.exists=false
---- c3 digits+hyphens: 'sce05c1f1be-123-abc-456' (len=23) ----
[create sce05c1f1be-123-abc-456] status=200 raw={"result":true,"status":"ok","time":0.299828912}
[exists sce05c1f1be-123-abc-456] status=200 result.exists=True raw={"result":{"exists":true},"status":"ok","time":9.598e-6}
[conform] c3 digits+hyphens: 200 with result.exists=true
[exists twin sce05c1f1be-123-abc-4560g] status=200 result.exists=False raw={"result":{"exists":false},"status":"ok","time":5.952e-6}
[conform] c3 digits+hyphens twin: 200 with result.exists=false
---- c4 routing-edge 'points': 'points' (len=6) ----
[create points] status=200 raw={"result":true,"status":"ok","time":0.320863993}
[exists points] status=200 result.exists=True raw={"result":{"exists":true},"status":"ok","time":7.584e-6}
[conform] c4 routing-edge 'points': 200 with result.exists=true
[exists twin points0g] status=200 result.exists=False raw={"result":{"exists":false},"status":"ok","time":7.932e-6}
[conform] c4 routing-edge 'points' twin: 200 with result.exists=false
---- c5 routing-edge 'exists': 'exists' (len=6) ----
[create exists] status=200 raw={"result":true,"status":"ok","time":0.304860858}
[exists exists] status=200 result.exists=True raw={"result":{"exists":true},"status":"ok","time":5.557e-6}
[conform] c5 routing-edge 'exists': 200 with result.exists=true
[exists twin exists0g] status=200 result.exists=False raw={"result":{"exists":false},"status":"ok","time":5.534e-6}
[conform] c5 routing-edge 'exists' twin: 200 with result.exists=false
---- c6 routing-edge 'aliases': 'aliases' (len=7) ----
[create aliases] status=200 raw={"result":true,"status":"ok","time":0.315459717}
[exists aliases] status=200 result.exists=True raw={"result":{"exists":true},"status":"ok","time":5.176e-6}
[conform] c6 routing-edge 'aliases': 200 with result.exists=true
[exists twin aliases0g] status=200 result.exists=False raw={"result":{"exists":false},"status":"ok","time":5.934e-6}
[conform] c6 routing-edge 'aliases' twin: 200 with result.exists=false
OK: every create-verified legal name (incl. routing-edge segment names points/exists/aliases) is answered 200+true, and every never-created legal-format twin 200+false - no legal input wrongly rejected on the exists face
VERDICT: NO_DEFECT
