<HOME>\AppData\Local\Programs\Python\Python312\Lib\site-packages\requests\__init__.py:113: RequestsDependencyWarning: urllib3 (2.6.3) or chardet (7.3.0)/charset_normalizer (3.4.6) doesn't match a supported version!
  warnings.warn(
[PATHS] registered facet; total keys=35; facet present=1
[setup upsert] status=200 raw={"result":{"operation_id":1,"status":"completed"},"status":"ok","time":0.003252166}
[A no-index] facet key=city status=400 raw={"status":{"error":"Wrong input: No appropriate index for faceting: `city`. Please create one to facet on this field. Check https://qdrant.tech/documentation/concepts/indexing/#payload-index to see which payload schemas 
[A no-index] OK: 400 as asserted (no suitable index on key city)
[B index city] status=200 raw={"result":{"operation_id":3,"status":"completed"},"status":"ok","time":0.498715177}
[B indexed-city] facet key=city status=200 raw={"result":{"hits":[{"value":"c0","count":3},{"value":"c1","count":3},{"value":"c2","count":3},{"value":"c3","count":3}]},"status":"ok","time":0.00035794}
[B indexed-city] OK: 200 with 4 hits on indexed key city
[C unindexed-region] facet key=region status=400 raw={"status":{"error":"Wrong input: No appropriate index for faceting: `region`. Please create one to facet on this field. Check https://qdrant.tech/documentation/concepts/indexing/#payload-index to see which payload schema
[C unindexed-region] OK: 400 as asserted (no suitable index on key region)
[D index region] status=200 raw={"result":{"operation_id":5,"status":"completed"},"status":"ok","time":0.525967788}
[D indexed-region] facet key=region status=200 raw={"result":{"hits":[{"value":"r0","count":4},{"value":"r1","count":4},{"value":"r2","count":4}]},"status":"ok","time":0.00032379}
[D indexed-region] OK: 200 with 3 hits on indexed key region
[E delete index city] status=200 raw={"result":{"operation_id":7,"status":"completed"},"status":"ok","time":0.273270647}
[E after-index-drop] facet key=city status=400 raw={"status":{"error":"Wrong input: No appropriate index for faceting: `city`. Please create one to facet on this field. Check https://qdrant.tech/documentation/concepts/indexing/#payload-index to see which payload schemas 
[E after-index-drop] OK: 400 as asserted (no suitable index on key city)
[F re-index city] status=200 raw={"result":{"operation_id":9,"status":"completed"},"status":"ok","time":0.54464959}
[F restored-city] facet key=city status=200 raw={"result":{"hits":[{"value":"c0","count":3},{"value":"c1","count":3},{"value":"c2","count":3},{"value":"c3","count":3}]},"status":"ok","time":0.000487891}
[F restored-city] OK: 200 with 4 hits on indexed key city
VERDICT: NO_DEFECT
