<HOME>\AppData\Local\Programs\Python\Python312\Lib\site-packages\requests\__init__.py:113: RequestsDependencyWarning: urllib3 (2.6.3) or chardet (7.3.0)/charset_normalizer (3.4.6) doesn't match a supported version!
  warnings.warn(
ownership prefix: bau613309920
probe[unicode-emoji] create -> status=200
  raw: {"result":true,"status":"ok","time":0.01322273}
  OK: roundtrip byte-exact, bound to owning collection
probe[unicode-emoji] delete -> status=200 raw={"result":true,"status":"ok","time":0.013419269}
  OK: deleted cleanly
probe[rtl-zero-width] create -> status=200
  raw: {"result":true,"status":"ok","time":0.014476621}
  OK: roundtrip byte-exact, bound to owning collection
probe[rtl-zero-width] delete -> status=200 raw={"result":true,"status":"ok","time":0.011653999}
  OK: deleted cleanly
probe[sql-injection] create -> status=200
  raw: {"result":true,"status":"ok","time":0.013786592}
  OK: roundtrip byte-exact, bound to owning collection
probe[sql-injection] delete -> status=200 raw={"result":true,"status":"ok","time":0.015601996}
  OK: deleted cleanly
probe[json-injection] create -> status=200
  raw: {"result":true,"status":"ok","time":0.021973702}
  OK: roundtrip byte-exact, bound to owning collection
probe[json-injection] delete -> status=200 raw={"result":true,"status":"ok","time":0.017321583}
  OK: deleted cleanly
probe[overlong-100k] create -> status=200
  raw: {"result":true,"status":"ok","time":0.017939387}
  OK: roundtrip byte-exact, bound to owning collection
probe[overlong-100k] delete -> status=200 raw={"result":true,"status":"ok","time":0.016356071}
  OK: deleted cleanly
VERDICT: NO_DEFECT
