<HOME>\AppData\Local\Programs\Python\Python312\Lib\site-packages\requests\__init__.py:113: RequestsDependencyWarning: urllib3 (2.6.3) or chardet (7.3.0)/charset_normalizer (3.4.6) doesn't match a supported version!
  warnings.warn(
ownership prefix: bal20c579ff4 (c1=bal20c579ff4c1 with alias, c2=bal20c579ff4c2 without)
create alias status=200 raw={"result":true,"status":"ok","time":0.01259958}
OK: baseline lists bal20c579ff4a1 -> bal20c579ff4c1
probe[empty-string] value='' -> status=200
  raw: {"result":{"aliases":[{"alias_name":"bal20c579ff4a1","collection_name":"bal20c579ff4c1"}]},"status":"ok","time":0.000036671}
  OK: 200, envelope intact, bal20c579ff4a1 still listed -> bal20c579ff4c1
probe[numeric-zero] value='0' -> status=200
  raw: {"result":{"aliases":[{"alias_name":"bal20c579ff4a1","collection_name":"bal20c579ff4c1"}]},"status":"ok","time":0.000040835}
  OK: 200, envelope intact, bal20c579ff4a1 still listed -> bal20c579ff4c1
probe[numeric-negative] value='-1' -> status=200
  raw: {"result":{"aliases":[{"alias_name":"bal20c579ff4a1","collection_name":"bal20c579ff4c1"}]},"status":"ok","time":0.000034095}
  OK: 200, envelope intact, bal20c579ff4a1 still listed -> bal20c579ff4c1
probe[null-literal] value='null' -> status=200
  raw: {"result":{"aliases":[{"alias_name":"bal20c579ff4a1","collection_name":"bal20c579ff4c1"}]},"status":"ok","time":0.000047372}
  OK: 200, envelope intact, bal20c579ff4a1 still listed -> bal20c579ff4c1
probe[boolean-literal] value='true' -> status=200
  raw: {"result":{"aliases":[{"alias_name":"bal20c579ff4a1","collection_name":"bal20c579ff4c1"}]},"status":"ok","time":0.000024197}
  OK: 200, envelope intact, bal20c579ff4a1 still listed -> bal20c579ff4c1
probe[array-ish] value='[]' -> status=200
  raw: {"result":{"aliases":[{"alias_name":"bal20c579ff4a1","collection_name":"bal20c579ff4c1"}]},"status":"ok","time":0.000031439}
  OK: 200, envelope intact, bal20c579ff4a1 still listed -> bal20c579ff4c1
probe[object-ish] value='{}' -> status=200
  raw: {"result":{"aliases":[{"alias_name":"bal20c579ff4a1","collection_name":"bal20c579ff4c1"}]},"status":"ok","time":0.000033164}
  OK: 200, envelope intact, bal20c579ff4a1 still listed -> bal20c579ff4c1
probe[huge-float] value='1e10' -> status=200
  raw: {"result":{"aliases":[{"alias_name":"bal20c579ff4a1","collection_name":"bal20c579ff4c1"}]},"status":"ok","time":0.000034562}
  OK: 200, envelope intact, bal20c579ff4a1 still listed -> bal20c579ff4c1
probe[unicode] value='bal20c579ff4-中文🎯' -> status=200
  raw: {"result":{"aliases":[{"alias_name":"bal20c579ff4a1","collection_name":"bal20c579ff4c1"}]},"status":"ok","time":0.000036637}
  OK: 200, envelope intact, bal20c579ff4a1 still listed -> bal20c579ff4c1
probe[nul-byte] value='a\x00b' -> status=200
  raw: {"result":{"aliases":[{"alias_name":"bal20c579ff4a1","collection_name":"bal20c579ff4c1"}]},"status":"ok","time":0.000032866}
  OK: 200, envelope intact, bal20c579ff4a1 still listed -> bal20c579ff4c1
probe[overlong-100k] value='aaaaaaaaaaaaaaaaaaaaaaaaaaaaaaaaaaaaa...' -> status=400
  raw: 
VERDICT: DEFECT_FOUND (Type2_PoorDiagnostics) — collection_name='aaaaaaaaaaaaaaaaaaaaaaaaaaaaaaaaaaaaa...' (overlong-100k) rejected with 400 but empty diagnostic body
