<HOME>\AppData\Local\Programs\Python\Python312\Lib\site-packages\requests\__init__.py:113: RequestsDependencyWarning: urllib3 (2.6.3) or chardet (7.3.0)/charset_normalizer (3.4.6) doesn't match a supported version!
  warnings.warn(
ownership prefix: bcci32af28337
probe[nul-byte] -> status=404 (NUL byte inside the name (JSON-escape class %00))
  raw: 
  OK: refused with 404 (4xx graceful refusal)
probe[unicode] -> status=404 (unicode name 中文测试🎯 (UTF-8 percent-encoded))
  raw: 
  OK: refused with 404 (4xx graceful refusal)
probe[overlong-2000] -> status=404 (overlong name, 2000 chars)
  raw: 
  OK: refused with 404 (4xx graceful refusal)
probe[encoded-slash] -> status=404 (encoded slash inside the name (a%2Fb))
  raw: 
  OK: refused with 404 (4xx graceful refusal)
probe[dot-segment] -> status=404 (single dot as name)
  raw: 
  OK: refused with 404 (4xx graceful refusal)
probe[dotdot-segment] -> status=200 (dot-dot as name)
  raw: {"result":{"status":"disabled"},"status":"ok","time":0.00008101}
VERDICT: DEFECT_FOUND (Type1_IllegalSuccess) — probe 'dotdot-segment' is a never-creatable collection name yet answered 200 where the assertion documents 404 for unknown collections (qdrant_behavioral_cluster_collection_info_001)
