<HOME>\AppData\Local\Programs\Python\Python312\Lib\site-packages\requests\__init__.py:113: RequestsDependencyWarning: urllib3 (2.6.3) or chardet (7.3.0)/charset_normalizer (3.4.6) doesn't match a supported version!
  warnings.warn(
[path derivation] create_collection = /collections/{name} (raw_knowledge api_endpoints[collections+create].url = /collections/{collection_name})
[pre-probe] /healthz status=200 raw=healthz check passed
[control] setup_default create OK (deployment healthy)
[create scc15_1788388179_ok_1 mrmp=1] status=200 raw={"result":true,"status":"ok","time":0.250294771}
[describe scc15_1788388179_ok_1] status=200 raw={"result":{"status":"green","optimizer_status":"ok","indexed_vectors_count":0,"points_count":0,"segments_count":8,"config":{"params":{"vectors":{"size":4,"distance":"Cosine"},"shard_number":1,"replication_factor":1,"write_consistency_factor":1,"on_disk_payload":true},"hnsw_config":{"m":16,"ef_constr
[mrmp 1] accepted; readback mrmp = 1
[mrmp 1] in-range disposition: accepted (deprecated field still honored on this deployment; recorded)
[create scc15_1788388179_ok_100 mrmp=100] status=200 raw={"result":true,"status":"ok","time":0.237121176}
[describe scc15_1788388179_ok_100] status=200 raw={"result":{"status":"green","optimizer_status":"ok","indexed_vectors_count":0,"points_count":0,"segments_count":8,"config":{"params":{"vectors":{"size":4,"distance":"Cosine"},"shard_number":1,"replication_factor":1,"write_consistency_factor":1,"on_disk_payload":true},"hnsw_config":{"m":16,"ef_constr
[mrmp 100] accepted; readback mrmp = 100
[mrmp 100] in-range disposition: accepted (deprecated field still honored on this deployment; recorded)
[create scc15_1788388179_bad_0 mrmp=0] status=422 raw={"status":{"error":"Validation error in JSON body: [strict_mode_config.max_resident_memory_percent: value 0 invalid, must be from 1 to 100]"},"time":0.0}
[mrmp 0] out-of-range refused with 422 (clean)
[mrmp 0] rubric score=2/3 criteria=['param_named', 'format_hint(must be)']; message={"status": {"error": "validation error in json body: [strict_mode_config.max_resident_memory_percent: value 0 invalid, must be from 1 to 100]"}, "time": 0.0}
[create scc15_1788388179_bad_101 mrmp=101] status=422 raw={"status":{"error":"Validation error in JSON body: [strict_mode_config.max_resident_memory_percent: value 101 invalid, must be from 1 to 100]"},"time":0.0}
[mrmp 101] out-of-range refused with 422 (clean)
[summary] in-range 1/100 dual dispositions recorded; out-of-range 0/101 neither persisted nor silently honored in state - the [1,100] bound holds per qdrant_range_collections_create_006
VERDICT: NO_DEFECT
