<HOME>\AppData\Local\Programs\Python\Python312\Lib\site-packages\requests\__init__.py:113: RequestsDependencyWarning: urllib3 (2.6.3) or chardet (7.3.0)/charset_normalizer (3.4.6) doesn't match a supported version!
  warnings.warn(
[op:create_dup_A] status=200 raw={"result":true,"status":"ok","time":0.014030269}
FALLBACK_TRIGGERED: per-collection alias listing (aliases+collection+list) has no qdrant runtime PATHS key; issuing the contract-derived REST path GET /collections/{collection_name}/aliases via requests
[FALLBACK_JUSTIFIED: scripts/runtime/qdrant.py PATHS exposes only update_aliases (POST /collections/aliases) and list_aliases (GET /aliases); the chunk unit endpoint aliases+collection+list (contract api_endpoints: method GET, required path parameter collection_name, source_url slug get-collection-aliases) is NOT reachable through the rt.request path_key whitelist; the REST route is derived 1:1 from the contract endpoint (raw_knowledge.json document_sources 0-12, v-1-18-x api-reference)]
[face:salc_up_a_1788354862] status=200 raw={"result":{"aliases":[{"alias_name":"salc_up_dup_1788354862","collection_name":"salc_up_a_1788354862"}]},"status":"ok","time":0.000029994}
[face:salc_up_b_1788354862] status=200 raw={"result":{"aliases":[]},"status":"ok","time":6.183e-6}
[face:global] status=200 raw={"result":{"aliases":[{"alias_name":"salc_up_dup_1788354862","collection_name":"salc_up_a_1788354862"},{"alias_name":"sem_gdc1_al_1929a5ad","collection_name":"sem_gdc1_81ce0571"}]},"status":"ok","time":0.000014054}
[op:recreate_dup_A] status=200 raw={"result":true,"status":"ok","time":0.013532471}
[face:salc_up_a_1788354862] status=200 raw={"result":{"aliases":[{"alias_name":"salc_up_dup_1788354862","collection_name":"salc_up_a_1788354862"}]},"status":"ok","time":6.532e-6}
[face:salc_up_b_1788354862] status=200 raw={"result":{"aliases":[]},"status":"ok","time":8.328e-6}
[face:global] status=200 raw={"result":{"aliases":[{"alias_name":"salc_up_dup_1788354862","collection_name":"salc_up_a_1788354862"},{"alias_name":"sem_gdc1_al_1929a5ad","collection_name":"sem_gdc1_81ce0571"}]},"status":"ok","time":0.000081299}
[op:rebind_dup_B] status=200 raw={"result":true,"status":"ok","time":0.013540362}
[face:salc_up_a_1788354862] status=200 raw={"result":{"aliases":[]},"status":"ok","time":6.679e-6}
[face:salc_up_b_1788354862] status=200 raw={"result":{"aliases":[{"alias_name":"salc_up_dup_1788354862","collection_name":"salc_up_b_1788354862"}]},"status":"ok","time":7.106e-6}
[face:global] status=200 raw={"result":{"aliases":[{"alias_name":"salc_up_dup_1788354862","collection_name":"salc_up_b_1788354862"},{"alias_name":"sem_gdc1_al_1929a5ad","collection_name":"sem_gdc1_81ce0571"}]},"status":"ok","time":0.000013191}
[op:delete_dup] status=200 raw={"result":true,"status":"ok","time":0.012824434}
[face:salc_up_a_1788354862] status=200 raw={"result":{"aliases":[]},"status":"ok","time":6.333e-6}
[face:salc_up_b_1788354862] status=200 raw={"result":{"aliases":[]},"status":"ok","time":6.861e-6}
[face:global] status=200 raw={"result":{"aliases":[{"alias_name":"sem_gdc1_al_1929a5ad","collection_name":"sem_gdc1_81ce0571"}]},"status":"ok","time":0.000010993}
[op:recreate_after_delete] status=200 raw={"result":true,"status":"ok","time":0.013761807}
[face:salc_up_a_1788354862] status=200 raw={"result":{"aliases":[{"alias_name":"salc_up_dup_1788354862","collection_name":"salc_up_a_1788354862"}]},"status":"ok","time":7.309e-6}
[face:salc_up_b_1788354862] status=200 raw={"result":{"aliases":[]},"status":"ok","time":8.123e-6}
[face:global] status=200 raw={"result":{"aliases":[{"alias_name":"salc_up_dup_1788354862","collection_name":"salc_up_a_1788354862"},{"alias_name":"sem_gdc1_al_1929a5ad","collection_name":"sem_gdc1_81ce0571"}]},"status":"ok","time":0.000078965}
DEFECT: S1: global listing={'salc_up_dup_1788354862': 'salc_up_a_1788354862', 'sem_gdc1_al_1929a5ad': 'sem_gdc1_81ce0571'} expected={'salc_up_dup_1788354862': 'salc_up_a_1788354862'} (cross-face drift, Type4_StateLogicViolation)
DEFECT: S2: global listing={'salc_up_dup_1788354862': 'salc_up_a_1788354862', 'sem_gdc1_al_1929a5ad': 'sem_gdc1_81ce0571'} expected={'salc_up_dup_1788354862': 'salc_up_a_1788354862'} (cross-face drift, Type4_StateLogicViolation)
DEFECT: S3: global listing={'salc_up_dup_1788354862': 'salc_up_b_1788354862', 'sem_gdc1_al_1929a5ad': 'sem_gdc1_81ce0571'} expected={'salc_up_dup_1788354862': 'salc_up_b_1788354862'} (cross-face drift, Type4_StateLogicViolation)
DEFECT: S4: global listing={'sem_gdc1_al_1929a5ad': 'sem_gdc1_81ce0571'} expected={} (cross-face drift, Type4_StateLogicViolation)
DEFECT: S5: global listing={'salc_up_dup_1788354862': 'salc_up_a_1788354862', 'sem_gdc1_al_1929a5ad': 'sem_gdc1_81ce0571'} expected={'salc_up_dup_1788354862': 'salc_up_a_1788354862'} (cross-face drift, Type4_StateLogicViolation)
VERDICT: DEFECT_FOUND
