<HOME>\AppData\Local\Programs\Python\Python312\Lib\site-packages\requests\__init__.py:113: RequestsDependencyWarning: urllib3 (2.6.3) or chardet (7.3.0)/charset_normalizer (3.4.6) doesn't match a supported version!
  warnings.warn(
[PATHS] index keys present=['delete_index', 'create_index', 'describe_collection', 'count']
[setup batch 0] n=100 wait=False status=200 raw={"result":{"operation_id":1,"status":"acknowledged"},"status":"ok","time":0.000267351}
[setup batch 1] n=100 wait=False status=200 raw={"result":{"operation_id":2,"status":"acknowledged"},"status":"ok","time":0.000458524}
[setup batch 2] n=100 wait=True status=200 raw={"result":{"operation_id":3,"status":"completed"},"status":"ok","time":0.008307688}
[baseline total] count status=200 raw={"result":{"count":300},"status":"ok","time":0.000428464}
[baseline total] count status=200 raw={"result":{"count":300},"status":"ok","time":0.000138217}
[baseline filter kw0] count status=200 raw={"result":{"count":100},"status":"ok","time":0.000266839}
[baseline filter kw1] count status=200 raw={"result":{"count":100},"status":"ok","time":0.000279543}
[baseline filter kw2] count status=200 raw={"result":{"count":100},"status":"ok","time":0.00030221}
[cycle1 create wait=false] status=200 raw={"result":{"operation_id":5,"status":"acknowledged"},"status":"ok","time":0.017657167}
[cycle1 delete during build] status=200 raw={"result":{"operation_id":7,"status":"completed"},"status":"ok","time":1.001292648}
[cycle 1 poll] describe status=200 raw={"result":{"status":"green","optimizer_status":"ok","indexed_vectors_count":0,"points_count":300,"segments_count":8,"config":{"params":{"vectors":{"size":4,"distance":"Cosine"},"shard_number":1,"replication_factor":1,"write_consistency_factor":1,"on_disk_payload":true},"hnsw_config":{"m":16,"ef_cons
[cycle1 total] count status=200 raw={"result":{"count":300},"status":"ok","time":0.000179056}
[cycle1 filter kw0] count status=200 raw={"result":{"count":100},"status":"ok","time":0.000313907}
[cycle1 filter kw1] count status=200 raw={"result":{"count":100},"status":"ok","time":0.000202222}
[cycle1 filter kw2] count status=200 raw={"result":{"count":100},"status":"ok","time":0.000229341}
[cycle2 create wait=true] status=200 raw={"result":{"operation_id":9,"status":"completed"},"status":"ok","time":0.792310565}
[cycle2 echo poll] describe status=200 raw={"result":{"status":"green","optimizer_status":"ok","indexed_vectors_count":0,"points_count":300,"segments_count":8,"config":{"params":{"vectors":{"size":4,"distance":"Cosine"},"shard_number":1,"replication_factor":1,"write_consistency_factor":1,"on_disk_payload":true},"hnsw_config":{"m":16,"ef_cons
[cycle2 delete settled] status=200 raw={"result":{"operation_id":11,"status":"completed"},"status":"ok","time":0.218221006}
[cycle 2 poll] describe status=200 raw={"result":{"status":"green","optimizer_status":"ok","indexed_vectors_count":0,"points_count":300,"segments_count":8,"config":{"params":{"vectors":{"size":4,"distance":"Cosine"},"shard_number":1,"replication_factor":1,"write_consistency_factor":1,"on_disk_payload":true},"hnsw_config":{"m":16,"ef_cons
[cycle2 total] count status=200 raw={"result":{"count":300},"status":"ok","time":0.000286483}
[cycle2 filter kw0] count status=200 raw={"result":{"count":100},"status":"ok","time":0.000360572}
[cycle2 filter kw1] count status=200 raw={"result":{"count":100},"status":"ok","time":0.000402608}
[cycle2 filter kw2] count status=200 raw={"result":{"count":100},"status":"ok","time":0.000259457}
[cycle3 create wait=false] status=200 raw={"result":{"operation_id":13,"status":"acknowledged"},"status":"ok","time":0.013815588}
[cycle3 delete mid-build] status=200 raw={"result":{"operation_id":15,"status":"completed"},"status":"ok","time":0.574745456}
[cycle 3 poll] describe status=200 raw={"result":{"status":"green","optimizer_status":"ok","indexed_vectors_count":0,"points_count":300,"segments_count":8,"config":{"params":{"vectors":{"size":4,"distance":"Cosine"},"shard_number":1,"replication_factor":1,"write_consistency_factor":1,"on_disk_payload":true},"hnsw_config":{"m":16,"ef_cons
[cycle3 total] count status=200 raw={"result":{"count":300},"status":"ok","time":0.000411459}
[cycle3 filter kw0] count status=200 raw={"result":{"count":100},"status":"ok","time":0.000204013}
[cycle3 filter kw1] count status=200 raw={"result":{"count":100},"status":"ok","time":0.000370234}
[cycle3 filter kw2] count status=200 raw={"result":{"count":100},"status":"ok","time":0.000197756}
[summary] N=300 cycles=3 defects=0
during-build deletion clean: all deletes 200, describe converged to no-index within deadline after every cycle (delete wins over the pending build), count=300 and filtered 100/100/100 at every checkpoint - NO_DEFECT
[cleanup] dropped sidd10_1788448374_30472_col
VERDICT: NO_DEFECT
