<HOME>\AppData\Local\Programs\Python\Python312\Lib\site-packages\requests\__init__.py:113: RequestsDependencyWarning: urllib3 (2.6.3) or chardet (7.3.0)/charset_normalizer (3.4.6) doesn't match a supported version!
  warnings.warn(
[PATHS] registration check: ['count', 'healthz', 'recommend', 'upsert_points']
[upsert 8 pts] status=200 raw={"result":{"operation_id":1,"status":"completed"},"status":"ok","time":0.005566944}
[seed count] status=200 raw={"result":{"count":8},"status":"ok","time":0.000304362}
[pos1-limit1-offset0 recommend] status=200 raw={"result":[{"id":2,"version":1,"score":0.9998005}],"status":"ok","time":0.000297786}
[pos1] OK: boundary minima accepted, ids=[2]
[pos2-limit8-offset0 recommend] status=200 raw={"result":[{"id":2,"version":1,"score":0.9998005},{"id":3,"version":1,"score":0.99920297},{"id":4,"version":1,"score":0.99821067},{"id":5,"version":1,"score":0.99682796},{"id":6,"version":1,"score":0.99506086},{"id":7,"version":1,"score":0.
[pos2] OK: full-width page returned 7 entries
[neg1-limit0 recommend] status=422 raw={"status":{"error":"Validation error in JSON body: [recommend_request.limit: value 0 invalid, must be 1 or larger]"},"time":0.0}
[neg1-limit0] OK: violating request rejected with 422
[neg2-limit-neg1 recommend] status=400 raw={"status":{"error":"Format error in JSON body: invalid value: integer `-1`, expected usize at line 1 column 30"},"time":0.0}
[neg2-limit-neg1] OK: violating request rejected with 400
[neg3-offset-neg1 recommend] status=400 raw={"status":{"error":"Format error in JSON body: invalid value: integer `-1`, expected usize at line 1 column 43"},"time":0.0}
[neg3-offset-neg1] OK: violating request rejected with 400
[neg4-no-limit recommend] status=400 raw={"status":{"error":"Format error in JSON body: missing field `limit` at line 1 column 17"},"time":0.0}
[neg4-no-limit] OK: violating request rejected with 400
[pos3-repeat-limit1-offset0 recommend] status=200 raw={"result":[{"id":2,"version":1,"score":0.9998005}],"status":"ok","time":0.000277259}
[pos3] OK: identical read on unchanged state -> 200 again, ids=[2]
VERDICT: NO_DEFECT
