<HOME>\AppData\Local\Programs\Python\Python312\Lib\site-packages\requests\__init__.py:113: RequestsDependencyWarning: urllib3 (2.6.3) or chardet (7.3.0)/charset_normalizer (3.4.6) doesn't match a supported version!
  warnings.warn(
[url-derived] cluster+status -> /cluster
ownership tag: bcs2-9566d416
[control GET /cluster] status=200 raw={"result":{"status":"disabled"},"status":"ok","time":1.884e-6}
[control result] {"status": "disabled"}
[probe 'malformed: truncated JSON'] -> status=200 raw={"result":{"status":"disabled"},"status":"ok","time":2.292e-6}
[probe 'malformed: trailing comma'] -> status=200 raw={"result":{"status":"disabled"},"status":"ok","time":2.003e-6}
[probe 'malformed: single quotes'] -> status=200 raw={"result":{"status":"disabled"},"status":"ok","time":2.268e-6}
[probe 'malformed: comment'] -> status=200 raw={"result":{"status":"disabled"},"status":"ok","time":4.312e-6}
[probe 'malformed: extra closing brace'] -> status=200 raw={"result":{"status":"disabled"},"status":"ok","time":3.014e-6}
[probe 'NUL byte in body'] -> status=200 raw={"result":{"status":"disabled"},"status":"ok","time":2.038e-6}
[probe 'lone-surrogate escape in body'] -> status=200 raw={"result":{"status":"disabled"},"status":"ok","time":2.725e-6}
[probe '1MB overlong body'] -> status=200 raw={"result":{"status":"disabled"},"status":"ok","time":2.208e-6}
[probe 'query peer_id=abc (type confusion)'] -> status=200 raw={"result":{"status":"disabled"},"status":"ok","time":2.449e-6}
[probe 'query peer_id=-1 (uint64 boundary)'] -> status=200 raw={"result":{"status":"disabled"},"status":"ok","time":2.282e-6}
[probe 'query commit_index=uint64+1'] -> status=200 raw={"result":{"status":"disabled"},"status":"ok","time":4.064e-6}
[probe 'query RTL+BOM unicode'] -> status=200 raw={"result":{"status":"disabled"},"status":"ok","time":2.789e-6}
[probe 'query 100k overlong value'] -> status=400 raw=
[probe 'query NUL pre-encoded %00'] -> status=200 raw={"result":{"status":"disabled"},"status":"ok","time":2.213e-6}
[probe 'query lone-surrogate pre-encoded %ED%A0%80'] -> status=200 raw={"result":{"status":"disabled"},"status":"ok","time":2.776e-6}
NOTE(legal-reject): 'query 100k overlong value' -> clean 4xx reject (400)
OK: control + 15 malformed/out-of-contract probes — every 200 result JSON-equal to the control, every reject a clean 4xx, no 5xx (R7 control-probe methodology: result equality probes input-independence deterministically)
VERDICT: NO_DEFECT
