<HOME>\AppData\Local\Programs\Python\Python312\Lib\site-packages\requests\__init__.py:113: RequestsDependencyWarning: urllib3 (2.6.3) or chardet (7.3.0)/charset_normalizer (3.4.6) doesn't match a supported version!
  warnings.warn(
[path derivation] create_collection = /collections/{name} (raw_knowledge api_endpoints[collections+create].url = /collections/{collection_name})
[pre-probe] /healthz status=200 raw=healthz check passed
[control] setup_default create OK (deployment healthy)
[create scc06_1788388166_ok_float16] status=200 raw={"result":true,"status":"ok","time":0.226497337}
[describe scc06_1788388166_ok_float16] status=200 raw={"result":{"status":"green","optimizer_status":"ok","indexed_vectors_count":0,"points_count":0,"segments_count":8,"config":{"params":{"vectors":{"size":4,"distance":"Cosine","datatype":"float16"},"shard_number":1,"replication_factor":1,"write_consistency_factor":1,"on_disk_payload":true},"hnsw_confi
[dense float16] persisted datatype echo = 'float16'
[create scc06_1788388166_ok_uint8] status=200 raw={"result":true,"status":"ok","time":0.206149983}
[describe scc06_1788388166_ok_uint8] status=200 raw={"result":{"status":"green","optimizer_status":"ok","indexed_vectors_count":0,"points_count":0,"segments_count":8,"config":{"params":{"vectors":{"size":4,"distance":"Cosine","datatype":"uint8"},"shard_number":1,"replication_factor":1,"write_consistency_factor":1,"on_disk_payload":true},"hnsw_config"
[dense uint8] persisted datatype echo = 'uint8'
[create scc06_1788388166_ok_float32] status=200 raw={"result":true,"status":"ok","time":0.216058967}
[describe scc06_1788388166_ok_float32] status=200 raw={"result":{"status":"green","optimizer_status":"ok","indexed_vectors_count":0,"points_count":0,"segments_count":8,"config":{"params":{"vectors":{"size":4,"distance":"Cosine","datatype":"float32"},"shard_number":1,"replication_factor":1,"write_consistency_factor":1,"on_disk_payload":true},"hnsw_confi
[dense float32] persisted datatype echo = 'float32'
[create scc06_1788388166_ok_turbo4] status=400 raw={"status":{"error":"Format error in JSON body: data did not match any variant of untagged enum VectorsConfig at line 1 column 65"},"time":0.0}
[dense turbo4] refused with 400 - clean feature refusal, dual-acceptable disposition recorded; raw={"status":{"error":"Format error in JSON body: data did not match any variant of untagged enum VectorsConfig at line 1 column 65"},"time":0.0}
[create scc06_1788388166_bad_float64] status=400 raw={"status":{"error":"Format error in JSON body: data did not match any variant of untagged enum VectorsConfig at line 1 column 69"},"time":0.0}
[float64] cleanly rejected with 400
[create scc06_1788388166_bad_upper] status=400 raw={"status":{"error":"Format error in JSON body: data did not match any variant of untagged enum VectorsConfig at line 1 column 69"},"time":0.0}
[upper] cleanly rejected with 400
[create scc06_1788388166_sparse_turbo4] status=200 raw={"result":true,"status":"ok","time":0.28304699}
[describe scc06_1788388166_sparse_turbo4] status=200 raw={"result":{"status":"green","optimizer_status":"ok","indexed_vectors_count":0,"points_count":0,"segments_count":8,"config":{"params":{"vectors":{"size":4,"distance":"Cosine"},"shard_number":1,"replication_factor":1,"write_consistency_factor":1,"on_disk_payload":true,"sparse_vectors":{"sp":{}}},"hnsw
[sparse turbo4] accepted; persisted sparse sp params = {}
[sparse turbo4] accepted with the field dropped/normalized - dense-only rule holds via drop
[summary] float16/uint8/float32 closures accepted (+echo when served); turbo4 dual-disposition recorded; float64/FLOAT16 refused; sparse turbo4 never persisted - datatype domain and dense-only rule hold per qdrant_type_collections_create_005
VERDICT: NO_DEFECT
