<HOME>\AppData\Local\Programs\Python\Python312\Lib\site-packages\requests\__init__.py:113: RequestsDependencyWarning: urllib3 (2.6.3) or chardet (7.3.0)/charset_normalizer (3.4.6) doesn't match a supported version!
  warnings.warn(
[PATHS] index keys present=['delete_index', 'create_index', 'describe_collection', 'drop_collection', 'create_collection']
[lifecycle 0] drop status=200 raw={"result":true,"status":"ok","time":0.00729077}
[lifecycle 0] create status=200 raw={"result":true,"status":"ok","time":0.300039153}
[probe 8] issued=25 so_far 200=2 404=131
[probe 6] issued=25 so_far 200=3 404=195
[lifecycle 1] drop status=200 raw={"result":true,"status":"ok","time":1.032602709}
[probe 4] issued=25 so_far 200=3 404=236
[probe 7] issued=25 so_far 200=3 404=246
[probe 2] issued=25 so_far 200=3 404=249
[probe 1] issued=25 so_far 200=3 404=255
[probe 5] issued=25 so_far 200=3 404=260
[probe 0] issued=25 so_far 200=3 404=272
[probe 3] issued=25 so_far 200=3 404=274
[lifecycle 1] create status=200 raw={"result":true,"status":"ok","time":0.288783825}
[probe 9] issued=25 so_far 200=7 404=335
[probe 8] issued=50 so_far 200=7 404=389
[lifecycle 2] drop status=200 raw={"result":true,"status":"ok","time":0.987263497}
[probe 0] issued=50 so_far 200=7 404=416
[probe 1] issued=50 so_far 200=7 404=425
[probe 6] issued=50 so_far 200=7 404=460
[lifecycle 2] create status=200 raw={"result":true,"status":"ok","time":0.256051321}
[probe 5] issued=50 so_far 200=9 404=503
[probe 9] issued=50 so_far 200=9 404=506
[probe 7] issued=50 so_far 200=10 404=513
[probe 3] issued=50 so_far 200=11 404=561
[probe 2] issued=50 so_far 200=11 404=565
[probe 4] issued=50 so_far 200=11 404=567
[lifecycle 3] drop status=200 raw={"result":true,"status":"ok","time":1.078542759}
[probe 8] issued=75 so_far 200=11 404=669
[probe 5] issued=75 so_far 200=11 404=674
[probe 1] issued=75 so_far 200=11 404=682
[lifecycle 3] create status=200 raw={"result":true,"status":"ok","time":0.249985638}
[probe 2] issued=75 so_far 200=14 404=709
[probe 7] issued=75 so_far 200=14 404=713
[probe 9] issued=75 so_far 200=15 404=719
[probe 4] issued=75 so_far 200=15 404=720
[probe 0] issued=75 so_far 200=16 404=744
[probe 6] issued=75 so_far 200=16 404=770
[lifecycle 4] drop status=200 raw={"result":true,"status":"ok","time":1.309614534}
[probe 3] issued=75 so_far 200=16 404=893
[probe 2] issued=100 so_far 200=16 404=906
[probe 7] issued=100 so_far 200=16 404=907
[lifecycle 4] create status=200 raw={"result":true,"status":"ok","time":0.272329224}
[probe 1] issued=100 so_far 200=18 404=916
[probe 5] issued=100 so_far 200=19 404=942
[probe 8] issued=100 so_far 200=19 404=959
[probe 9] issued=100 so_far 200=19 404=983
[probe 0] issued=100 so_far 200=19 404=991
[probe 4] issued=100 so_far 200=19 404=998
[lifecycle 5] drop status=200 raw={"result":true,"status":"ok","time":0.819419079}
[probe 6] issued=100 so_far 200=19 404=1046
[lifecycle 5] create status=200 raw={"result":true,"status":"ok","time":0.248689148}
[probe 3] issued=100 so_far 200=22 404=1151
[probe 1] issued=125 so_far 200=22 404=1159
[probe 2] issued=125 so_far 200=22 404=1162
[lifecycle 6] drop status=200 raw={"result":true,"status":"ok","time":0.92459827}
[probe 7] issued=125 so_far 200=22 404=1178
[probe 6] issued=125 so_far 200=22 404=1182
[probe 8] issued=125 so_far 200=22 404=1201
[probe 5] issued=125 so_far 200=22 404=1207
[probe 9] issued=125 so_far 200=22 404=1241
[probe 4] issued=125 so_far 200=22 404=1242
[lifecycle 6] create status=200 raw={"result":true,"status":"ok","time":0.234004318}
[probe 0] issued=125 so_far 200=25 404=1296
[probe 1] issued=150 so_far 200=25 404=1342
[lifecycle 7] drop status=200 raw={"result":true,"status":"ok","time":0.871630294}
[probe 5] issued=150 so_far 200=25 404=1348
[probe 3] issued=125 so_far 200=25 404=1420
[probe 2] issued=150 so_far 200=25 404=1426
[probe 6] issued=150 so_far 200=25 404=1433
[lifecycle 7] create status=200 raw={"result":true,"status":"ok","time":0.238732066}
[probe 7] issued=150 so_far 200=25 404=1437
[probe 9] issued=150 so_far 200=28 404=1470
[probe 1] issued=175 so_far 200=28 404=1504
[probe 8] issued=150 so_far 200=28 404=1514
[probe 4] issued=150 so_far 200=28 404=1532
[lifecycle 8] drop status=200 raw={"result":true,"status":"ok","time":0.943000841}
[probe 7] issued=175 so_far 200=28 404=1555
[probe 0] issued=150 so_far 200=28 404=1558
[lifecycle 8] create status=200 raw={"result":true,"status":"ok","time":0.23818657}
[probe 2] issued=175 so_far 200=30 404=1639
[probe 3] issued=150 so_far 200=31 404=1651
[probe 9] issued=175 so_far 200=31 404=1663
[probe 5] issued=175 so_far 200=32 404=1694
[lifecycle 9] drop status=200 raw={"result":true,"status":"ok","time":1.036156841}
[probe 6] issued=175 so_far 200=32 404=1752
[probe 2] issued=200 so_far 200=32 404=1810
[probe 4] issued=175 so_far 200=32 404=1811
[probe 1] issued=200 so_far 200=32 404=1816
[probe 7] issued=200 so_far 200=32 404=1822
[lifecycle 9] create status=200 raw={"result":true,"status":"ok","time":0.249075771}
[probe 8] issued=175 so_far 200=32 404=1826
[probe 0] issued=175 so_far 200=36 404=1865
[probe 2] issued=225 so_far 200=36 404=1917
[probe 3] issued=175 so_far 200=36 404=1922
[probe 5] issued=200 so_far 200=36 404=1923
[probe 9] issued=200 so_far 200=36 404=1933
[lifecycle 10] drop status=200 raw={"result":true,"status":"ok","time":1.115961507}
[probe 4] issued=200 so_far 200=36 404=1970
[probe 6] issued=200 so_far 200=36 404=2009
[lifecycle 10] create status=200 raw={"result":true,"status":"ok","time":0.332697031}
[probe 8] issued=200 so_far 200=38 404=2074
[probe 0] issued=200 so_far 200=38 404=2098
[probe 7] issued=225 so_far 200=38 404=2103
[lifecycle 11] drop status=200 raw={"result":true,"status":"ok","time":0.630059358}
[probe 1] issued=225 so_far 200=38 404=2125
[probe 5] issued=225 so_far 200=38 404=2151
[probe 9] issued=225 so_far 200=38 404=2156
[probe 2] issued=250 so_far 200=38 404=2159
[lifecycle 11] create status=200 raw={"result":true,"status":"ok","time":0.228017415}
[probe 1] issued=250 so_far 200=41 404=2233
[probe 3] issued=200 so_far 200=42 404=2244
[probe 4] issued=225 so_far 200=43 404=2263
[probe 2] issued=275 so_far 200=43 404=2291
[probe 9] issued=250 so_far 200=43 404=2326
[lifecycle 12] drop status=200 raw={"result":true,"status":"ok","time":1.227739607}
[probe 6] issued=225 so_far 200=43 404=2339
[probe 8] issued=225 so_far 200=43 404=2361
[probe 7] issued=250 so_far 200=43 404=2392
[probe 0] issued=225 so_far 200=43 404=2412
[lifecycle 12] create status=200 raw={"result":true,"status":"ok","time":0.224196979}
[probe 3] issued=225 so_far 200=45 404=2426
[probe 1] issued=275 so_far 200=47 404=2476
[probe 5] issued=250 so_far 200=47 404=2479
[probe 2] issued=300 so_far 200=47 404=2510
[lifecycle 13] drop status=200 raw={"result":true,"status":"ok","time":1.052837042}
[probe 4] issued=250 so_far 200=47 404=2549
[probe 7] issued=275 so_far 200=47 404=2553
[probe 3] issued=250 so_far 200=47 404=2590
[probe 6] issued=250 so_far 200=47 404=2617
[lifecycle 13] create status=200 raw={"result":true,"status":"ok","time":0.232516551}
[probe 9] issued=275 so_far 200=48 404=2618
[probe 8] issued=250 so_far 200=50 404=2660
[probe 0] issued=250 so_far 200=50 404=2673
[lifecycle 14] drop status=200 raw={"result":true,"status":"ok","time":0.851060961}
[probe 1] issued=300 so_far 200=50 404=2718
[probe 5] issued=275 so_far 200=50 404=2740
[probe 3] issued=275 so_far 200=50 404=2782
[probe 2] issued=325 so_far 200=50 404=2783
[lifecycle 14] create status=200 raw={"result":true,"status":"ok","time":0.210761355}
[probe 4] issued=275 so_far 200=53 404=2784
[summary] probes_total=2844 200=60 404=2784 bad5xx=0 bad4xx=0
[final delete] status=200 raw={"result":{"operation_id":22,"status":"completed"},"status":"ok","time":0.207765718}
[final describe] status=200 raw={"result":{"status":"green","optimizer_status":"ok","indexed_vectors_count":0,"points_count":0,"segments_count":8,"config":{"params":{"vectors":{"size":4,"dista
lifecycle churn clean: 2844 probes returned only 200/404 (200=60, 404=2784), no 5xx with healthz alive, no unexpected 4xx, final idempotent delete exactly 200 - NO_DEFECT
[cleanup] dropped sidd7_1788448299_8936_col
VERDICT: NO_DEFECT
