<HOME>\AppData\Local\Programs\Python\Python312\Lib\site-packages\requests\__init__.py:113: RequestsDependencyWarning: urllib3 (2.6.3) or chardet (7.3.0)/charset_normalizer (3.4.6) doesn't match a supported version!
  warnings.warn(
[PATHS] index keys present=['create_index', 'delete_index', 'count', 'query', 'upsert_points']
[setup upsert 0-200] status=200 raw={"result":{"operation_id":1,"status":"completed"},"status":"ok","time":0.006938188}
[setup upsert 200-400] status=200 raw={"result":{"operation_id":2,"status":"completed"},"status":"ok","time":0.005987668}
[baseline] c0=200
[window] lifecycle x8 rounds; 10 access workers
[lifecycle r0 create] status=200 raw={"result":{"operation_id":4,"status":"completed"},"status":"ok","time":0.565604052}
[lifecycle r0 delete] status=200 raw={"result":{"operation_id":6,"status":"completed"},"status":"ok","time":0.194317684}
[lifecycle r1 create] status=200 raw={"result":{"operation_id":8,"status":"completed"},"status":"ok","time":0.643057303}
[lifecycle r1 delete] status=200 raw={"result":{"operation_id":10,"status":"completed"},"status":"ok","time":0.188613659}
[lifecycle r2 create] status=200 raw={"result":{"operation_id":12,"status":"completed"},"status":"ok","time":0.566596357}
[lifecycle r2 delete] status=200 raw={"result":{"operation_id":14,"status":"completed"},"status":"ok","time":0.179051164}
[lifecycle r3 create] status=200 raw={"result":{"operation_id":16,"status":"completed"},"status":"ok","time":0.572118252}
[lifecycle r3 delete] status=200 raw={"result":{"operation_id":18,"status":"completed"},"status":"ok","time":0.201318149}
[lifecycle r4 create] status=200 raw={"result":{"operation_id":20,"status":"completed"},"status":"ok","time":0.576348301}
[lifecycle r4 delete] status=200 raw={"result":{"operation_id":22,"status":"completed"},"status":"ok","time":0.176426027}
[lifecycle r5 create] status=200 raw={"result":{"operation_id":24,"status":"completed"},"status":"ok","time":0.643318688}
[lifecycle r5 delete] status=200 raw={"result":{"operation_id":26,"status":"completed"},"status":"ok","time":0.37496181}
[lifecycle r6 create] status=200 raw={"result":{"operation_id":28,"status":"completed"},"status":"ok","time":0.587865997}
[lifecycle r6 delete] status=200 raw={"result":{"operation_id":30,"status":"completed"},"status":"ok","time":0.184063585}
[lifecycle r7 create] status=200 raw={"result":{"operation_id":32,"status":"completed"},"status":"ok","time":0.536988041}
[lifecycle r7 delete] status=200 raw={"result":{"operation_id":34,"status":"completed"},"status":"ok","time":0.191825504}
[window done] lifecycle_completed=True 5xx=0 404=0 drifts=0 transport=0
[final] total=400 c0=200 expected total=400 c0=200
index lifecycle churn verified: 8 create/delete rounds under 10 concurrent access workers; every c0 sample=200, no 404/5xx on live-collection faces, final total=400 - NO_DEFECT
[cleanup] dropped sidx6_1788446002_31728_col
VERDICT: NO_DEFECT
