<HOME>\AppData\Local\Programs\Python\Python312\Lib\site-packages\requests\__init__.py:113: RequestsDependencyWarning: urllib3 (2.6.3) or chardet (7.3.0)/charset_normalizer (3.4.6) doesn't match a supported version!
  warnings.warn(
[PATHS] index-delete keys present=['delete_index', 'describe_collection', 'drop_collection']
[describe gate (must be empty)] describe status=200 raw={"result":{"status":"green","optimizer_status":"ok","indexed_vectors_count":0,"points_count":0,"segments_count":8,"config":{"params":{"vectors":{"size":4,"distance":"Cosine"},"shard_number":1,"replication_factor":1,"write_consistency_factor":1,"on_disk_payload":true},"hnsw_config":{"m":16,"ef_constr
[gate no-body control] status=200 raw={"result":{"operation_id":2,"status":"completed"},"status":"ok","time":0.258942844}
[leg truncated-json body='{"field_name": "f_body_p'] status=200 raw={"result":{"operation_id":4,"status":"completed"},"status":"ok","time":0.318791938}
[truncated-json] envelope ok: result.status='completed' operation_id=4
[leg truncated-json] disposition measured-only: 200 — the face documents no body, so an ignored body still honoring the unconditional-200 promise is defensible (no claim)
[leg trailing-comma body='{"field_name": "f_body_probe",}'] status=200 raw={"result":{"operation_id":6,"status":"completed"},"status":"ok","time":0.294535993}
[trailing-comma] envelope ok: result.status='completed' operation_id=6
[leg trailing-comma] disposition measured-only: 200 — the face documents no body, so an ignored body still honoring the unconditional-200 promise is defensible (no claim)
[leg single-quotes body="{'field_name': 'f_body_probe'}"] status=200 raw={"result":{"operation_id":8,"status":"completed"},"status":"ok","time":0.304572835}
[single-quotes] envelope ok: result.status='completed' operation_id=8
[leg single-quotes] disposition measured-only: 200 — the face documents no body, so an ignored body still honoring the unconditional-200 promise is defensible (no claim)
[leg illegal-escape body='{"field_name": "x\\qy"}'] status=200 raw={"result":{"operation_id":10,"status":"completed"},"status":"ok","time":0.309154212}
[illegal-escape] envelope ok: result.status='completed' operation_id=10
[leg illegal-escape] disposition measured-only: 200 — the face documents no body, so an ignored body still honoring the unconditional-200 promise is defensible (no claim)
[leg comment-inject body='{"field_name": "f"} // trailing comment'] status=200 raw={"result":{"operation_id":12,"status":"completed"},"status":"ok","time":0.245709218}
[comment-inject] envelope ok: result.status='completed' operation_id=12
[leg comment-inject] disposition measured-only: 200 — the face documents no body, so an ignored body still honoring the unconditional-200 promise is defensible (no claim)
[leg raw-nul-in-json body='{"field_name": "nul\x00probe"}'] status=200 raw={"result":{"operation_id":14,"status":"completed"},"status":"ok","time":0.238709037}
[raw-nul-in-json] envelope ok: result.status='completed' operation_id=14
[leg raw-nul-in-json] disposition measured-only: 200 — the face documents no body, so an ignored body still honoring the unconditional-200 promise is defensible (no claim)
[leg wrong-typed body='{"field_name": 123456}'] status=200 raw={"result":{"operation_id":16,"status":"completed"},"status":"ok","time":0.215920542}
[wrong-typed] envelope ok: result.status='completed' operation_id=16
[leg wrong-typed] disposition measured-only: 200 — the face documents no body, so an ignored body still honoring the unconditional-200 promise is defensible (no claim)
[leg seq-form body='[1,2,3]'] status=200 raw={"result":{"operation_id":18,"status":"completed"},"status":"ok","time":0.209062316}
[seq-form] envelope ok: result.status='completed' operation_id=18
[leg seq-form] disposition measured-only: 200 — the face documents no body, so an ignored body still honoring the unconditional-200 promise is defensible (no claim)
[leg empty-string body=''] status=200 raw={"result":{"operation_id":20,"status":"completed"},"status":"ok","time":0.198739398}
[empty-string] envelope ok: result.status='completed' operation_id=20
[leg empty-string] disposition measured-only: 200 — the face documents no body, so an ignored body still honoring the unconditional-200 promise is defensible (no claim)
[leg whitespace-only body='   '] status=200 raw={"result":{"operation_id":22,"status":"completed"},"status":"ok","time":0.21300985}
[whitespace-only] envelope ok: result.status='completed' operation_id=22
[leg whitespace-only] disposition measured-only: 200 — the face documents no body, so an ignored body still honoring the unconditional-200 promise is defensible (no claim)
[leg overlong-1e5 body='{"field_name": "bbbbbbbb...len=100018'] status=200 raw={"result":{"operation_id":24,"status":"completed"},"status":"ok","time":0.208172049}
[overlong-1e5] envelope ok: result.status='completed' operation_id=24
[leg overlong-1e5] disposition measured-only: 200 — the face documents no body, so an ignored body still honoring the unconditional-200 promise is defensible (no claim)
[leg overlong-1e6 body='{"field_name": "bbbbbbbb...len=1000018'] status=200 raw={"result":{"operation_id":26,"status":"completed"},"status":"ok","time":0.198948994}
[overlong-1e6] envelope ok: result.status='completed' operation_id=26
[leg overlong-1e6] disposition measured-only: 200 — the face documents no body, so an ignored body still honoring the unconditional-200 promise is defensible (no claim)
[describe after body legs] describe status=200 raw={"result":{"status":"green","optimizer_status":"ok","indexed_vectors_count":0,"points_count":0,"segments_count":8,"config":{"params":{"vectors":{"size":4,"distance":"Cosine"},"shard_number":1,"replication_factor":1,"write_consistency_factor":1,"on_disk_payload":true},"hnsw_config":{"m":16,"ef_constr
[summary] legs=12 dispositions={'truncated-json': 200, 'trailing-comma': 200, 'single-quotes': 200, 'illegal-escape': 200, 'comment-inject': 200, 'raw-nul-in-json': 200, 'wrong-typed': 200, 'seq-form': 200, 'empty-string': 200, 'whitespace-only': 200, 'overlong-1e5': 200, 'overlong-1e6': 200} defects=0
malformed-body grid on the bodyless delete face: truncated/comma/quote/escape/NUL/typed/seq-form/1e6-byte bodies all produced clean dispositions (200 ignored-or-honored, or 4xx rejected) with no 5xx, no hang, no parser leakage and no phantom payload_schema state - NO_DEFECT
[cleanup] dropped bidl7_1788448284_30068_col
VERDICT: NO_DEFECT
