<HOME>\AppData\Local\Programs\Python\Python312\Lib\site-packages\requests\__init__.py:113: RequestsDependencyWarning: urllib3 (2.6.3) or chardet (7.3.0)/charset_normalizer (3.4.6) doesn't match a supported version!
  warnings.warn(
[PATHS] registration check: ['payload_clear', 'payload_set']
[A upsert] status=200 raw={"result":{"operation_id":1,"status":"completed"},"status":"ok","time":0.004694067}
[B clear#1] status=200 raw={"result":{"operation_id":2,"status":"completed"},"status":"ok","time":0.004156756}
[B readback get_point] status=200 raw={"result":{"id":10,"payload":{},"vector":[0.9365858,0.09365858,0.18731716,0.28097573]},"status":"ok","time":0.000480632}
[B readback] OK: payload exactly empty
[B count count] status=200 raw={"result":{"count":1},"status":"ok","time":0.000131419}
[C clear#2] status=200 raw={"result":{"operation_id":3,"status":"completed"},"status":"ok","time":0.004722955}
[C readback get_point] status=200 raw={"result":{"id":10,"payload":{},"vector":[0.9365858,0.09365858,0.18731716,0.28097573]},"status":"ok","time":0.000091719}
[C readback] OK: payload exactly empty
[D set_payload] status=200 raw={"result":{"operation_id":4,"status":"completed"},"status":"ok","time":0.005111208}
[D readback get_point] status=200 raw={"result":{"id":10,"payload":{"c":2,"d":"y"},"vector":[0.9365858,0.09365858,0.18731716,0.28097573]},"status":"ok","time":0.000133635}
[D] OK: payload exactly the new dict, no ghost keys
[E clear#3] status=200 raw={"result":{"operation_id":5,"status":"completed"},"status":"ok","time":0.003439102}
[E readback get_point] status=200 raw={"result":{"id":10,"payload":{},"vector":[0.9365858,0.09365858,0.18731716,0.28097573]},"status":"ok","time":0.000342493}
[E readback] OK: payload exactly empty
[E count count] status=200 raw={"result":{"count":1},"status":"ok","time":0.000201568}
[F non-existent point clear] MEASURED status=404 raw={"status":{"error":"Not found: No point with id 9999 found"},"time":0.004017179} — SKIPPED: by-design per threat_model (idempotent-update family, cf. idempotent DELETE on absent point) — not adjudicated
DEFECT: (B) point 10 vector changed after clear — clear is payload-scoped — Type4_StateLogicViolation
DEFECT: (E) point 10 vector changed after clear#3 — Type4_StateLogicViolation
VERDICT: DEFECT_FOUND
