<HOME>\AppData\Local\Programs\Python\Python312\Lib\site-packages\requests\__init__.py:113: RequestsDependencyWarning: urllib3 (2.6.3) or chardet (7.3.0)/charset_normalizer (3.4.6) doesn't match a supported version!
  warnings.warn(
[PATHS] registration check: ['create_collection', 'drop_collection', 'query', 'upsert_points']
[create spq2_1788482397_12580_main] status=200 raw={"result":true,"status":"ok","time":0.28487492}
[create spq2_1788482397_12580_aux8] status=200 raw={"result":true,"status":"ok","time":0.246775133}
[create spq2_1788482397_12580_aux4] status=200 raw={"result":true,"status":"ok","time":0.211006824}
[upsert spq2_1788482397_12580_main 2 pts] status=200 raw={"result":{"operation_id":1,"status":"completed"},"status":"ok","time":0.003132064}
[upsert spq2_1788482397_12580_aux8 1 pts] status=200 raw={"result":{"operation_id":1,"status":"completed"},"status":"ok","time":0.002811775}
[upsert spq2_1788482397_12580_aux4 1 pts] status=200 raw={"result":{"operation_id":1,"status":"completed"},"status":"ok","time":0.002859212}
[D1-pos-using-t] status=200 raw={"result":{"points":[]},"status":"ok","time":0.000564618}
[D1-pos-using-t] OK: 200 with 0 points (positive control)
[D2-neg-using-i-missing] status=404 raw={"status":{"error":"Not found: Vector with name \"i\" for point not found"},"time":0.000140201}
[D2-neg-using-i-missing] OK: mismatch rejected with 404 (promised error)
[D3-pos-using-i] status=200 raw={"result":{"points":[]},"status":"ok","time":0.000516291}
[D3-pos-using-i] OK: 200 with 0 points (positive control)
[D4-neg-using-nope] status=400 raw={"status":{"error":"Wrong input: Not existing vector name error: nope"},"time":0.00011051}
[D4-neg-using-nope] OK: mismatch rejected with 400 (promised error)
[D5-pos-lookup-dim8] status=400 raw={"status":{"error":"Wrong input: Not existing vector name error: i"},"time":0.000290583}
[D6-neg-lookup-dim4-into-8] status=400 raw={"status":{"error":"Wrong input: Not existing vector name error: i"},"time":0.000158331}
[D6-neg-lookup-dim4-into-8] OK: mismatch rejected with 400 (promised error)
[D7-neg-unnamed-using-zzz] status=400 raw={"status":{"error":"Wrong input: Not existing vector name error: zzz"},"time":0.00014227}
[D7-neg-unnamed-using-zzz] OK: mismatch rejected with 400 (promised error)
DEFECT: (D5-pos-lookup-dim8) characteristics-MATCH by-id lookup returned 400 (constraint: matching vectors must be fetched and used, i.e. 200) — Type4_StateLogicViolation — raw={"status":{"error":"Wrong input: Not existing vector name error: i"},"time":0.000290583}
VERDICT: DEFECT_FOUND
