<HOME>\AppData\Local\Programs\Python\Python312\Lib\site-packages\requests\__init__.py:113: RequestsDependencyWarning: urllib3 (2.6.3) or chardet (7.3.0)/charset_normalizer (3.4.6) doesn't match a supported version!
  warnings.warn(
[PATHS] registration check: ['payload_overwrite', 'payload_set']
[A upsert] status=200 raw={"result":{"operation_id":1,"status":"completed"},"status":"ok","time":0.003735325}
[A baseline scroll] status=200 raw={"result":{"points":[{"id":10,"payload":{"a":1,"b":"x","c":true},"vector":[0.18257418,0.36514837,0.5477225,0.73029673]}],"next_page_offset":null},"status":"ok",
[D1 overwrite#1 PUT overwrite payload={'d': 'new'}] status=200 raw={"result":{"operation_id":2,"status":"completed"},"status":"ok","time":0.002899927}
[D1 readback scroll] status=200 raw={"result":{"points":[{"id":10,"payload":{"d":"new"},"vector":[0.18257418,0.36514837,0.5477225,0.73029673]}],"next_page_offset":null},"status":"ok","time":0.0003
[D1 readback] OK: payload exactly {'d': 'new'}
[D1 readback count count] status=200 raw={"result":{"count":1},"status":"ok","time":0.000084358}
[D2 overwrite#2 (repeat) PUT overwrite payload={'d': 'new'}] status=200 raw={"result":{"operation_id":3,"status":"completed"},"status":"ok","time":0.006875542}
[D2 readback scroll] status=200 raw={"result":{"points":[{"id":10,"payload":{"d":"new"},"vector":[0.18257418,0.36514837,0.5477225,0.73029673]}],"next_page_offset":null},"status":"ok","time":0.0002
[D2 readback] OK: payload exactly {'d': 'new'}
[D2 readback count count] status=200 raw={"result":{"count":1},"status":"ok","time":0.000183911}
[D3 set-merge POST set payload={'e': 'setval'}] status=200 raw={"result":{"operation_id":4,"status":"completed"},"status":"ok","time":0.003866796}
[D3 readback scroll] status=200 raw={"result":{"points":[{"id":10,"payload":{"d":"new","e":"setval"},"vector":[0.18257418,0.36514837,0.5477225,0.73029673]}],"next_page_offset":null},"status":"ok",
[D3 readback] OK: payload exactly {'d': 'new', 'e': 'setval'}
[D3 readback count count] status=200 raw={"result":{"count":1},"status":"ok","time":0.000080681}
[D4 overwrite-after-merge PUT overwrite payload={'f': 2}] status=200 raw={"result":{"operation_id":5,"status":"completed"},"status":"ok","time":0.002516642}
[D4 readback scroll] status=200 raw={"result":{"points":[{"id":10,"payload":{"f":2},"vector":[0.18257418,0.36514837,0.5477225,0.73029673]}],"next_page_offset":null},"status":"ok","time":0.00029889
[D4 readback] OK: payload exactly {'f': 2}
[D4 readback count count] status=200 raw={"result":{"count":1},"status":"ok","time":0.000318373}
[D5 overwrite {} PUT overwrite payload={}] status=200 raw={"result":{"operation_id":6,"status":"completed"},"status":"ok","time":0.012759695}
[D5 readback scroll] status=200 raw={"result":{"points":[{"id":10,"payload":{},"vector":[0.18257418,0.36514837,0.5477225,0.73029673]}],"next_page_offset":null},"status":"ok","time":0.000467433}
[D5 readback] OK: payload exactly {}
[D5 readback count count] status=200 raw={"result":{"count":1},"status":"ok","time":0.000246973}
VERDICT: NO_DEFECT
