<HOME>\AppData\Local\Programs\Python\Python312\Lib\site-packages\requests\__init__.py:113: RequestsDependencyWarning: urllib3 (2.6.3) or chardet (7.3.0)/charset_normalizer (3.4.6) doesn't match a supported version!
  warnings.warn(
[url-derived] cluster+recover -> /cluster/recover (raw_knowledge api_endpoints[].url)
[healthz] probe status=200 raw=healthz check passed
[probe GET /cluster] status=200 raw={"result":{"status":"disabled"},"status":"ok","time":2.364e-6}
[seed upsert wait=true] status=200 raw={"result":{"operation_id":1,"status":"completed"},"status":"ok","time":0.004628137}
[baseline exact count] status=200 count=6 raw={"result":{"count":6},"status":"ok","time":0.000111534}
[recover #1] status=500 raw={"status":{"error":"Service internal error: Qdrant is running in standalone mode"},"time":0.000125583}
[healthz] probe status=200 raw=healthz check passed
[recover #2] status=500 raw={"status":{"error":"Service internal error: Qdrant is running in standalone mode"},"time":0.000140965}
[healthz] probe status=200 raw=healthz check passed
[recover #3] status=500 raw={"status":{"error":"Service internal error: Qdrant is running in standalone mode"},"time":0.000132254}
[healthz] probe status=200 raw=healthz check passed
[disposition families] statuses=[500, 500, 500] families=['5xx']
[post-sequence describe] status=200 raw={"result":{"status":"green","optimizer_status":"ok","indexed_vectors_count":0,"points_count":6,"segments_count":8,"config":{"params":{"vectors":{"size":4,"distance":"Cosine"},"shard_number":1,"replica
[post-sequence exact count] status=200 count=6 raw={"result":{"count":6},"status":"ok","time":0.00018137}
[post-sequence GET /cluster] status=200 raw={"result":{"status":"disabled"},"status":"ok","time":2.207e-6}
DEFECT: recover call #1 returned 500 (5xx; service alive per /healthz) — Type3_RuntimeFailure — raw={"status":{"error":"Service internal error: Qdrant is running in standalone mode"},"time":0.000125583}
DEFECT: recover call #2 returned 500 (5xx; service alive per /healthz) — Type3_RuntimeFailure — raw={"status":{"error":"Service internal error: Qdrant is running in standalone mode"},"time":0.000140965}
DEFECT: recover call #3 returned 500 (5xx; service alive per /healthz) — Type3_RuntimeFailure — raw={"status":{"error":"Service internal error: Qdrant is running in standalone mode"},"time":0.000132254}
VERDICT: DEFECT_FOUND
