<HOME>\AppData\Local\Programs\Python\Python312\Lib\site-packages\requests\__init__.py:113: RequestsDependencyWarning: urllib3 (2.6.3) or chardet (7.3.0)/charset_normalizer (3.4.6) doesn't match a supported version!
  warnings.warn(
ownership prefix: bal308bfcfa0 (collection=bal308bfcfa0c1, alias=bal308bfcfa0a1)
create alias status=200 raw={"result":true,"status":"ok","time":0.013603018}
OK: baseline lists bal308bfcfa0a1 -> bal308bfcfa0c1
probe[truncated-json] len=23 -> status=200
  raw: {"result":{"aliases":[{"alias_name":"bal308bfcfa0a1","collection_name":"bal308bfcfa0c1"}]},"status":"ok","time":0.000033217}
  OK: [truncated-json] -> 200, envelope intact, alias still listed
probe[trailing-comma] len=25 -> status=200
  raw: {"result":{"aliases":[{"alias_name":"bal308bfcfa0a1","collection_name":"bal308bfcfa0c1"}]},"status":"ok","time":0.000032435}
  OK: [trailing-comma] -> 200, envelope intact, alias still listed
probe[single-quotes] len=24 -> status=200
  raw: {"result":{"aliases":[{"alias_name":"bal308bfcfa0a1","collection_name":"bal308bfcfa0c1"}]},"status":"ok","time":0.000024176}
  OK: [single-quotes] -> 200, envelope intact, alias still listed
probe[comment-body] len=19 -> status=200
  raw: {"result":{"aliases":[{"alias_name":"bal308bfcfa0a1","collection_name":"bal308bfcfa0c1"}]},"status":"ok","time":0.000019447}
  OK: [comment-body] -> 200, envelope intact, alias still listed
probe[bare-nul-bytes] len=4 -> status=200
  raw: {"result":{"aliases":[{"alias_name":"bal308bfcfa0a1","collection_name":"bal308bfcfa0c1"}]},"status":"ok","time":0.000011813}
  OK: [bare-nul-bytes] -> 200, envelope intact, alias still listed
probe[escaped-lone-surrogate] len=15 -> status=200
  raw: {"result":{"aliases":[{"alias_name":"bal308bfcfa0a1","collection_name":"bal308bfcfa0c1"}]},"status":"ok","time":7.684e-6}
  OK: [escaped-lone-surrogate] -> 200, envelope intact, alias still listed
probe[overlong-1mb-string] len=1000009 -> status=200
  raw: {"result":{"aliases":[{"alias_name":"bal308bfcfa0a1","collection_name":"bal308bfcfa0c1"}]},"status":"ok","time":9.216e-6}
  OK: [overlong-1mb-string] -> 200, envelope intact, alias still listed
probe[url-utf8-lone-surrogate] url=/aliases?collection_name=%ED%A0%80 -> status=200
  raw: {"result":{"aliases":[{"alias_name":"bal308bfcfa0a1","collection_name":"bal308bfcfa0c1"}]},"status":"ok","time":0.000010942}
  OK: [url-utf8-lone-surrogate] -> 200, envelope intact, alias still listed
probe[url-nul-percent00] url=/aliases?collection_name=a%00b -> status=200
  raw: {"result":{"aliases":[{"alias_name":"bal308bfcfa0a1","collection_name":"bal308bfcfa0c1"}]},"status":"ok","time":9.08e-6}
  OK: [url-nul-percent00] -> 200, envelope intact, alias still listed
final clean GET /aliases -> status=200
OK: service unharmed — final clean GET lists the alias in a documented envelope
VERDICT: NO_DEFECT
