<HOME>\AppData\Local\Programs\Python\Python312\Lib\site-packages\requests\__init__.py:113: RequestsDependencyWarning: urllib3 (2.6.3) or chardet (7.3.0)/charset_normalizer (3.4.6) doesn't match a supported version!
  warnings.warn(
[PATHS] registration check: ['payload_set']
[A upsert 3] status=200 raw={"result":{"operation_id":1,"status":"completed"},"status":"ok","time":0.004161745}
[A baseline scroll] status=200 raw={"result":{"points":[{"id":1,"payload":{"a":1},"vector":[0.2581989,0.2581989,0.5163978,0.77459663]},{"id":2,"payload":{"a":1},"vector":[0.47140455,0.23570228,0.
[V1 valid set ok=1 on [1]] status=200 raw={"result":{"operation_id":2,"status":"completed"},"status":"ok","time":0.004477491}
[V1 valid set ok=1 on [1]] OK: 200 success face (pinned: returns 200 ok)
[V1 readback scroll] status=200 raw={"result":{"points":[{"id":1,"payload":{"a":1,"ok":1},"vector":[0.2581989,0.2581989,0.5163978,0.77459663]},{"id":2,"payload":{"a":1},"vector":[0.47140455,0.2357
[V1 state] OK: point 1 merged to {'a':1,'ok':1}; points 2-3 untouched
[V2a both-null omitted {"payload":{"x":1}}] status=400 raw={"status":{"error":"Format error in JSON body: Either list of point ids or filter must be provided"},"time":0.0}
[V2a both-null omitted {"payload":{"x":1}}] OK: rejected with 400 (pinned face kept; exact error-code naming printed above, NOT adjudicated — R29: Type2 error-naming has no anchor)
[V2b both-null explicit nulls] status=400 raw={"status":{"error":"Format error in JSON body: Either list of point ids or filter must be provided"},"time":0.0}
[V2b both-null explicit nulls] OK: rejected with 400 (pinned face kept; exact error-code naming printed above, NOT adjudicated — R29: Type2 error-naming has no anchor)
[V3 missing-collection set] status=404 raw={"status":{"error":"Not found: Collection `sps15_1788463513_16236_nonexistent` doesn't exist!"},"time":8.686e-6}
[V3] OK: 404 for a missing collection (pinned face kept)
[V4 invalid input payload=[1,2] on [1]] status=400 raw={"status":{"error":"Format error in JSON body: invalid type: sequence, expected a map at line 1 column 12"},"time":0.0}
[V4 invalid input payload=[1,2] on [1]] OK: rejected with 400 (pinned face kept; exact error-code naming printed above, NOT adjudicated — R29: Type2 error-naming has no anchor)
[V5 both-present points+filter (MEASURED-ONLY)] status=200 raw={"result":{"operation_id":3,"status":"completed"},"status":"ok","time":0.004056021} — selector precedence when both are present is NOT pinned by chunk assertions — not adjudicated
[F final sweep scroll] status=200 raw={"result":{"points":[{"id":1,"payload":{"a":1,"ok":1},"vector":[0.2581989,0.2581989,0.5163978,0.77459663]},{"id":2,"payload":{"a":1,"both":1},"vector":[0.471404
[F final count count] status=200 raw={"result":{"count":3},"status":"ok","time":0.00023105}
[F] point 2 carries measured-only V5 key 'both' (excluded from strict sweep): {'a': 1, 'both': 1}
[F] OK: all rejection faces left zero partial state; positive face state exact
VERDICT: NO_DEFECT
