<HOME>\AppData\Local\Programs\Python\Python312\Lib\site-packages\requests\__init__.py:113: RequestsDependencyWarning: urllib3 (2.6.3) or chardet (7.3.0)/charset_normalizer (3.4.6) doesn't match a supported version!
  warnings.warn(
[PATHS] registration check: ['exists_collection', 'get_points']
[pre exists] status=200 raw={"result":{"exists":false},"status":"ok","time":0.000048844}
[pre exists] OK: exists=false before create
[pre describe] status=404 raw={"status":{"error":"Not found: Collection `spcq1_1788466150_33668_col` doesn't exist!"},"time":4.595e-6}
[create] OK via setup_default (PUT /collections/{name})
[post exists] status=200 raw={"result":{"exists":true},"status":"ok","time":6.371e-6}
[post describe] status=200 raw={"result":{"status":"green","optimizer_status":"ok","indexed_vectors_count":0,"points_count":0,"segments_count":8,"config":{"params":{"vectors":{"size":4,"dista
[post list] status=200 raw={"result":{"collections":[{"name":"bcc139b6a8bp2"},{"name":"bcc139bc7c6p2"},{"name":"scc024_1788393554_legal_1"},{"name":"scc024_1788393554_legal_8"},{"name":"scc2a_1788393513_35968_shmin"},{"name":"s
[post list] OK: name present
[post count] status=200 raw={"result":{"count":0},"status":"ok","time":0.000427146}
[post count] OK: count=0 on fresh collection
[post scroll] status=200 raw={"result":{"points":[],"next_page_offset":null},"status":"ok","time":0.0005027}
[post scroll] OK: empty points
[post query] status=200 raw={"result":{"points":[]},"status":"ok","time":0.00161036}
[post query] OK: 200, points=0
[data upsert] status=200 raw={"result":{"operation_id":1,"status":"completed"},"status":"ok","time":0.003254955}
[post-data count] OK: count=1
[data batch get] status=404 raw=
[data single get] status=200 raw={"result":{"id":1,"payload":{"city":"berlin","n":1},"vector":[0.18257418,0.36514837,0.5477225,0.73029673]},"status":"ok","time":0.000331355}
DEFECT: (data batch get) expected 200 on the queryable face, got 404 — Type4_StateLogicViolation — raw=
VERDICT: DEFECT_FOUND
