<HOME>\AppData\Local\Programs\Python\Python312\Lib\site-packages\requests\__init__.py:113: RequestsDependencyWarning: urllib3 (2.6.3) or chardet (7.3.0)/charset_normalizer (3.4.6) doesn't match a supported version!
  warnings.warn(
[PATHS] registration check: ['payload_set']
[A upsert 2] status=200 raw={"result":{"operation_id":1,"status":"completed"},"status":"ok","time":0.004228154}
[A baseline scroll] status=200 raw={"result":{"points":[{"id":1,"payload":{"base":"orig","keep":7},"vector":[0.47140455,0.23570228,0.47140455,0.7071068]},{"id":2,"payload":{"base":"orig","keep":7
[Race A] 10 threads, one disjoint key each, both points
[raceA-j1 POST set {'tk1': 1}] status=200 raw={"result":{"operation_id":2,"status":"completed"},"status":"ok","time":0.003127705}
[raceA-j6 POST set {'tk6': 6}] status=200 raw={"result":{"operation_id":3,"status":"completed"},"status":"ok","time":0.003507776}
[raceA-j2 POST set {'tk2': 2}] status=200 raw={"result":{"operation_id":5,"status":"completed"},"status":"ok","time":0.00645416}
[raceA-j4 POST set {'tk4': 4}] status=200 raw={"result":{"operation_id":7,"status":"completed"},"status":"ok","time":0.005862399}
[raceA-j3 POST set {'tk3': 3}] status=200 raw={"result":{"operation_id":8,"status":"completed"},"status":"ok","time":0.005740522}
[raceA-j5 POST set {'tk5': 5}] status=200 raw={"result":{"operation_id":4,"status":"completed"},"status":"ok","time":0.006419894}
[raceA-j8 POST set {'tk8': 8}] status=200 raw={"result":{"operation_id":9,"status":"completed"},"status":"ok","time":0.005545579}
[raceA-j0 POST set {'tk0': 0}] status=200 raw={"result":{"operation_id":10,"status":"completed"},"status":"ok","time":0.005537182}
[raceA-j9 POST set {'tk9': 9}] status=200 raw={"result":{"operation_id":6,"status":"completed"},"status":"ok","time":0.00633896}
[raceA-j7 POST set {'tk7': 7}] status=200 raw={"result":{"operation_id":11,"status":"completed"},"status":"ok","time":0.003279317}
[RaceA readback scroll] status=200 raw={"result":{"points":[{"id":1,"payload":{"base":"orig","keep":7,"tk1":1,"tk6":6,"tk5":5,"tk2":2,"tk9":9,"tk4":4,"tk3":3,"tk8":8,"tk0":0,"tk7":7},"vector":[0.4714
[RaceA] OK: point 1 carries all 12 keys with exact values
[RaceA] OK: point 2 carries all 12 keys with exact values
[Race B] 4 threads, same key 'shared', values 0..3
[raceB-j3 POST set {'shared': 3}] status=200 raw={"result":{"operation_id":12,"status":"completed"},"status":"ok","time":0.003626285}
[raceB-j1 POST set {'shared': 1}] status=200 raw={"result":{"operation_id":14,"status":"completed"},"status":"ok","time":0.006315666}
[raceB-j2 POST set {'shared': 2}] status=200 raw={"result":{"operation_id":13,"status":"completed"},"status":"ok","time":0.006399079}
[raceB-j0 POST set {'shared': 0}] status=200 raw={"result":{"operation_id":15,"status":"completed"},"status":"ok","time":0.002982786}
[RaceB readback scroll] status=200 raw={"result":{"points":[{"id":1,"payload":{"base":"orig","keep":7,"tk1":1,"tk6":6,"tk5":5,"tk2":2,"tk9":9,"tk4":4,"tk3":3,"tk8":8,"tk0":0,"tk7":7,"shared":0},"vect
[RaceB] OK: point 1 'shared' converged to sent value 0
[RaceB] OK: point 2 'shared' converged to sent value 0
[post-race] vector preservation checked
[post-race count count] status=200 raw={"result":{"count":2},"status":"ok","time":0.000100438}
VERDICT: NO_DEFECT
