<HOME>\AppData\Local\Programs\Python\Python312\Lib\site-packages\requests\__init__.py:113: RequestsDependencyWarning: urllib3 (2.6.3) or chardet (7.3.0)/charset_normalizer (3.4.6) doesn't match a supported version!
  warnings.warn(
[PATHS] registration check: ['collection_exists', 'create_collection', 'drop_collection']
[A never-created] status=200 raw={"result":{"exists":false},"status":"ok","time":4.549e-6}
[A never-created] OK: 200 + result.exists=False
[B create] status=200 raw={"result":true,"status":"ok","time":0.313343038}
[C live] status=200 raw={"result":{"exists":true},"status":"ok","time":4.423e-6}
[C live] OK: 200 + result.exists=True
[D1 upsert 2] status=200 raw={"result":{"operation_id":1,"status":"acknowledged"},"status":"ok","time":0.004291429}
[D2 after-upsert] status=200 raw={"result":{"exists":true},"status":"ok","time":5.139e-6}
[D2 after-upsert] OK: 200 + result.exists=True
[D3 delete 1 point] status=200 raw={"result":{"operation_id":2,"status":"acknowledged"},"status":"ok","time":0.000627875}
[D4 after-point-delete] status=200 raw={"result":{"exists":true},"status":"ok","time":5.264e-6}
[D4 after-point-delete] OK: 200 + result.exists=True
[E drop] status=200 raw={"result":true,"status":"ok","time":0.006309757}
[E post-delete] status=200 raw={"result":{"exists":false},"status":"ok","time":5.613e-6}
[E post-delete] OK: 200 + result.exists=False
[F recreate] status=200 raw={"result":true,"status":"ok","time":0.296231711}
[F recreated] status=200 raw={"result":{"exists":true},"status":"ok","time":5.415e-6}
[F recreated] OK: 200 + result.exists=True
VERDICT: NO_DEFECT
