<HOME>\AppData\Local\Programs\Python\Python312\Lib\site-packages\requests\__init__.py:113: RequestsDependencyWarning: urllib3 (2.6.3) or chardet (7.3.0)/charset_normalizer (3.4.6) doesn't match a supported version!
  warnings.warn(
[path derivation] metrics = /metrics (rt.PATHS == raw_knowledge api_endpoints[metrics].url)
[boundary_metrics_004] run_token=1788452591_32844 base=http://127.0.0.1:6333 client_clock=10s
[C0 bare] status=200 ms=0 bytes=66649 head='# HELP app_info information about qdrant server\n# TYPE app_info gauge\napp_info{name="qdrant",version="1.18.0"} 1\n# HELP app_status_recovery_mode features enable'
[C0 bare] prometheus shape: HELP=43 TYPE=43 samples=742
[C1 timeout=1 (legal positive int)] status=200 ms=0 bytes=66649 head='# HELP app_info information about qdrant server\n# TYPE app_info gauge\napp_info{name="qdrant",version="1.18.0"} 1\n# HELP app_status_recovery_mode features enable'
[C1 timeout=1 (legal positive int)] prometheus shape: HELP=43 TYPE=43 samples=742
[B timeout=0] status=422 ms=0 bytes=119 head='{"status":{"error":"Validation error in query parameters: [timeout: value 0 invalid, must be 1 or larger]"},"time":0.0}'
[B timeout=0] clean rejection (422) — boundary integer explicitly refused — not a defect
[B timeout=-1] status=400 ms=15 bytes=102 head='{"status":{"error":"Deserialize error in query parameters: invalid digit found in string"},"time":0.0}'
[B timeout=-1] clean rejection (400) — boundary integer explicitly refused — not a defect
[B timeout=-100] status=400 ms=0 bytes=102 head='{"status":{"error":"Deserialize error in query parameters: invalid digit found in string"},"time":0.0}'
[B timeout=-100] clean rejection (400) — boundary integer explicitly refused — not a defect
[B timeout=2147483647] status=200 ms=14 bytes=66649 head='# HELP app_info information about qdrant server\n# TYPE app_info gauge\napp_info{name="qdrant",version="1.18.0"} 1\n# HELP app_status_recovery_mode features enable'
[B timeout=2147483647] accepted in 14 ms (prometheus shape ok=True) — value ignored/clamped, legal under the no-crash/no-hang oracle
[B timeout=2147483648] status=200 ms=15 bytes=66649 head='# HELP app_info information about qdrant server\n# TYPE app_info gauge\napp_info{name="qdrant",version="1.18.0"} 1\n# HELP app_status_recovery_mode features enable'
[B timeout=2147483648] accepted in 15 ms (prometheus shape ok=True) — value ignored/clamped, legal under the no-crash/no-hang oracle
[B timeout=9223372036854775807] status=200 ms=30 bytes=66649 head='# HELP app_info information about qdrant server\n# TYPE app_info gauge\napp_info{name="qdrant",version="1.18.0"} 1\n# HELP app_status_recovery_mode features enable'
[B timeout=9223372036854775807] accepted in 30 ms (prometheus shape ok=True) — value ignored/clamped, legal under the no-crash/no-hang oracle
[B timeout=9223372036854775808] status=200 ms=15 bytes=66649 head='# HELP app_info information about qdrant server\n# TYPE app_info gauge\napp_info{name="qdrant",version="1.18.0"} 1\n# HELP app_status_recovery_mode features enable'
[B timeout=9223372036854775808] accepted in 15 ms (prometheus shape ok=True) — value ignored/clamped, legal under the no-crash/no-hang oracle
[post-matrix bare] status=200 ms=14 bytes=66649 head='# HELP app_info information about qdrant server\n# TYPE app_info gauge\napp_info{name="qdrant",version="1.18.0"} 1\n# HELP app_status_recovery_mode features enable'
metrics timeout boundary lattice: every boundary integer was cleanly rejected or accepted within the bounded client clock with the 200/Prometheus promise intact, no hang, no 5xx, face healthy afterwards — NO_DEFECT
[cleanup probe healthz] status=200
VERDICT: NO_DEFECT
