<HOME>\AppData\Local\Programs\Python\Python312\Lib\site-packages\requests\__init__.py:113: RequestsDependencyWarning: urllib3 (2.6.3) or chardet (7.3.0)/charset_normalizer (3.4.6) doesn't match a supported version!
  warnings.warn(
[PATHS] index keys present=['delete_index', 'create_index', 'describe_collection', 'count', 'scroll']
[setup upsert] status=200 raw={"result":{"operation_id":1,"status":"completed"},"status":"ok","time":0.006009522}
[baseline count] count status=200 raw={"result":{"count":10},"status":"ok","time":0.000708248}
[baseline scroll] scroll status=200 raw={"result":{"points":[{"id":1,"payload":{"f_kw":"k1","f_int":1}},{"id":2,"payload":{"f_kw":"k1","f_int":2}},{"id":3,"payload":{"f_kw":"k0","f_int":3}},{"id":4,"payload":{"f_kw":"k1","f_int":4}},{"id":5
[baseline filtered f_kw=k0] count status=200 raw={"result":{"count":3},"status":"ok","time":0.000300322}
[repeat 1/6 delete f_absent] status=200 raw={"result":{"operation_id":3,"status":"completed"},"status":"ok","time":0.287497528}
[repeat 2/6 delete f_absent] status=200 raw={"result":{"operation_id":5,"status":"completed"},"status":"ok","time":0.298062957}
[repeat 3/6 delete f_absent] status=200 raw={"result":{"operation_id":7,"status":"completed"},"status":"ok","time":0.30757738}
[repeat 4/6 delete f_absent] status=200 raw={"result":{"operation_id":9,"status":"completed"},"status":"ok","time":0.288709281}
[repeat 5/6 delete f_absent] status=200 raw={"result":{"operation_id":11,"status":"completed"},"status":"ok","time":0.306689781}
[repeat 6/6 delete f_absent] status=200 raw={"result":{"operation_id":13,"status":"completed"},"status":"ok","time":0.305622182}
[describe after leg1] describe status=200 raw={"result":{"status":"green","optimizer_status":"ok","indexed_vectors_count":0,"points_count":10,"segments_count":8,"config":{"params":{"vectors":{"size":4,"distance":"Cosine"},"shard_number":1,"replication_factor":1,"write_consistency_factor":1,"on_disk_payload":true},"hnsw_config":{"m":16,"ef_const
[create f_kw index] status=200 raw={"result":{"operation_id":15,"status":"completed"},"status":"ok","time":0.534727459}
[describe with f_kw index] describe status=200 raw={"result":{"status":"green","optimizer_status":"ok","indexed_vectors_count":0,"points_count":10,"segments_count":8,"config":{"params":{"vectors":{"size":4,"distance":"Cosine"},"shard_number":1,"replication_factor":1,"write_consistency_factor":1,"on_disk_payload":true},"hnsw_config":{"m":16,"ef_const
[repeat 1/6 delete f_kw] status=200 raw={"result":{"operation_id":17,"status":"completed"},"status":"ok","time":0.288609812}
[repeat 2/6 delete f_kw] status=200 raw={"result":{"operation_id":19,"status":"completed"},"status":"ok","time":0.327401462}
[repeat 3/6 delete f_kw] status=200 raw={"result":{"operation_id":21,"status":"completed"},"status":"ok","time":0.295404505}
[repeat 4/6 delete f_kw] status=200 raw={"result":{"operation_id":23,"status":"completed"},"status":"ok","time":0.296549134}
[repeat 5/6 delete f_kw] status=200 raw={"result":{"operation_id":25,"status":"completed"},"status":"ok","time":0.280165153}
[repeat 6/6 delete f_kw] status=200 raw={"result":{"operation_id":27,"status":"completed"},"status":"ok","time":0.293374479}
[describe after leg2] describe status=200 raw={"result":{"status":"green","optimizer_status":"ok","indexed_vectors_count":0,"points_count":10,"segments_count":8,"config":{"params":{"vectors":{"size":4,"distance":"Cosine"},"shard_number":1,"replication_factor":1,"write_consistency_factor":1,"on_disk_payload":true},"hnsw_config":{"m":16,"ef_const
[count after legs] count status=200 raw={"result":{"count":10},"status":"ok","time":0.000403663}
[scroll after legs] scroll status=200 raw={"result":{"points":[{"id":1,"payload":{"f_kw":"k1","f_int":1}},{"id":2,"payload":{"f_kw":"k1","f_int":2}},{"id":3,"payload":{"f_kw":"k0","f_int":3}},{"id":4,"payload":{"f_kw":"k1","f_int":4}},{"id":5
[filtered f_kw=k0 after legs] count status=200 raw={"result":{"count":3},"status":"ok","time":0.000192919}
[summary] leg1_statuses=[200, 200, 200, 200, 200, 200] leg2_statuses=[200, 200, 200, 200, 200, 200] count=10 filt=3 payload_stable=True defects=0
repeat-idempotence: 6+6 identical deletes all 200 with no escalation; state converged (no schema residue, count=10, filter=3, payload snapshot identical) - NO_DEFECT
[cleanup] dropped sidd3_1788435259_29052_col
VERDICT: NO_DEFECT
