<HOME>\AppData\Local\Programs\Python\Python312\Lib\site-packages\requests\__init__.py:113: RequestsDependencyWarning: urllib3 (2.6.3) or chardet (7.3.0)/charset_normalizer (3.4.6) doesn't match a supported version!
  warnings.warn(
setup create b1opt4t_6fac7d583f: status=200
setup raw: {"result":true,"status":"ok","time":0.30058918}
control GET optimizations (no params) -> status=200
control raw: {"result":{"summary":{"queued_optimizations":0,"queued_segments":0,"queued_points":0,"idle_segments":8},"running":[]},"status":"ok","time":0.00010769}
probe 'completed_limit=abc (non-integer literal)' -> status=400
raw (first 400 chars): {"status":{"error":"Deserialize error in query parameters: invalid digit found in string"},"time":0.0}
probe completed_limit=abc (non-integer literal): clean 400 reject (recorded)
probe 'completed_limit=1.5 (float literal)' -> status=400
raw (first 400 chars): {"status":{"error":"Deserialize error in query parameters: invalid digit found in string"},"time":0.0}
probe completed_limit=1.5 (float literal): clean 400 reject (recorded)
probe 'completed_limit=-1 (negative literal)' -> status=400
raw (first 400 chars): {"status":{"error":"Deserialize error in query parameters: invalid digit found in string"},"time":0.0}
probe completed_limit=-1 (negative literal): clean 400 reject (recorded)
probe 'completed_limit= (empty value)' -> status=400
raw (first 400 chars): {"status":{"error":"Deserialize error in query parameters: cannot parse integer from empty string"},"time":0.0}
probe completed_limit= (empty value): clean 400 reject (recorded)
probe 'completed_limit=0&completed_limit=1 (duplicate key)' -> status=400
raw (first 400 chars): {"status":{"error":"Deserialize error in query parameters: duplicate field `completed_limit`"},"time":0.0}
probe completed_limit=0&completed_limit=1 (duplicate key): clean 400 reject (recorded)
OK: all completed_limit type probes answered without 5xx/crash; 200s kept the result envelope
VERDICT: NO_DEFECT
