<HOME>\AppData\Local\Programs\Python\Python312\Lib\site-packages\requests\__init__.py:113: RequestsDependencyWarning: urllib3 (2.6.3) or chardet (7.3.0)/charset_normalizer (3.4.6) doesn't match a supported version!
  warnings.warn(
[path derivation] describe_collection = /collections/{name} (runtime PATHS; matches raw_knowledge api_endpoints[collections+get].url /collections/{collection_name})
ownership prefix: scg028577c2
[pre-probe] /healthz status=200 raw=healthz check passed
[create scg028577c2_exp] status=200 raw={"result":true,"status":"ok","time":0.353036909}
[describe scg028577c2_exp] status=200 raw={"result":{"status":"green","optimizer_status":"ok","indexed_vectors_count":0,"points_count":0,"segments_count":8,"config":{"params":{"vectors":{"size":4,"distance":"Cosine"},"shard_number":1,"replication_factor":1,"write_consistency_factor":1,"on_disk_payload":false},"hnsw_config":{"m":32,"ef_construct":128,"full_scan_threshold":10000,"max_indexing_threads":0,"on_disk":false},"optimizer_config":{
[conform] echo config.params.shard_number == 1
[conform] echo config.params.replication_factor == 1
[conform] echo config.params.write_consistency_factor == 1
[conform] echo config.params.on_disk_payload == False
[conform] echo config.hnsw_config.m == 32
[conform] echo config.hnsw_config.ef_construct == 128
[conform] echo config.optimizer_config.indexing_threshold == 20000
[conform] echo config.wal_config.wal_capacity_mb == 64
[create scg028577c2_ctl] status=200 raw={"result":true,"status":"ok","time":0.306628014}
[describe scg028577c2_ctl] status=200 raw={"result":{"status":"green","optimizer_status":"ok","indexed_vectors_count":0,"points_count":0,"segments_count":8,"config":{"params":{"vectors":{"size":4,"distance":"Cosine"},"shard_number":1,"replication_factor":1,"write_consistency_factor":1,"on_disk_payload":true},"hnsw_config":{"m":16,"ef_constr
[observed note] control scg028577c2_ctl resolved defaults (no equality assertions on defaults): {"hnsw_config.m": 16, "hnsw_config.ef_construct": 100, "optimizer_config.indexing_threshold": 10000, "wal_config.wal_capacity_mb": 32, "params.on_disk_payload": true}
OK: the describe face echoes every explicit create-time config value exactly (resolved config is the collection's own; control leg printed deployment defaults as observed notes only)
VERDICT: NO_DEFECT
