<HOME>\AppData\Local\Programs\Python\Python312\Lib\site-packages\requests\__init__.py:113: RequestsDependencyWarning: urllib3 (2.6.3) or chardet (7.3.0)/charset_normalizer (3.4.6) doesn't match a supported version!
  warnings.warn(
[PATHS] registration check: ['payload_set']
[A upsert 1] status=200 raw={"result":{"operation_id":1,"status":"completed"},"status":"ok","time":0.004105436}
[A baseline scroll] status=200 raw={"result":{"points":[{"id":1,"payload":{"s":"seed"},"vector":[0.18257418,0.36514837,0.5477225,0.73029673]}],"next_page_offset":null},"status":"ok","time":0.0002
[T1 typed literals set] status=200 raw={"result":{"operation_id":2,"status":"completed"},"status":"ok","time":0.003618029}
[T1 typed literals readback scroll] status=200 raw={"result":{"points":[{"id":1,"payload":{"s":"seed","geo_pin":{"lon":13.405,"lat":52.52},"created":"2026-09-02T12:42:33Z","uid":"9f8b7c6d-5e4f-4a3b-8c2d-1e0f9a8b
[T1 typed literals count count] status=200 raw={"result":{"count":1},"status":"ok","time":0.000130059}
[T1] OK: all typed literals round-tripped with strict type identity: {'s': 'seed', 'geo_pin': {'lon': 13.405, 'lat': 52.52}, 'created': '2026-09-02T12:42:33Z', 'uid': '9f8b7c6d-5e4f-4a3b-8c2d-1e0f9a8b7c6d', 'ints': [1, 2, 3], 'kws': ['alpha', 'beta'], 'f64': 2.5, 'i64': 7, 'flag': False}
[T1] geo lon/lat transposition check: OK (lon=13.405, lat=52.52)
[T2 typed update set] status=200 raw={"result":{"operation_id":3,"status":"completed"},"status":"ok","time":0.004022031}
[T2 typed update readback scroll] status=200 raw={"result":{"points":[{"id":1,"payload":{"s":"seed","geo_pin":{"lon":1.0,"lat":2.0},"created":"2027-01-01T00:00:00Z","uid":"9f8b7c6d-5e4f-4a3b-8c2d-1e0f9a8b7c6d"
[T2 typed update count count] status=200 raw={"result":{"count":1},"status":"ok","time":0.000071901}
[T2] OK: geo_pin + created updated, all other typed keys intact
[T3a geo string-lon set] status=200 raw={"result":{"operation_id":4,"status":"completed"},"status":"ok","time":0.003726605}
[T3a geo string-lon readback scroll] status=200 raw={"result":{"points":[{"id":1,"payload":{"s":"seed","geo_pin":{"lon":1.0,"lat":2.0},"created":"2027-01-01T00:00:00Z","uid":"9f8b7c6d-5e4f-4a3b-8c2d-1e0f9a8b7c6d"
[T3a geo string-lon count count] status=200 raw={"result":{"count":1},"status":"ok","time":0.000088737}
[T3a] accepted-branch: stored EXACTLY as sent (string lon preserved, no coercion) — legal
[T3b mixed array set] status=200 raw={"result":{"operation_id":5,"status":"completed"},"status":"ok","time":0.005587215}
[T3b mixed array readback scroll] status=200 raw={"result":{"points":[{"id":1,"payload":{"s":"seed","geo_pin":{"lon":1.0,"lat":2.0},"created":"2027-01-01T00:00:00Z","uid":"9f8b7c6d-5e4f-4a3b-8c2d-1e0f9a8b7c6d"
[T3b mixed array count count] status=200 raw={"result":{"count":1},"status":"ok","time":0.000078594}
[T3b] accepted-branch: stored element-exact [1,"two"] — legal (same-type is a filterability promise, storage is JSON)
VERDICT: NO_DEFECT
