<HOME>\AppData\Local\Programs\Python\Python312\Lib\site-packages\requests\__init__.py:113: RequestsDependencyWarning: urllib3 (2.6.3) or chardet (7.3.0)/charset_normalizer (3.4.6) doesn't match a supported version!
  warnings.warn(
ownership tag: bcpd4-6443d536
[discover GET /cluster] status=200 raw={"result":{"status":"disabled"},"status":"ok","time":2.686e-6}
[discover] cluster status='disabled' known_peer_ids=[]
derived nonexistent peer id for all probes: 3059574062894020461
[control control force=true (canonical)] -> status=400 raw={"status":{"error":"Bad request: Distributed mode disabled."},"time":4.969e-6}
[control control force=false (canonical)] -> status=400 raw={"status":{"error":"Bad request: Distributed mode disabled."},"time":0.000015095}
[probe force=TRUE (uppercase)] -> status=400 raw={"status":{"error":"Deserialize error in query parameters: provided string was not `true` or `false`"},"time":0.0}
[probe force=True (mixed case)] -> status=400 raw={"status":{"error":"Deserialize error in query parameters: provided string was not `true` or `false`"},"time":0.0}
[probe force=yes] -> status=400 raw={"status":{"error":"Deserialize error in query parameters: provided string was not `true` or `false`"},"time":0.0}
[probe force=1 (numeric truthy)] -> status=400 raw={"status":{"error":"Deserialize error in query parameters: provided string was not `true` or `false`"},"time":0.0}
[probe force=0 (numeric falsy)] -> status=400 raw={"status":{"error":"Deserialize error in query parameters: provided string was not `true` or `false`"},"time":0.0}
[probe force=2 (numeric invalid)] -> status=400 raw={"status":{"error":"Deserialize error in query parameters: provided string was not `true` or `false`"},"time":0.0}
[probe force='' (empty value)] -> status=400 raw={"status":{"error":"Deserialize error in query parameters: provided string was not `true` or `false`"},"time":0.0}
[probe force=null (literal)] -> status=400 raw={"status":{"error":"Deserialize error in query parameters: provided string was not `true` or `false`"},"time":0.0}
[probe timeout=abc (non-numeric sibling param)] -> status=400 raw={"status":{"error":"Deserialize error in query parameters: invalid digit found in string"},"time":0.0}
[probe timeout=1.5 (float sibling param)] -> status=400 raw={"status":{"error":"Deserialize error in query parameters: invalid digit found in string"},"time":0.0}
OK: all non-canonical force/timeout query spellings + canonical controls -> 4xx; no 2xx/5xx
VERDICT: NO_DEFECT
