<HOME>\AppData\Local\Programs\Python\Python312\Lib\site-packages\requests\__init__.py:113: RequestsDependencyWarning: urllib3 (2.6.3) or chardet (7.3.0)/charset_normalizer (3.4.6) doesn't match a supported version!
  warnings.warn(
[PATHS] registration check: ['collection_optimizations']
[A never-created] status=404 raw={"status":{"error":"Not found: Collection `sop1_1788410889_21228_never_created` doesn't exist!"},"time":6.34e-6}
[A never-created] OK: 404 (missing collection branch)
[B create] status=200 raw={"result":true,"status":"ok","time":0.34875299}
[C live] status=200 raw={"result":{"summary":{"queued_optimizations":0,"queued_segments":0,"queued_points":0,"idle_segments":8},"running":[]},"status":"ok","time":0.000035627}
[C live] OK: 200 + result object envelope
[D upsert 2] status=200 raw={"result":{"operation_id":1,"status":"completed"},"status":"ok","time":0.002676639}
[D after-upsert] status=200 raw={"result":{"summary":{"queued_optimizations":0,"queued_segments":0,"queued_points":0,"idle_segments":8},"running":[]},"status":"ok","time":0.000034471}
[D after-upsert] OK: 200 + result object envelope
[E drop] status=200 raw={"result":true,"status":"ok","time":0.00847778}
[E post-delete] status=404 raw={"status":{"error":"Not found: Collection `sop1_1788410889_21228_col` doesn't exist!"},"time":6.284e-6}
[E post-delete] OK: 404 (missing collection branch)
[F recreate] status=200 raw={"result":true,"status":"ok","time":0.339831439}
[F recreated] status=200 raw={"result":{"summary":{"queued_optimizations":0,"queued_segments":0,"queued_points":0,"idle_segments":8},"running":[]},"status":"ok","time":0.000037013}
[F recreated] OK: 200 + result object envelope
[G clean-slate raw] status=200 raw={"result":{"summary":{"queued_optimizations":0,"queued_segments":0,"queued_points":0,"idle_segments":8},"running":[]},"status":"ok","time":0.000051246}
[G] OK: clean-slate summary.queued_points=0
VERDICT: NO_DEFECT
