<HOME>\AppData\Local\Programs\Python\Python312\Lib\site-packages\requests\__init__.py:113: RequestsDependencyWarning: urllib3 (2.6.3) or chardet (7.3.0)/charset_normalizer (3.4.6) doesn't match a supported version!
  warnings.warn(
[path derivation] create_collection = /collections/{name} (raw_knowledge api_endpoints[collections+create].url = /collections/{collection_name})
[pre-probe] /healthz status=200 raw=healthz check passed
[control] setup_default create OK (deployment healthy)
[create scc02_1788388159_ok1_cosine] status=200 raw={"result":true,"status":"ok","time":0.234018193}
[describe scc02_1788388159_ok1_cosine] status=200 raw={"result":{"status":"green","optimizer_status":"ok","indexed_vectors_count":0,"points_count":0,"segments_count":8,"config":{"params":{"vectors":{"size":4,"distance":"Cosine"},"shard_number":1,"replication_factor":1,"write_consistency_factor":1,"on_disk_payload":true},"hnsw_config":{"m":16,"ef_constr
[member 'Cosine'] persisted distance echo = 'Cosine'
[create scc02_1788388159_ok2_euclid] status=200 raw={"result":true,"status":"ok","time":0.248537563}
[describe scc02_1788388159_ok2_euclid] status=200 raw={"result":{"status":"green","optimizer_status":"ok","indexed_vectors_count":0,"points_count":0,"segments_count":8,"config":{"params":{"vectors":{"size":4,"distance":"Euclid"},"shard_number":1,"replication_factor":1,"write_consistency_factor":1,"on_disk_payload":true},"hnsw_config":{"m":16,"ef_constr
[member 'Euclid'] persisted distance echo = 'Euclid'
[create scc02_1788388159_ok3_dot] status=200 raw={"result":true,"status":"ok","time":0.333863817}
[describe scc02_1788388159_ok3_dot] status=200 raw={"result":{"status":"green","optimizer_status":"ok","indexed_vectors_count":0,"points_count":0,"segments_count":8,"config":{"params":{"vectors":{"size":4,"distance":"Dot"},"shard_number":1,"replication_factor":1,"write_consistency_factor":1,"on_disk_payload":true},"hnsw_config":{"m":16,"ef_construct
[member 'Dot'] persisted distance echo = 'Dot'
[create scc02_1788388159_ok4_manhattan] status=200 raw={"result":true,"status":"ok","time":0.249866448}
[describe scc02_1788388159_ok4_manhattan] status=200 raw={"result":{"status":"green","optimizer_status":"ok","indexed_vectors_count":0,"points_count":0,"segments_count":8,"config":{"params":{"vectors":{"size":4,"distance":"Manhattan"},"shard_number":1,"replication_factor":1,"write_consistency_factor":1,"on_disk_payload":true},"hnsw_config":{"m":16,"ef_con
[member 'Manhattan'] persisted distance echo = 'Manhattan'
[create scc02_1788388159_bad_euclidean] status=400 raw={"status":{"error":"Format error in JSON body: data did not match any variant of untagged enum VectorsConfig at line 1 column 49"},"time":0.0}
[invalid 'Euclidean'] cleanly rejected with 400
[create scc02_1788388159_bad_lowercase] status=400 raw={"status":{"error":"Format error in JSON body: data did not match any variant of untagged enum VectorsConfig at line 1 column 46"},"time":0.0}
[invalid 'cosine'] cleanly rejected with 400
[create scc02_1788388159_bad_empty] status=400 raw={"status":{"error":"Format error in JSON body: data did not match any variant of untagged enum VectorsConfig at line 1 column 40"},"time":0.0}
[invalid ''] cleanly rejected with 400
[summary] 4/4 documented members accepted and persisted verbatim; 3/3 out-of-domain spellings refused - strict Distance enum domain holds per qdrant_type_collections_create_001
VERDICT: NO_DEFECT
