<HOME>\AppData\Local\Programs\Python\Python312\Lib\site-packages\requests\__init__.py:113: RequestsDependencyWarning: urllib3 (2.6.3) or chardet (7.3.0)/charset_normalizer (3.4.6) doesn't match a supported version!
  warnings.warn(
[url-derived] cluster+recover -> /cluster/recover
[url-derived] cluster+status -> /cluster
ownership tag: bcr2-2206a739
[discover GET /cluster] status=200 raw={"result":{"status":"disabled"},"status":"ok","time":2.224e-6}
[probe 'documented no-body control'] -> status=500 raw={"status":{"error":"Service internal error: Qdrant is running in standalone mode"},"time":0.000231952}
[healthz attempt 1] status=200 raw=healthz check passed
[probe 'string body'] -> status=500 raw={"status":{"error":"Service internal error: Qdrant is running in standalone mode"},"time":0.000162598}
[healthz attempt 1] status=200 raw=healthz check passed
[probe 'number body'] -> status=500 raw={"status":{"error":"Service internal error: Qdrant is running in standalone mode"},"time":0.000232769}
[healthz attempt 1] status=200 raw=healthz check passed
[probe 'boolean body'] -> status=500 raw={"status":{"error":"Service internal error: Qdrant is running in standalone mode"},"time":0.00020676}
[healthz attempt 1] status=200 raw=healthz check passed
[probe 'array body'] -> status=500 raw={"status":{"error":"Service internal error: Qdrant is running in standalone mode"},"time":0.000191488}
[healthz attempt 1] status=200 raw=healthz check passed
[probe 'empty object'] -> status=500 raw={"status":{"error":"Service internal error: Qdrant is running in standalone mode"},"time":0.000251766}
[healthz attempt 1] status=200 raw=healthz check passed
[probe 'peer_id string-where-int'] -> status=500 raw={"status":{"error":"Service internal error: Qdrant is running in standalone mode"},"time":0.000210194}
[healthz attempt 1] status=200 raw=healthz check passed
[probe 'peer_id null'] -> status=500 raw={"status":{"error":"Service internal error: Qdrant is running in standalone mode"},"time":0.000245248}
[healthz attempt 1] status=200 raw=healthz check passed
[probe 'wrong-typed op fields'] -> status=500 raw={"status":{"error":"Service internal error: Qdrant is running in standalone mode"},"time":0.000243612}
[healthz attempt 1] status=200 raw=healthz check passed
[probe '50-level nested object'] -> status=500 raw={"status":{"error":"Service internal error: Qdrant is running in standalone mode"},"time":0.000151493}
[healthz attempt 1] status=200 raw=healthz check passed
VERDICT: DEFECT_FOUND (Type3_RuntimeFailure) — body form 'documented no-body control' got 500 with /healthz alive; body: {"status":{"error":"Service internal error: Qdrant is running in standalone mode"},"time":0.000231952}
