<HOME>\AppData\Local\Programs\Python\Python312\Lib\site-packages\requests\__init__.py:113: RequestsDependencyWarning: urllib3 (2.6.3) or chardet (7.3.0)/charset_normalizer (3.4.6) doesn't match a supported version!
  warnings.warn(
[writer 5] status=200 raw={"result":{"operation_id":1,"status":"completed"},"status":"ok","time":0.004564778}
[writer 8] status=200 raw={"result":{"operation_id":2,"status":"completed"},"status":"ok","time":0.010444271}
[writer 0] status=200 raw={"result":{"operation_id":3,"status":"completed"},"status":"ok","time":0.01060844}
[writer 6] status=200 raw={"result":{"operation_id":4,"status":"completed"},"status":"ok","time":0.010977736}
[writer 16] status=200 raw={"result":{"operation_id":5,"status":"completed"},"status":"ok","time":0.010969654}
[writer 3] status=200 raw={"result":{"operation_id":6,"status":"completed"},"status":"ok","time":0.01067387}
[writer 2] status=200 raw={"result":{"operation_id":10,"status":"completed"},"status":"ok","time":0.011674981}
[writer 13] status=200 raw={"result":{"operation_id":7,"status":"completed"},"status":"ok","time":0.010987973}
[writer 9] status=200 raw={"result":{"operation_id":11,"status":"completed"},"status":"ok","time":0.011633327}
[writer 14] status=200 raw={"result":{"operation_id":8,"status":"completed"},"status":"ok","time":0.011284033}
[writer 11] status=200 raw={"result":{"operation_id":13,"status":"completed"},"status":"ok","time":0.011723129}
[writer 1] status=200 raw={"result":{"operation_id":15,"status":"completed"},"status":"ok","time":0.011615927}
[writer 10] status=200 raw={"result":{"operation_id":18,"status":"completed"},"status":"ok","time":0.012010834}
[writer 4] status=200 raw={"result":{"operation_id":19,"status":"completed"},"status":"ok","time":0.012129119}
[writer 7] status=200 raw={"result":{"operation_id":9,"status":"completed"},"status":"ok","time":0.011473939}
[writer 12] status=200 raw={"result":{"operation_id":14,"status":"completed"},"status":"ok","time":0.011782775}
[writer 19] status=200 raw={"result":{"operation_id":20,"status":"completed"},"status":"ok","time":0.012097342}
[writer 17] status=200 raw={"result":{"operation_id":16,"status":"completed"},"status":"ok","time":0.011799341}
[writer 18] status=200 raw={"result":{"operation_id":12,"status":"completed"},"status":"ok","time":0.01175162}
[writer 15] status=200 raw={"result":{"operation_id":17,"status":"completed"},"status":"ok","time":0.011830561}
[writers] 20/20 returned 200
[final count read1] status=200 raw={"result":{"count":100},"status":"ok","time":0.000316756}
[final count read2] status=200 raw={"result":{"count":100},"status":"ok","time":0.000220626}
[final count] OK: 100 == 20*5
[partition 0] status=200 raw={"result":{"count":5},"status":"ok","time":0.00040607}
[partition 1] status=200 raw={"result":{"count":5},"status":"ok","time":0.000067962}
[partition 2] status=200 raw={"result":{"count":5},"status":"ok","time":0.000161964}
[partition 3] status=200 raw={"result":{"count":5},"status":"ok","time":0.000246458}
[partition 4] status=200 raw={"result":{"count":5},"status":"ok","time":0.000252073}
[partition 5] status=200 raw={"result":{"count":5},"status":"ok","time":0.000192088}
[partition 6] status=200 raw={"result":{"count":5},"status":"ok","time":0.000248079}
[partition 7] status=200 raw={"result":{"count":5},"status":"ok","time":0.000224918}
[partition 8] status=200 raw={"result":{"count":5},"status":"ok","time":0.000180017}
[partition 9] status=200 raw={"result":{"count":5},"status":"ok","time":0.000248866}
[partition 10] status=200 raw={"result":{"count":5},"status":"ok","time":0.000183362}
[partition 11] status=200 raw={"result":{"count":5},"status":"ok","time":0.000206707}
[partition 12] status=200 raw={"result":{"count":5},"status":"ok","time":0.000357577}
[partition 13] status=200 raw={"result":{"count":5},"status":"ok","time":0.000206749}
[partition 14] status=200 raw={"result":{"count":5},"status":"ok","time":0.000226055}
[partition 15] status=200 raw={"result":{"count":5},"status":"ok","time":0.000179561}
[partition 16] status=200 raw={"result":{"count":5},"status":"ok","time":0.000186867}
[partition 17] status=200 raw={"result":{"count":5},"status":"ok","time":0.000511554}
[partition 18] status=200 raw={"result":{"count":5},"status":"ok","time":0.000164017}
[partition 19] status=200 raw={"result":{"count":5},"status":"ok","time":0.00008806}
[partitions] OK: all 20 partitions count == 5
VERDICT: NO_DEFECT
