<HOME>\AppData\Local\Programs\Python\Python312\Lib\site-packages\requests\__init__.py:113: RequestsDependencyWarning: urllib3 (2.6.3) or chardet (7.3.0)/charset_normalizer (3.4.6) doesn't match a supported version!
  warnings.warn(
sanity well-formed ids=[401] -> status=200
leg body {} (ids absent) -> status=400
raw: {"status":{"error":"Format error in JSON body: missing field `ids` at line 1 column 2"},"time":0.0}
leg body {} (ids absent) OK: clean 4xx rejection
leg ids absent, wp present -> status=400
raw: {"status":{"error":"Format error in JSON body: missing field `ids` at line 1 column 22"},"time":0.0}
diagnostics OK: 4xx names the required field ids
leg ids absent, wp present OK: clean 4xx rejection
leg ids = null -> status=400
raw: {"status":{"error":"Format error in JSON body: invalid type: null, expected a sequence at line 1 column 13"},"time":0.0}
leg ids = null OK: clean 4xx rejection
leg ids = {} (object) -> status=400
raw: {"status":{"error":"Format error in JSON body: invalid type: map, expected a sequence at line 1 column 11"},"time":0.0}
leg ids = {} (object) OK: clean 4xx rejection
leg ids = '401' (scalar string) -> status=400
raw: {"status":{"error":"Format error in JSON body: invalid type: string \"401\", expected a sequence at line 1 column 14"},"time":0.0}
leg ids = '401' (scalar string) OK: clean 4xx rejection
leg ids=[] (zero-closure, soft) -> status=200
raw: {"result":[],"status":"ok","time":8.162e-6}
leg ids=[] OK: 200 with result == [] (0 found -> 0 records)
VERDICT: NO_DEFECT
