<HOME>\AppData\Local\Programs\Python\Python312\Lib\site-packages\requests\__init__.py:113: RequestsDependencyWarning: urllib3 (2.6.3) or chardet (7.3.0)/charset_normalizer (3.4.6) doesn't match a supported version!
  warnings.warn(
[path derivation] describe_collection = /collections/{name} (runtime PATHS; matches raw_knowledge api_endpoints[collections+get].url /collections/{collection_name})
[path derivation] collection_exists = /collections/{collection_name}/exists (raw_knowledge api_endpoints[collections+exists].url; corroborating probe only, never the adjudicator)
ownership prefix: scg06486409
[pre-probe] /healthz status=200 raw=healthz check passed
[setup] collections present at start: ['bcc139b6a8bp2', 'bcc139bc7c6p2', 'scc024_1788393554_legal_1', 'scc024_1788393554_legal_8', 'scc2a_1788393513_35968_shmin']
[create c1 plain control 'scg06486409_ctl'] status=200 raw={"result":true,"status":"ok","time":0.336942854}
[create c2 long-63 'scg06486409-xxxxxxxxxxxxxxxxxxxxxxxxxxxxxxxxxxxxxxxxxxxxxxxxxxx'] status=200 raw={"result":true,"status":"ok","time":0.361849292}
[create c3 digits+hyphens 'scg06486409-7h-42x'] status=200 raw={"result":true,"status":"ok","time":0.350602871}
[create c4 routing-edge 'aliases' 'aliases'] status=200 raw={"result":true,"status":"ok","time":0.322096542}
[create c5 routing-edge 'points' 'points'] status=200 raw={"result":true,"status":"ok","time":0.328100272}
[create c6 routing-edge 'exists' 'exists'] status=200 raw={"result":true,"status":"ok","time":0.307913329}
[describe c1 plain control] name='scg06486409_ctl' status=200 raw={"result":{"status":"green","optimizer_status":"ok","indexed_vectors_count":0,"points_count":0,"segments_count":8,"config":{"params":{"vectors":{"size":4,"distance":"Cosine"},"shard_number":1,"replication_factor":1,"write_consistency_factor
[conform] c1 plain control: 200 with a config object
[twin c1 plain control] name='scg06486409_c0g' status=404 raw={"status":{"error":"Not found: Collection `scg06486409_c0g` doesn't exist!"},"time":4.943e-6}
[conform] twin of c1 plain control: 404 on the never-created same-grammar name
[describe c2 long-63] name='scg06486409-xxxxxxxxxxxxxxxxxxxxxxxxxxxxxxxxxxxxxxxxxxxxxxxxxxx' status=200 raw={"result":{"status":"green","optimizer_status":"ok","indexed_vectors_count":0,"points_count":0,"segments_count":8,"config":{"params":{"vectors":{"size":4,"distance":"Cosine"},"shard_number":1,"replication_factor":1,"write_consistency_factor
[conform] c2 long-63: 200 with a config object
[twin c2 long-63] name='scg06486409-xxxxxxxxxxxxxxxxxxxxxxxxxxxxxxxxxxxxxxxxxxxxxxxxx0g' status=404 raw={"status":{"error":"Not found: Collection `scg06486409-xxxxxxxxxxxxxxxxxxxxxxxxxxxxxxxxxxxxxxxxxxxxxxxxx0g` doesn't exist!"},"time":8.219e-6}
[conform] twin of c2 long-63: 404 on the never-created same-grammar name
[describe c3 digits+hyphens] name='scg06486409-7h-42x' status=200 raw={"result":{"status":"green","optimizer_status":"ok","indexed_vectors_count":0,"points_count":0,"segments_count":8,"config":{"params":{"vectors":{"size":4,"distance":"Cosine"},"shard_number":1,"replication_factor":1,"write_consistency_factor
[conform] c3 digits+hyphens: 200 with a config object
[twin c3 digits+hyphens] name='scg06486409-7h-40g' status=404 raw={"status":{"error":"Not found: Collection `scg06486409-7h-40g` doesn't exist!"},"time":6.807e-6}
[conform] twin of c3 digits+hyphens: 404 on the never-created same-grammar name
[describe c4 routing-edge 'aliases'] name='aliases' status=200 raw={"result":{"status":"green","optimizer_status":"ok","indexed_vectors_count":0,"points_count":0,"segments_count":8,"config":{"params":{"vectors":{"size":4,"distance":"Cosine"},"shard_number":1,"replication_factor":1,"write_consistency_factor
[conform] c4 routing-edge 'aliases': 200 with a config object
[twin c4 routing-edge 'aliases'] name='alias0g' status=404 raw={"status":{"error":"Not found: Collection `alias0g` doesn't exist!"},"time":6.08e-6}
[conform] twin of c4 routing-edge 'aliases': 404 on the never-created same-grammar name
[describe c5 routing-edge 'points'] name='points' status=200 raw={"result":{"status":"green","optimizer_status":"ok","indexed_vectors_count":0,"points_count":0,"segments_count":8,"config":{"params":{"vectors":{"size":4,"distance":"Cosine"},"shard_number":1,"replication_factor":1,"write_consistency_factor
[conform] c5 routing-edge 'points': 200 with a config object
[twin c5 routing-edge 'points'] name='poin0g' status=404 raw={"status":{"error":"Not found: Collection `poin0g` doesn't exist!"},"time":7.834e-6}
[conform] twin of c5 routing-edge 'points': 404 on the never-created same-grammar name
[describe c6 routing-edge 'exists'] name='exists' status=200 raw={"result":{"status":"green","optimizer_status":"ok","indexed_vectors_count":0,"points_count":0,"segments_count":8,"config":{"params":{"vectors":{"size":4,"distance":"Cosine"},"shard_number":1,"replication_factor":1,"write_consistency_factor
[conform] c6 routing-edge 'exists': 200 with a config object
[twin c6 routing-edge 'exists'] name='exis0g' status=404 raw={"status":{"error":"Not found: Collection `exis0g` doesn't exist!"},"time":6.839e-6}
[conform] twin of c6 routing-edge 'exists': 404 on the never-created same-grammar name
OK: every create-verified legal name (plain / 63-char / digits+hyphens / routing-edge segments aliases, points, exists) is described with 200 + a config object, and every never-created same-grammar twin gets the documented 404
VERDICT: NO_DEFECT
