<HOME>\AppData\Local\Programs\Python\Python312\Lib\site-packages\requests\__init__.py:113: RequestsDependencyWarning: urllib3 (2.6.3) or chardet (7.3.0)/charset_normalizer (3.4.6) doesn't match a supported version!
  warnings.warn(
[P0 control probe: documented no-body GET] status=200 raw={"result":{"status":"disabled"},"status":"ok","time":2.11e-6}
[P0 fingerprint] keys=['status'] mode='disabled'
[P1 after create] status=200 raw={"result":{"status":"disabled"},"status":"ok","time":5.057e-6}
[P2 seed upsert wait=true] status=200 raw={"result":{"operation_id":1,"status":"completed"},"status":"ok","time":0.004145637}
[P2 count control] exact=8 expected=8
[P2 after upsert] status=200 raw={"result":{"status":"disabled"},"status":"ok","time":2.274e-6}
[P3 create index] status=200 raw={"result":{"operation_id":3,"status":"acknowledged"},"status":"ok","time":0.013708943}
[P3 after index create] status=200 raw={"result":{"status":"disabled"},"status":"ok","time":2.609e-6}
[P4 delete wait=true] status=200 raw={"result":{"operation_id":4,"status":"completed"},"status":"ok","time":0.280405829}
[P4 count control] exact=4 expected=4
[P4 after delete] status=200 raw={"result":{"status":"disabled"},"status":"ok","time":2.413e-6}
[P5 drop] status=200 raw={"result":true,"status":"ok","time":0.008189635}
[P5 quiescence] describe(scst1_1788381680_23724_col) -> 404? True
[P5 post-delete] status=200 raw={"result":{"status":"disabled"},"status":"ok","time":2.626e-6}
[P5 final type-check] status=200 raw={"result":{"status":"disabled"},"status":"ok","time":3.328e-6}
DEFECT: (P0) documented ClusterStatus fields missing: ['peer_id', 'raft_state', 'commit_index', 'peers'] — Type4_StateLogicViolation
DEFECT: (P5) documented ClusterStatus fields missing: ['peer_id', 'raft_state', 'commit_index', 'peers'] — Type4_StateLogicViolation
VERDICT: DEFECT_FOUND
