<HOME>\AppData\Local\Programs\Python\Python312\Lib\site-packages\requests\__init__.py:113: RequestsDependencyWarning: urllib3 (2.6.3) or chardet (7.3.0)/charset_normalizer (3.4.6) doesn't match a supported version!
  warnings.warn(
ownership prefix: bau39647bf79
positive create -> status=200 raw={"result":true,"status":"ok","time":0.01263115}
positive delete -> status=200 raw={"result":true,"status":"ok","time":0.014717096}
probe[alias_name-int] -> status=400
  raw: {"status":{"error":"Format error in JSON body: data did not match any variant of untagged enum AliasOperations at line 1 column 88"},"time":0.0}
  OK: rejected 400 with non-empty diagnostics
probe[alias_name-float] -> status=400
  raw: {"status":{"error":"Format error in JSON body: data did not match any variant of untagged enum AliasOperations at line 1 column 88"},"time":0.0}
  OK: rejected 400 with non-empty diagnostics
probe[alias_name-bool] -> status=400
  raw: {"status":{"error":"Format error in JSON body: data did not match any variant of untagged enum AliasOperations at line 1 column 89"},"time":0.0}
  OK: rejected 400 with non-empty diagnostics
probe[alias_name-null] -> status=400
  raw: {"status":{"error":"Format error in JSON body: data did not match any variant of untagged enum AliasOperations at line 1 column 89"},"time":0.0}
  OK: rejected 400 with non-empty diagnostics
probe[alias_name-array] -> status=400
  raw: {"status":{"error":"Format error in JSON body: data did not match any variant of untagged enum AliasOperations at line 1 column 87"},"time":0.0}
  OK: rejected 400 with non-empty diagnostics
probe[alias_name-object] -> status=400
  raw: {"status":{"error":"Format error in JSON body: data did not match any variant of untagged enum AliasOperations at line 1 column 93"},"time":0.0}
  OK: rejected 400 with non-empty diagnostics
probe[collection_name-null] -> status=400
  raw: {"status":{"error":"Format error in JSON body: data did not match any variant of untagged enum AliasOperations at line 1 column 89"},"time":0.0}
  OK: rejected 400 with non-empty diagnostics
probe[collection_name-array] -> status=400
  raw: {"status":{"error":"Format error in JSON body: data did not match any variant of untagged enum AliasOperations at line 1 column 87"},"time":0.0}
  OK: rejected 400 with non-empty diagnostics
probe[collection_name-int] -> status=400
  raw: {"status":{"error":"Format error in JSON body: data did not match any variant of untagged enum AliasOperations at line 1 column 88"},"time":0.0}
  OK: rejected 400 with non-empty diagnostics
probe[create-missing-alias_name] -> status=400
  raw: {"status":{"error":"Format error in JSON body: data did not match any variant of untagged enum AliasOperations at line 1 column 69"},"time":0.0}
  OK: rejected 400 with non-empty diagnostics
probe[create-missing-collection_name] -> status=400
  raw: {"status":{"error":"Format error in JSON body: data did not match any variant of untagged enum AliasOperations at line 1 column 64"},"time":0.0}
  OK: rejected 400 with non-empty diagnostics
probe[delete-missing-alias_name] -> status=400
  raw: {"status":{"error":"Format error in JSON body: data did not match any variant of untagged enum AliasOperations at line 1 column 34"},"time":0.0}
  OK: rejected 400 with non-empty diagnostics
probe[rename-missing-new] -> status=400
  raw: {"status":{"error":"Format error in JSON body: data did not match any variant of untagged enum AliasOperations at line 1 column 71"},"time":0.0}
  OK: rejected 400 with non-empty diagnostics
probe[rename-missing-old] -> status=400
  raw: {"status":{"error":"Format error in JSON body: data did not match any variant of untagged enum AliasOperations at line 1 column 68"},"time":0.0}
  OK: rejected 400 with non-empty diagnostics
VERDICT: NO_DEFECT
