<HOME>\AppData\Local\Programs\Python\Python312\Lib\site-packages\requests\__init__.py:113: RequestsDependencyWarning: urllib3 (2.6.3) or chardet (7.3.0)/charset_normalizer (3.4.6) doesn't match a supported version!
  warnings.warn(
[plan] readers=10 writers=10 window=4.0s
[seed upsert wait=true] status=200 raw={"result":{"operation_id":1,"status":"completed"},"status":"ok","time":0.003730392}
[baseline count control] exact=4 expected=4
[control probe: documented no-body GET] status=200 raw={"result":{"status":"disabled"},"status":"ok","time":7.135e-6}
[fingerprint] keys=['status'] mode='disabled'
[reader 7] finished after 176 probes
[reader 3] finished after 175 probes
[reader 9] finished after 177 probes
[reader 4] finished after 175 probes
[reader 0] finished after 175 probes
[reader 6] finished after 175 probes
[reader 1] finished after 169 probes
[reader 8] finished after 173 probes
[reader 5] finished after 172 probes
[reader 2] finished after 176 probes
[writer 6] finished after 184 batches
[writer 2] finished after 169 batches
[writer 7] finished after 168 batches
[writer 1] finished after 173 batches
[writer 3] finished after 173 batches
[writer 0] finished after 176 batches
[writer 8] finished after 175 batches
[writer 9] finished after 168 batches
[writer 5] finished after 177 batches
[writer 4] finished after 174 batches
[final count control] exact=3478 expected=3478 (seed 4 + accepted 3474)
[post-race control probe] status=200 raw={"result":{"status":"disabled"},"status":"ok","time":2.799e-6}
VERDICT: NO_DEFECT
