<HOME>\AppData\Local\Programs\Python\Python312\Lib\site-packages\requests\__init__.py:113: RequestsDependencyWarning: urllib3 (2.6.3) or chardet (7.3.0)/charset_normalizer (3.4.6) doesn't match a supported version!
  warnings.warn(
[PATHS] registration check: ['payload_clear', 'payload_overwrite']
[config] N=20 PARTS=4 ROUNDS=4 (TESTVDB_CONCURRENT_THREADS=10)
[A upsert 20] status=200 raw={"result":{"operation_id":1,"status":"completed"},"status":"ok","time":0.003932397}
[A baseline scroll] status=200 raw={"result":{"points":[{"id":0,"payload":{"k":"v0","grp":"even"},"vector":[0.2581989,0.2581989,0.5163978,0.77459663]},{"id":1,"payload":{"k":"v1","grp":"odd"},"ve
[raceA-part0] status=200 raw={"result":{"operation_id":2,"status":"completed"},"status":"ok","time":0.002960407}
[raceA-part1] status=200 raw={"result":{"operation_id":3,"status":"completed"},"status":"ok","time":0.005682476}
[raceA-part2] status=200 raw={"result":{"operation_id":4,"status":"completed"},"status":"ok","time":0.00594456}
[raceA-part3] status=200 raw={"result":{"operation_id":5,"status":"completed"},"status":"ok","time":0.005388066}
[raceA readback scroll] status=200 raw={"result":{"points":[{"id":0,"payload":{},"vector":[0.2581989,0.2581989,0.5163978,0.77459663]},{"id":1,"payload":{},"vector":[0.47140455,0.23570228,0.47140455,0
[raceA count count] status=200 raw={"result":{"count":20},"status":"ok","time":0.000097025}
[raceB-r0-clear] status=200 raw={"result":{"operation_id":7,"status":"completed"},"status":"ok","time":0.003819596}
[raceB-r0 readback scroll] status=200 raw={"result":{"points":[{"id":0,"payload":{},"vector":[0.2581989,0.2581989,0.5163978,0.77459663]},{"id":1,"payload":{"k":"v1","grp":"odd"},"vector":[0.47140455,0.2
[raceB-r0 count count] status=200 raw={"result":{"count":20},"status":"ok","time":0.000087309}
[raceB-r0] OK: no torn payloads (1 cleared / 19 overwritten serializations)
[raceB-r1-clear] status=200 raw={"result":{"operation_id":27,"status":"completed"},"status":"ok","time":0.005381908}
[raceB-r1 readback scroll] status=200 raw={"result":{"points":[{"id":0,"payload":{"k":"v0","grp":"even"},"vector":[0.2581989,0.2581989,0.5163978,0.77459663]},{"id":1,"payload":{"k":"v1","grp":"odd"},"ve
[raceB-r1 count count] status=200 raw={"result":{"count":20},"status":"ok","time":0.000100975}
[raceB-r1] OK: no torn payloads (0 cleared / 20 overwritten serializations)
[raceB-r2-clear] status=200 raw={"result":{"operation_id":48,"status":"completed"},"status":"ok","time":0.011931473}
[raceB-r2 readback scroll] status=200 raw={"result":{"points":[{"id":0,"payload":{"k":"v0","grp":"even"},"vector":[0.2581989,0.2581989,0.5163978,0.77459663]},{"id":1,"payload":{"k":"v1","grp":"odd"},"ve
[raceB-r2 count count] status=200 raw={"result":{"count":20},"status":"ok","time":0.000270054}
[raceB-r2] OK: no torn payloads (0 cleared / 20 overwritten serializations)
[raceB-r3-clear] status=200 raw={"result":{"operation_id":69,"status":"completed"},"status":"ok","time":0.005192418}
[raceB-r3 readback scroll] status=200 raw={"result":{"points":[{"id":0,"payload":{"k":"v0","grp":"even"},"vector":[0.2581989,0.2581989,0.5163978,0.77459663]},{"id":1,"payload":{"k":"v1","grp":"odd"},"ve
[raceB-r3 count count] status=200 raw={"result":{"count":20},"status":"ok","time":0.00011072}
[raceB-r3] OK: no torn payloads (0 cleared / 20 overwritten serializations)
[final-clear] status=200 raw={"result":{"operation_id":90,"status":"completed"},"status":"ok","time":0.012629523}
[final readback scroll] status=200 raw={"result":{"points":[{"id":0,"payload":{},"vector":[0.2581989,0.2581989,0.5163978,0.77459663]},{"id":1,"payload":{},"vector":[0.47140455,0.23570228,0.47140455,0
[final count count] status=200 raw={"result":{"count":20},"status":"ok","time":0.000088935}
DEFECT: (raceA) point 0 vector changed during payload races — Type4_StateLogicViolation
DEFECT: (raceA) point 1 vector changed during payload races — Type4_StateLogicViolation
DEFECT: (raceA) point 2 vector changed during payload races — Type4_StateLogicViolation
DEFECT: (raceA) point 3 vector changed during payload races — Type4_StateLogicViolation
DEFECT: (raceA) point 4 vector changed during payload races — Type4_StateLogicViolation
DEFECT: (raceA) point 5 vector changed during payload races — Type4_StateLogicViolation
DEFECT: (raceA) point 6 vector changed during payload races — Type4_StateLogicViolation
DEFECT: (raceA) point 7 vector changed during payload races — Type4_StateLogicViolation
DEFECT: (raceA) point 8 vector changed during payload races — Type4_StateLogicViolation
DEFECT: (raceA) point 9 vector changed during payload races — Type4_StateLogicViolation
DEFECT: (raceA) point 10 vector changed during payload races — Type4_StateLogicViolation
DEFECT: (raceA) point 11 vector changed during payload races — Type4_StateLogicViolation
DEFECT: (raceA) point 12 vector changed during payload races — Type4_StateLogicViolation
DEFECT: (raceA) point 13 vector changed during payload races — Type4_StateLogicViolation
DEFECT: (raceA) point 14 vector changed during payload races — Type4_StateLogicViolation
DEFECT: (raceA) point 15 vector changed during payload races — Type4_StateLogicViolation
DEFECT: (raceA) point 16 vector changed during payload races — Type4_StateLogicViolation
DEFECT: (raceA) point 17 vector changed during payload races — Type4_StateLogicViolation
DEFECT: (raceA) point 18 vector changed during payload races — Type4_StateLogicViolation
DEFECT: (raceA) point 19 vector changed during payload races — Type4_StateLogicViolation
DEFECT: (raceB-r0) point 0 vector changed during payload races — Type4_StateLogicViolation
DEFECT: (raceB-r0) point 1 vector changed during payload races — Type4_StateLogicViolation
DEFECT: (raceB-r0) point 2 vector changed during payload races — Type4_StateLogicViolation
DEFECT: (raceB-r0) point 3 vector changed during payload races — Type4_StateLogicViolation
DEFECT: (raceB-r0) point 4 vector changed during payload races — Type4_StateLogicViolation
DEFECT: (raceB-r0) point 5 vector changed during payload races — Type4_StateLogicViolation
DEFECT: (raceB-r0) point 6 vector changed during payload races — Type4_StateLogicViolation
DEFECT: (raceB-r0) point 7 vector changed during payload races — Type4_StateLogicViolation
DEFECT: (raceB-r0) point 8 vector changed during payload races — Type4_StateLogicViolation
DEFECT: (raceB-r0) point 9 vector changed during payload races — Type4_StateLogicViolation
DEFECT: (raceB-r0) point 10 vector changed during payload races — Type4_StateLogicViolation
DEFECT: (raceB-r0) point 11 vector changed during payload races — Type4_StateLogicViolation
DEFECT: (raceB-r0) point 12 vector changed during payload races — Type4_StateLogicViolation
DEFECT: (raceB-r0) point 13 vector changed during payload races — Type4_StateLogicViolation
DEFECT: (raceB-r0) point 14 vector changed during payload races — Type4_StateLogicViolation
DEFECT: (raceB-r0) point 15 vector changed during payload races — Type4_StateLogicViolation
DEFECT: (raceB-r0) point 16 vector changed during payload races — Type4_StateLogicViolation
DEFECT: (raceB-r0) point 17 vector changed during payload races — Type4_StateLogicViolation
DEFECT: (raceB-r0) point 18 vector changed during payload races — Type4_StateLogicViolation
DEFECT: (raceB-r0) point 19 vector changed during payload races — Type4_StateLogicViolation
DEFECT: (raceB-r1) point 0 vector changed during payload races — Type4_StateLogicViolation
DEFECT: (raceB-r1) point 1 vector changed during payload races — Type4_StateLogicViolation
DEFECT: (raceB-r1) point 2 vector changed during payload races — Type4_StateLogicViolation
DEFECT: (raceB-r1) point 3 vector changed during payload races — Type4_StateLogicViolation
DEFECT: (raceB-r1) point 4 vector changed during payload races — Type4_StateLogicViolation
DEFECT: (raceB-r1) point 5 vector changed during payload races — Type4_StateLogicViolation
DEFECT: (raceB-r1) point 6 vector changed during payload races — Type4_StateLogicViolation
DEFECT: (raceB-r1) point 7 vector changed during payload races — Type4_StateLogicViolation
DEFECT: (raceB-r1) point 8 vector changed during payload races — Type4_StateLogicViolation
DEFECT: (raceB-r1) point 9 vector changed during payload races — Type4_StateLogicViolation
DEFECT: (raceB-r1) point 10 vector changed during payload races — Type4_StateLogicViolation
DEFECT: (raceB-r1) point 11 vector changed during payload races — Type4_StateLogicViolation
DEFECT: (raceB-r1) point 12 vector changed during payload races — Type4_StateLogicViolation
DEFECT: (raceB-r1) point 13 vector changed during payload races — Type4_StateLogicViolation
DEFECT: (raceB-r1) point 14 vector changed during payload races — Type4_StateLogicViolation
DEFECT: (raceB-r1) point 15 vector changed during payload races — Type4_StateLogicViolation
DEFECT: (raceB-r1) point 16 vector changed during payload races — Type4_StateLogicViolation
DEFECT: (raceB-r1) point 17 vector changed during payload races — Type4_StateLogicViolation
DEFECT: (raceB-r1) point 18 vector changed during payload races — Type4_StateLogicViolation
DEFECT: (raceB-r1) point 19 vector changed during payload races — Type4_StateLogicViolation
DEFECT: (raceB-r2) point 0 vector changed during payload races — Type4_StateLogicViolation
DEFECT: (raceB-r2) point 1 vector changed during payload races — Type4_StateLogicViolation
DEFECT: (raceB-r2) point 2 vector changed during payload races — Type4_StateLogicViolation
DEFECT: (raceB-r2) point 3 vector changed during payload races — Type4_StateLogicViolation
DEFECT: (raceB-r2) point 4 vector changed during payload races — Type4_StateLogicViolation
DEFECT: (raceB-r2) point 5 vector changed during payload races — Type4_StateLogicViolation
DEFECT: (raceB-r2) point 6 vector changed during payload races — Type4_StateLogicViolation
DEFECT: (raceB-r2) point 7 vector changed during payload races — Type4_StateLogicViolation
DEFECT: (raceB-r2) point 8 vector changed during payload races — Type4_StateLogicViolation
DEFECT: (raceB-r2) point 9 vector changed during payload races — Type4_StateLogicViolation
DEFECT: (raceB-r2) point 10 vector changed during payload races — Type4_StateLogicViolation
DEFECT: (raceB-r2) point 11 vector changed during payload races — Type4_StateLogicViolation
DEFECT: (raceB-r2) point 12 vector changed during payload races — Type4_StateLogicViolation
DEFECT: (raceB-r2) point 13 vector changed during payload races — Type4_StateLogicViolation
DEFECT: (raceB-r2) point 14 vector changed during payload races — Type4_StateLogicViolation
DEFECT: (raceB-r2) point 15 vector changed during payload races — Type4_StateLogicViolation
DEFECT: (raceB-r2) point 16 vector changed during payload races — Type4_StateLogicViolation
DEFECT: (raceB-r2) point 17 vector changed during payload races — Type4_StateLogicViolation
DEFECT: (raceB-r2) point 18 vector changed during payload races — Type4_StateLogicViolation
DEFECT: (raceB-r2) point 19 vector changed during payload races — Type4_StateLogicViolation
DEFECT: (raceB-r3) point 0 vector changed during payload races — Type4_StateLogicViolation
DEFECT: (raceB-r3) point 1 vector changed during payload races — Type4_StateLogicViolation
DEFECT: (raceB-r3) point 2 vector changed during payload races — Type4_StateLogicViolation
DEFECT: (raceB-r3) point 3 vector changed during payload races — Type4_StateLogicViolation
DEFECT: (raceB-r3) point 4 vector changed during payload races — Type4_StateLogicViolation
DEFECT: (raceB-r3) point 5 vector changed during payload races — Type4_StateLogicViolation
DEFECT: (raceB-r3) point 6 vector changed during payload races — Type4_StateLogicViolation
DEFECT: (raceB-r3) point 7 vector changed during payload races — Type4_StateLogicViolation
DEFECT: (raceB-r3) point 8 vector changed during payload races — Type4_StateLogicViolation
DEFECT: (raceB-r3) point 9 vector changed during payload races — Type4_StateLogicViolation
DEFECT: (raceB-r3) point 10 vector changed during payload races — Type4_StateLogicViolation
DEFECT: (raceB-r3) point 11 vector changed during payload races — Type4_StateLogicViolation
DEFECT: (raceB-r3) point 12 vector changed during payload races — Type4_StateLogicViolation
DEFECT: (raceB-r3) point 13 vector changed during payload races — Type4_StateLogicViolation
DEFECT: (raceB-r3) point 14 vector changed during payload races — Type4_StateLogicViolation
DEFECT: (raceB-r3) point 15 vector changed during payload races — Type4_StateLogicViolation
DEFECT: (raceB-r3) point 16 vector changed during payload races — Type4_StateLogicViolation
DEFECT: (raceB-r3) point 17 vector changed during payload races — Type4_StateLogicViolation
DEFECT: (raceB-r3) point 18 vector changed during payload races — Type4_StateLogicViolation
DEFECT: (raceB-r3) point 19 vector changed during payload races — Type4_StateLogicViolation
VERDICT: DEFECT_FOUND
