<HOME>\AppData\Local\Programs\Python\Python312\Lib\site-packages\requests\__init__.py:113: RequestsDependencyWarning: urllib3 (2.6.3) or chardet (7.3.0)/charset_normalizer (3.4.6) doesn't match a supported version!
  warnings.warn(
[PATHS] registration check: ['payload_delete']
[A never-created] status=404 raw={"status":{"error":"Not found: Collection `spd5_1788456969_8980_never` doesn't exist!"},"time":7.39e-6}
[A never-created] OK: 404 as pinned
[B upsert 2] status=200 raw={"result":{"operation_id":1,"status":"completed"},"status":"ok","time":0.004624031}
[C1-i missing keys] status=400 raw={"status":{"error":"Format error in JSON body: missing field `keys` at line 1 column 15"},"time":0.0}
[C1-i missing keys] OK: rejected with 400 (400 pinned) — raw={"status":{"error":"Format error in JSON body: missing field `keys` at line 1 column 15"},"time":0.0}
[C1-ii keys as string] status=400 raw={"status":{"error":"Format error in JSON body: invalid type: string \"a\", expected a sequence at line 1 column 12"},"time":0.0}
[C1-ii keys as string] OK: rejected with 400 (400 pinned) — raw={"status":{"error":"Format error in JSON body: invalid type: string \"a\", expected a sequence at line 1 column 12"},"ti
[C1-iii keys null] status=400 raw={"status":{"error":"Format error in JSON body: invalid type: null, expected a sequence at line 1 column 13"},"time":0.0}
[C1-iii keys null] OK: rejected with 400 (400 pinned) — raw={"status":{"error":"Format error in JSON body: invalid type: null, expected a sequence at line 1 column 13"},"time":0.0}
[C2 valid delete] status=200 raw={"result":{"operation_id":2,"status":"completed"},"status":"ok","time":0.00385306}
[C2 point1 get_point 1] status=200 raw={"result":{"id":1,"payload":{"b":"keep"},"vector":[0.18257418,0.36514837,0.5477225,0.73029673]},"status":"ok","time":0.000215577}
[C2] OK: point 1 keeps exactly {'b':'keep'}
[C2 point2 get_point 2] status=200 raw={"result":{"id":2,"payload":{"a":2,"b":"sib"},"vector":[0.37904903,0.45485884,0.5306686,0.60647845]},"status":"ok","time":0.00013608}
[C2] OK: sibling point 2 untouched
[D drop-confirm describe] status=404 raw={"status":{"error":"Not found: Collection `spd5_1788456969_8980_col` doesn't exist!"},"time":0.000068678}
[D post-drop] status=404 raw={"status":{"error":"Not found: Collection `spd5_1788456969_8980_col` doesn't exist!"},"time":5.508e-6}
[D post-drop] OK: 404 as pinned
[E recreated absent-point] status=404 raw={"status":{"error":"Not found: No point with id 1 found"},"time":0.003015938}
[E] measured only, NOT adjudicated (SKIPPED: by-design per threat_model — idempotent-delete family over absent point targets): status=404
[F fresh upsert] status=200 raw={"result":{"operation_id":2,"status":"completed"},"status":"ok","time":0.003293306}
[F baseline get_point 1] status=200 raw={"result":{"id":1,"payload":{"fresh":true},"vector":[0.18257418,0.36514837,0.5477225,0.73029673]},"status":"ok","time":0.000215906}
[F delete ['fresh']] status=200 raw={"result":{"operation_id":3,"status":"completed"},"status":"ok","time":0.003470643}
[F readback get_point 1] status=200 raw={"result":{"id":1,"payload":{},"vector":[0.18257418,0.36514837,0.5477225,0.73029673]},"status":"ok","time":0.000267415}
[F] OK: payload exactly empty — clean slate
VERDICT: NO_DEFECT
