<HOME>\AppData\Local\Programs\Python\Python312\Lib\site-packages\requests\__init__.py:113: RequestsDependencyWarning: urllib3 (2.6.3) or chardet (7.3.0)/charset_normalizer (3.4.6) doesn't match a supported version!
  warnings.warn(
[setup index city] status=200 raw={"result":{"operation_id":2,"status":"completed"},"status":"ok","time":0.478929915}
[setup index region] status=200 raw={"result":{"operation_id":4,"status":"completed"},"status":"ok","time":0.485957054}
[setup upsert] status=200 raw={"result":{"operation_id":5,"status":"completed"},"status":"ok","time":0.013695148}
[A seeded] facet status=200 raw={"result":{"hits":[{"value":"A","count":150},{"value":"B","count":100},{"value":"C","count":50}]},"status":"ok","time":0.000547871}
[A seeded cross-face count] status=200 raw={"result":{"count":300},"status":"ok","time":0.001512571}
[A seeded] OK: counts {'A': 150, 'B': 100, 'C': 50} and facet-sum 300 == count face 300
[C region=EU] facet status=200 raw={"result":{"hits":[{"value":"A","count":120},{"value":"B","count":80}]},"status":"ok","time":0.001581443}
[C region=EU cross-face count] status=200 raw={"result":{"count":200},"status":"ok","time":0.00030342}
[C region=EU] OK: counts {'A': 120, 'B': 80} and facet-sum 200 == count face 200
[C2 region=AP] facet status=200 raw={"result":{"hits":[{"value":"C","count":50},{"value":"A","count":30},{"value":"B","count":20}]},"status":"ok","time":0.000977353}
[C2 region=AP cross-face count] status=200 raw={"result":{"count":100},"status":"ok","time":0.000393161}
[C2 region=AP] OK: counts {'A': 30, 'B': 20, 'C': 50} and facet-sum 100 == count face 100
[D upsert 25x A/EU] status=200 raw={"result":{"operation_id":6,"status":"completed"},"status":"ok","time":0.004126735}
[D after-upsert] facet status=200 raw={"result":{"hits":[{"value":"A","count":175},{"value":"B","count":100},{"value":"C","count":50}]},"status":"ok","time":0.000431777}
[D after-upsert cross-face count] status=200 raw={"result":{"count":325},"status":"ok","time":0.000400545}
[D after-upsert] OK: counts {'A': 175, 'B': 100, 'C': 50} and facet-sum 325 == count face 325
[E delete city=C] status=200 raw={"result":{"operation_id":7,"status":"completed"},"status":"ok","time":0.006862023}
[E after-delete] facet status=200 raw={"result":{"hits":[{"value":"A","count":175},{"value":"B","count":100},{"value":"C","count":0}]},"status":"ok","time":0.000419224}
VERDICT: DEFECT_FOUND
