<HOME>\AppData\Local\Programs\Python\Python312\Lib\site-packages\requests\__init__.py:113: RequestsDependencyWarning: urllib3 (2.6.3) or chardet (7.3.0)/charset_normalizer (3.4.6) doesn't match a supported version!
  warnings.warn(
[PATHS] registration check: ['delete_points', 'get_points_by_ids']
[seed upsert 10 pts] status=200 raw={"result":{"operation_id":1,"status":"completed"},"status":"ok","time":0.00333649}
[seed count] status=200 raw={"result":{"count":10},"status":"ok","time":0.000545077}
[F1 delete ids [1, 3]] status=200 raw={"result":{"operation_id":2,"status":"completed"},"status":"ok","time":0.003665245}
[F1-batch-get batch-get 10 ids] status=200 raw={"result":[{"id":0},{"id":2},{"id":4},{"id":5},{"id":6},{"id":7},{"id":8},{"id":9}],"status":"ok","time":0.00027757}
[get 1] status=404 raw={"status":{"error":"Not found: Point with id 1 does not exists!"},"time":0.00025751}
[get 2] status=200 raw={"result":{"id":2,"payload":{"grp":"a","n":2},"vector":[0.08878178,0.3699241,0.5548861,0.7398482]},"status":"ok","time":0.000314522}
[F1-scroll-a scroll flt={"must": [{"key": "grp", "match": {"value": "a"}}]}] status=200 raw={"result":{"points":[{"id":0},{"id":2},{"id":4}],"next_page_offset":null},"status":"ok","time":0.000198775}
[F1-query-a query flt={"must": [{"key": "grp", "match": {"value": "a"}}]}] status=200 raw={"result":{"points":[{"id":0,"version":1,"score":0.99999994},{"id":2,"version":1,"score":0.99989104},{"id":4,"version":1,"score":0.9995656}]},"status":"ok","time":0.000303875}
[F1-search-a search flt={"must": [{"key": "grp", "match": {"value": "a"}}]}] status=200 raw={"result":[{"id":0,"version":1,"score":0.99999994},{"id":2,"version":1,"score":0.99989104},{"id":4,"version":1,"score":0.9995656}],"status":"ok","time":0.000549003}
[F1 count] status=200 raw={"result":{"count":8},"status":"ok","time":0.000220109}
[F2 delete filter {"must": [{"key": "grp", "match": {"value": "b"}}]}] status=200 raw={"result":{"operation_id":3,"status":"completed"},"status":"ok","time":0.003196992}
[F2-batch-get-b batch-get 5 ids] status=200 raw={"result":[],"status":"ok","time":0.000078079}
[F2-batch-get-survivors batch-get 3 ids] status=200 raw={"result":[{"id":0},{"id":2},{"id":4}],"status":"ok","time":0.000160194}
[get 7] status=404 raw={"status":{"error":"Not found: Point with id 7 does not exists!"},"time":0.000057092}
[F2-scroll-all scroll flt=null] status=200 raw={"result":{"points":[{"id":0},{"id":2},{"id":4}],"next_page_offset":null},"status":"ok","time":0.000323941}
[F2-query-b query flt={"must": [{"key": "grp", "match": {"value": "b"}}]}] status=200 raw={"result":{"points":[]},"status":"ok","time":0.000305823}
[F2-search-b search flt={"must": [{"key": "grp", "match": {"value": "b"}}]}] status=200 raw={"result":[],"status":"ok","time":0.000329356}
[F2 count] status=200 raw={"result":{"count":3},"status":"ok","time":0.000202526}
VERDICT: NO_DEFECT
