<HOME>\AppData\Local\Programs\Python\Python312\Lib\site-packages\requests\__init__.py:113: RequestsDependencyWarning: urllib3 (2.6.3) or chardet (7.3.0)/charset_normalizer (3.4.6) doesn't match a supported version!
  warnings.warn(
[PATHS] registration check: ['get_points']
[seed upsert 20] status=200 raw={"result":{"operation_id":1,"status":"completed"},"status":"ok","time":0.003516316}
[seed] status=200 raw={"result":{"count":20},"status":"ok","time":0.000115583}
[race] 10 writers (all ids) x 10 deleters (even ids), barrier start
[deleter 9] status=200 raw={"result":{"operation_id":2,"status":"completed"},"status":"ok","time":0.003528075}
[writer 3] status=200 raw={"result":{"operation_id":3,"status":"completed"},"status":"ok","time":0.003832993}
[writer 7] status=200 raw={"result":{"operation_id":4,"status":"completed"},"status":"ok","time":0.009261225}
[writer 4] status=200 raw={"result":{"operation_id":5,"status":"completed"},"status":"ok","time":0.013481146}
[deleter 3] status=200 raw={"result":{"operation_id":6,"status":"completed"},"status":"ok","time":0.01345825}
[deleter 7] status=200 raw={"result":{"operation_id":8,"status":"completed"},"status":"ok","time":0.01375387}
[writer 0] status=200 raw={"result":{"operation_id":15,"status":"completed"},"status":"ok","time":0.013928903}
[deleter 1] status=200 raw={"result":{"operation_id":9,"status":"completed"},"status":"ok","time":0.013706791}
[deleter 2] status=200 raw={"result":{"operation_id":11,"status":"completed"},"status":"ok","time":0.013889637}
[writer 9] status=200 raw={"result":{"operation_id":12,"status":"completed"},"status":"ok","time":0.014112765}
[writer 2] status=200 raw={"result":{"operation_id":14,"status":"completed"},"status":"ok","time":0.013791416}
[deleter 4] status=200 raw={"result":{"operation_id":18,"status":"completed"},"status":"ok","time":0.014348239}
[deleter 6] status=200 raw={"result":{"operation_id":16,"status":"completed"},"status":"ok","time":0.013942188}
[deleter 0] status=200 raw={"result":{"operation_id":13,"status":"completed"},"status":"ok","time":0.013528125}
[writer 5] status=200 raw={"result":{"operation_id":7,"status":"completed"},"status":"ok","time":0.01377488}
[writer 8] status=200 raw={"result":{"operation_id":21,"status":"completed"},"status":"ok","time":0.014181644}
[deleter 8] status=200 raw={"result":{"operation_id":17,"status":"completed"},"status":"ok","time":0.014089263}
[deleter 5] status=200 raw={"result":{"operation_id":20,"status":"completed"},"status":"ok","time":0.014448284}
[writer 6] status=200 raw={"result":{"operation_id":19,"status":"completed"},"status":"ok","time":0.014376579}
[writer 1] status=200 raw={"result":{"operation_id":10,"status":"completed"},"status":"ok","time":0.014089064}
[race] 20/20 racing requests returned 200
[scroll] status=200 raw={"result":{"points":[{"id":0,"payload":{"n":0,"src":"writer"}},{"id":1,"payload":{"n":1,"src":"writer"}},{"id":2,"payload":{"n":2,"src":"writer"}},{"id":3,"payload":{"n":3,"src":"writer"}},{"id":4,"pa
[scroll] present ids: [0, 1, 2, 3, 4, 5, 6, 7, 8, 9, 10, 11, 12, 13, 14, 15, 16, 17, 18, 19]
[payload] OK: every present id carries exactly the writer payload
[batch get all] status=404 raw=
[count read1] status=200 raw={"result":{"count":20},"status":"ok","time":0.000107846}
[count read2] status=200 raw={"result":{"count":20},"status":"ok","time":0.000130418}
[count] OK: 20 == |present set|
VERDICT: NO_DEFECT
