<HOME>\AppData\Local\Programs\Python\Python312\Lib\site-packages\requests\__init__.py:113: RequestsDependencyWarning: urllib3 (2.6.3) or chardet (7.3.0)/charset_normalizer (3.4.6) doesn't match a supported version!
  warnings.warn(
[path derivation] collection_optimizations = /collections/{collection_name}/optimizations (raw_knowledge api_endpoints[collections+optimizations].url; runtime PATHS gap)
ownership prefix: sco03acd92d
[assertion quote] existing collection: HTTP 200 with per-shard optimizer status; missing collection: HTTP 404
[setup upsert batch 0] status=200 {"result":{"operation_id":1,"status":"completed"},"status":"ok","time":0.00752846}
[setup upsert batch 1] status=200 {"result":{"operation_id":2,"status":"completed"},"status":"ok","time":0.011737968}
[setup upsert batch 2] status=200 {"result":{"operation_id":3,"status":"completed"},"status":"ok","time":0.014800096}
[setup upsert batch 3] status=200 {"result":{"operation_id":4,"status":"completed"},"status":"ok","time":0.010535662}
[setup upsert batch 4] status=200 {"result":{"operation_id":5,"status":"completed"},"status":"ok","time":0.010105594}
[setup upsert batch 5] status=200 {"result":{"operation_id":6,"status":"completed"},"status":"ok","time":0.009864557}
[setup delete 1500] status=200 {"result":{"operation_id":7,"status":"completed"},"status":"ok","time":0.010423033}
[P0 default] status=200 raw={"result":{"summary":{"queued_optimizations":0,"queued_segments":0,"queued_points":0,"idle_segments":8},"running":[]},"status":"ok","time":0.000036568}
[P0 shape OK] default face carries required summary+running
[P1 with=queued] status=200 raw={"result":{"summary":{"queued_optimizations":0,"queued_segments":0,"queued_points":0,"idle_segments":8},"running":[],"queued":[]},"status":"ok","time":0.000035384}
[P1 OK] result.queued is an array of length 0
[P3 with=idle_segments] status=200 raw={"result":{"summary":{"queued_optimizations":0,"queued_segments":0,"queued_points":0,"idle_segments":8},"running":[],"idle_segments":[{"uuid":"5e7fecf4-bedf-41b2-94e1-3e18d0fcf92b","points_count":558},{"uuid":"264df94e-a127-4485-8654-2637c27778fb","points_count":572},{"uuid":"eb0867ec-f311-4133-94b2-3f0917e93e8a","points_count":566},{"uuid":"d93bdafe-8e2b-494f-a883-324d5c42c9c3","points_count":551},{"uuid":"23fdee91-61da-4178-9737-af60b08f98f6","points_count":580},{"uuid":"5b17ab8c-65b1-4e09-b7b
[P3 OK] result.idle_segments is an array of length 8
[P4 completed_limit=5 alone] status=200 raw={"result":{"summary":{"queued_optimizations":0,"queued_segments":0,"queued_points":0,"idle_segments":8},"running":[]},"status":"ok","time":0.000053101}
[P4 OK] completed_limit without with= left the default face unchanged (param ignored exactly as documented)
[P2 sample 1 with=completed&completed_limit=3] status=200 raw={"result":{"summary":{"queued_optimizations":0,"queued_segments":0,"queued_points":0,"idle_segments":8},"running":[],"completed":[]},"status":"ok","time":0.000038017}
[P2 sample 1] result.completed length=0
[P2 sample 2 with=completed&completed_limit=3] status=200 raw={"result":{"summary":{"queued_optimizations":0,"queued_segments":0,"queued_points":0,"idle_segments":8},"running":[],"completed":[]},"status":"ok","time":0.000036726}
[P2 sample 2] result.completed length=0
[P2 sample 3 with=completed&completed_limit=3] status=200 raw={"result":{"summary":{"queued_optimizations":0,"queued_segments":0,"queued_points":0,"idle_segments":8},"running":[],"completed":[]},"status":"ok","time":0.000037295}
[P2 sample 3] result.completed length=0
[P2 sample 4 with=completed&completed_limit=3] status=200 raw={"result":{"summary":{"queued_optimizations":0,"queued_segments":0,"queued_points":0,"idle_segments":8},"running":[],"completed":[]},"status":"ok","time":0.000036591}
[P2 sample 4] result.completed length=0
[P2 sample 5 with=completed&completed_limit=3] status=200 raw={"result":{"summary":{"queued_optimizations":0,"queued_segments":0,"queued_points":0,"idle_segments":8},"running":[],"completed":[]},"status":"ok","time":0.000038831}
[P2 sample 5] result.completed length=0
[P2 sample 6 with=completed&completed_limit=3] status=200 raw={"result":{"summary":{"queued_optimizations":0,"queued_segments":0,"queued_points":0,"idle_segments":8},"running":[],"completed":[]},"status":"ok","time":0.000036881}
[P2 sample 6] result.completed length=0
[P2 sample 7 with=completed&completed_limit=3] status=200 raw={"result":{"summary":{"queued_optimizations":0,"queued_segments":0,"queued_points":0,"idle_segments":8},"running":[],"completed":[]},"status":"ok","time":0.000036947}
[P2 sample 7] result.completed length=0
[P2 sample 8 with=completed&completed_limit=3] status=200 raw={"result":{"summary":{"queued_optimizations":0,"queued_segments":0,"queued_points":0,"idle_segments":8},"running":[],"completed":[]},"status":"ok","time":0.000038013}
[P2 sample 8] result.completed length=0
[P2 sample 9 with=completed&completed_limit=3] status=200 raw={"result":{"summary":{"queued_optimizations":0,"queued_segments":0,"queued_points":0,"idle_segments":8},"running":[],"completed":[]},"status":"ok","time":0.000039422}
[P2 sample 9] result.completed length=0
[P2 sample 10 with=completed&completed_limit=3] status=200 raw={"result":{"summary":{"queued_optimizations":0,"queued_segments":0,"queued_points":0,"idle_segments":8},"running":[],"completed":[]},"status":"ok","time":0.000045593}
[P2 sample 10] result.completed length=0
[P2 sample 11 with=completed&completed_limit=3] status=200 raw={"result":{"summary":{"queued_optimizations":0,"queued_segments":0,"queued_points":0,"idle_segments":8},"running":[],"completed":[]},"status":"ok","time":0.000048625}
[P2 sample 11] result.completed length=0
[P2 sample 12 with=completed&completed_limit=3] status=200 raw={"result":{"summary":{"queued_optimizations":0,"queued_segments":0,"queued_points":0,"idle_segments":8},"running":[],"completed":[]},"status":"ok","time":0.000035965}
[P2 sample 12] result.completed length=0
[P2 sample 13 with=completed&completed_limit=3] status=200 raw={"result":{"summary":{"queued_optimizations":0,"queued_segments":0,"queued_points":0,"idle_segments":8},"running":[],"completed":[]},"status":"ok","time":0.00004075}
[P2 sample 13] result.completed length=0
[P2 sample 14 with=completed&completed_limit=3] status=200 raw={"result":{"summary":{"queued_optimizations":0,"queued_segments":0,"queued_points":0,"idle_segments":8},"running":[],"completed":[]},"status":"ok","time":0.000034925}
[P2 sample 14] result.completed length=0
[P2 sample 15 with=completed&completed_limit=3] status=200 raw={"result":{"summary":{"queued_optimizations":0,"queued_segments":0,"queued_points":0,"idle_segments":8},"running":[],"completed":[]},"status":"ok","time":0.000034918}
[P2 sample 15] result.completed length=0
[P2] non-vacuous completed-cap check observed: False
[P2 skip-note] no completed optimization observed in the 18 s poll window; the len<=3 cap leg stayed vacuous (optimizer scheduling is not contractually timed) - recorded, NOT a defect
[P5 with=bogus_token] status=400 raw={"status":{"error":"Wrong input: Unknown field in 'with' parameter: bogus_token"},"time":3.205e-6}
[P5 note] unknown token answered 400 (disposition is the boundary lane's; not adjudicated here)
[P6 with=queued,completed,idle_segments] status=200 raw={"result":{"summary":{"queued_optimizations":0,"queued_segments":0,"queued_points":0,"idle_segments":8},"running":[],"queued":[],"completed":[],"idle_segments":[{"uuid":"264df94e-a127-4485-8654-2637c27778fb","points_count":572},{"uuid":"5e7fecf4-bedf-41b2-94e1-3e18d0fcf92b","points_count":558},{"uuid":"5b17ab8c-65b1-4e09-b7bf-523ef787a0e1","points_count":558},{"uuid":"d93bdafe-8e2b-494f-a883-324d5
[P6 note] result.queued type=list '[]' (comma-separated form behavior recorded, not adjudicated)
[P6 note] result.completed type=list '[]' (comma-separated form behavior recorded, not adjudicated)
[P6 note] result.idle_segments type=list '[{"uuid": "264df94e-a127-4485-8654-2637c27778fb", "points_count": 572}, {"uuid": "5e7fecf4-bedf-41b2-94e1-3e18d0fcf92b",' (comma-separated form behavior recorded, not adjudicated)
OK: every documented ?with=/completed_limit request form was honored with the declared array/cap semantics on a 200 body whose required summary+running shape held in every sample
VERDICT: NO_DEFECT
