<HOME>\AppData\Local\Programs\Python\Python312\Lib\site-packages\requests\__init__.py:113: RequestsDependencyWarning: urllib3 (2.6.3) or chardet (7.3.0)/charset_normalizer (3.4.6) doesn't match a supported version!
  warnings.warn(
[url-derived] cluster+recover -> /cluster/recover
[url-derived] cluster+status -> /cluster
ownership tag: bcr3-58972331
[discover GET /cluster] status=200 raw={"result":{"status":"disabled"},"status":"ok","time":2.615e-6}
[probe 'truncated JSON'] -> status=500 raw={"status":{"error":"Service internal error: Qdrant is running in standalone mode"},"time":0.000232391}
[healthz attempt 1] status=200 raw=healthz check passed
[probe 'trailing comma'] -> status=500 raw={"status":{"error":"Service internal error: Qdrant is running in standalone mode"},"time":0.000162686}
[healthz attempt 1] status=200 raw=healthz check passed
[probe 'single quotes'] -> status=500 raw={"status":{"error":"Service internal error: Qdrant is running in standalone mode"},"time":0.000179332}
[healthz attempt 1] status=200 raw=healthz check passed
[probe 'illegal escape'] -> status=500 raw={"status":{"error":"Service internal error: Qdrant is running in standalone mode"},"time":0.00028447}
[healthz attempt 1] status=200 raw=healthz check passed
[probe 'comment injection'] -> status=500 raw={"status":{"error":"Service internal error: Qdrant is running in standalone mode"},"time":0.000181368}
[healthz attempt 1] status=200 raw=healthz check passed
[probe 'NUL inside JSON string'] -> status=500 raw={"status":{"error":"Service internal error: Qdrant is running in standalone mode"},"time":0.000112513}
[healthz attempt 1] status=200 raw=healthz check passed
[probe 'escaped lone surrogate'] -> status=500 raw={"status":{"error":"Service internal error: Qdrant is running in standalone mode"},"time":0.000178964}
[healthz attempt 1] status=200 raw=healthz check passed
[probe 'bare NUL body'] -> status=500 raw={"status":{"error":"Service internal error: Qdrant is running in standalone mode"},"time":0.000187066}
[healthz attempt 1] status=200 raw=healthz check passed
[probe 'UTF-8 BOM prefix'] -> status=500 raw={"status":{"error":"Service internal error: Qdrant is running in standalone mode"},"time":0.000220865}
[healthz attempt 1] status=200 raw=healthz check passed
[probe 'RTL + zero-width chars'] -> status=500 raw={"status":{"error":"Service internal error: Qdrant is running in standalone mode"},"time":0.000423921}
[healthz attempt 1] status=200 raw=healthz check passed
[healthz attempt 1] status=200 raw=healthz check passed
VERDICT: DEFECT_FOUND (Type3_RuntimeFailure) — malformed body 'truncated JSON' got 500 with /healthz alive; body: {"status":{"error":"Service internal error: Qdrant is running in standalone mode"},"time":0.000232391}
