<HOME>\AppData\Local\Programs\Python\Python312\Lib\site-packages\requests\__init__.py:113: RequestsDependencyWarning: urllib3 (2.6.3) or chardet (7.3.0)/charset_normalizer (3.4.6) doesn't match a supported version!
  warnings.warn(
G valid-wrapper guard -> status=200
raw: {"result":[{"points":[{"id":4,"version":1,"score":0.999992},{"id":5,"version":1,"score":0.9999875},{"id":6,"version":1,"score":0.999982}]}],"status":"ok","time":0.001461098}

W1 searches missing -> status=400
raw: {"status":{"error":"Format error in JSON body: missing field `searches` at line 1 column 2"},"time":0.0}
W1 searches missing: 400 clean rejection; diagnostics name the wrapper construct

W2 searches=null -> status=400
raw: {"status":{"error":"Format error in JSON body: invalid type: null, expected a sequence at line 1 column 17"},"time":0.0}
W2 searches=null: 400 clean rejection; diagnostics name the wrapper construct

W3 searches={} (object) -> status=400
raw: {"status":{"error":"Format error in JSON body: invalid type: map, expected a sequence at line 1 column 13"},"time":0.0}
W3 searches={} (object): 400 clean rejection; diagnostics name the wrapper construct

W4 searches=42 (scalar int) -> status=400
raw: {"status":{"error":"Format error in JSON body: invalid type: integer `42`, expected a sequence at line 1 column 15"},"time":0.0}
W4 searches=42 (scalar int): 400 clean rejection; diagnostics name the wrapper construct

W5 searches=[null] (null element) -> status=400
raw: {"status":{"error":"Format error in JSON body: invalid type: null, expected struct QueryRequest at line 1 column 18"},"time":0.0}
W5 searches=[null] (null element): 400 clean rejection; diagnostics name the wrapper construct

W6 searches="abc" (string) -> status=400
raw: {"status":{"error":"Format error in JSON body: invalid type: string \"abc\", expected a sequence at line 1 column 18"},"time":0.0}
W6 searches="abc" (string): 400 clean rejection; diagnostics name the wrapper construct
VERDICT: NO_DEFECT
