<HOME>\AppData\Local\Programs\Python\Python312\Lib\site-packages\requests\__init__.py:113: RequestsDependencyWarning: urllib3 (2.6.3) or chardet (7.3.0)/charset_normalizer (3.4.6) doesn't match a supported version!
  warnings.warn(
[path derivation] create_collection = /collections/{name} (raw_knowledge api_endpoints[collections+create].url = /collections/{collection_name})
[pre-probe] /healthz status=200 raw=healthz check passed
[control] setup_default create OK (deployment healthy)
[create scc05_1788388164_ok_scalar] status=200 raw={"result":true,"status":"ok","time":0.228578404}
[describe scc05_1788388164_ok_scalar] status=200 raw={"result":{"status":"green","optimizer_status":"ok","indexed_vectors_count":0,"points_count":0,"segments_count":8,"config":{"params":{"vectors":{"size":4,"distance":"Cosine"},"shard_number":1,"replication_factor":1,"write_consistency_factor":1,"on_disk_payload":true},"hnsw_config":{"m":16,"ef_constr
[scalar int8] persisted quantization_config = {'scalar': {'type': 'int8', 'quantile': 0.8}}
[create scc05_1788388164_ok_product] status=200 raw={"result":true,"status":"ok","time":0.231487506}
[describe scc05_1788388164_ok_product] status=200 raw={"result":{"status":"green","optimizer_status":"ok","indexed_vectors_count":0,"points_count":0,"segments_count":8,"config":{"params":{"vectors":{"size":4,"distance":"Cosine"},"shard_number":1,"replication_factor":1,"write_consistency_factor":1,"on_disk_payload":true},"hnsw_config":{"m":16,"ef_constr
[product x4] persisted quantization_config = {'product': {'compression': 'x4'}}
[create scc05_1788388164_ok_binary] status=200 raw={"result":true,"status":"ok","time":0.42266927}
[describe scc05_1788388164_ok_binary] status=200 raw={"result":{"status":"green","optimizer_status":"ok","indexed_vectors_count":0,"points_count":0,"segments_count":8,"config":{"params":{"vectors":{"size":4,"distance":"Cosine"},"shard_number":1,"replication_factor":1,"write_consistency_factor":1,"on_disk_payload":true},"hnsw_config":{"m":16,"ef_constr
[binary one_bit] persisted quantization_config = {'binary': {'encoding': 'one_bit'}}
[binary one_bit] encoding echo = 'one_bit'
[create scc05_1788388164_ok_null] status=200 raw={"result":true,"status":"ok","time":0.219178048}
[describe scc05_1788388164_ok_null] status=200 raw={"result":{"status":"green","optimizer_status":"ok","indexed_vectors_count":0,"points_count":0,"segments_count":8,"config":{"params":{"vectors":{"size":4,"distance":"Cosine"},"shard_number":1,"replication_factor":1,"write_consistency_factor":1,"on_disk_payload":true},"hnsw_config":{"m":16,"ef_constr
[null disables] readback quantization_config = None
[create scc05_1788388164_bad_int16] status=400 raw={"status":{"error":"Format error in JSON body: data did not match any variant of untagged enum QuantizationConfig at line 1 column 117"},"time":0.0}
[int16] cleanly rejected with 400
[create scc05_1788388164_bad_no_scalar_type] status=400 raw={"status":{"error":"Format error in JSON body: data did not match any variant of untagged enum QuantizationConfig at line 1 column 100"},"time":0.0}
[no_scalar_type] cleanly rejected with 400
[create scc05_1788388164_bad_x5] status=400 raw={"status":{"error":"Format error in JSON body: data did not match any variant of untagged enum QuantizationConfig at line 1 column 105"},"time":0.0}
[x5] cleanly rejected with 400
[create scc05_1788388164_bad_three_bits] status=400 raw={"status":{"error":"Format error in JSON body: data did not match any variant of untagged enum QuantizationConfig at line 1 column 109"},"time":0.0}
[three_bits] cleanly rejected with 400
[summary] int8/x4/one_bit closures accepted + persisted; null disabled cleanly; int16/type-less/x5/three_bits all refused - quantization type domain holds per qdrant_type_collections_create_004
VERDICT: NO_DEFECT
