<HOME>\AppData\Local\Programs\Python\Python312\Lib\site-packages\requests\__init__.py:113: RequestsDependencyWarning: urllib3 (2.6.3) or chardet (7.3.0)/charset_normalizer (3.4.6) doesn't match a supported version!
  warnings.warn(
[PATHS] registration check: ['collection_optimizations']
[churn#0 create sop5_1788410904_14744_y] status=200
[churn#0 drop sop5_1788410904_14744_y] status=200
[churn#1 create sop5_1788410904_14744_y] status=200
[churn#1 drop sop5_1788410904_14744_y] status=200
[churn#2 create sop5_1788410904_14744_y] status=200
[churn#2 drop sop5_1788410904_14744_y] status=200
[churn#3 create sop5_1788410904_14744_y] status=200
[churn#3 drop sop5_1788410904_14744_y] status=200
[churn#4 create sop5_1788410904_14744_y] status=200
[churn#4 drop sop5_1788410904_14744_y] status=200
[churn#5 create sop5_1788410904_14744_y] status=200
[churn#5 drop sop5_1788410904_14744_y] status=200
[churn#6 create sop5_1788410904_14744_y] status=200
[churn#6 drop sop5_1788410904_14744_y] status=200
[churn#7 create sop5_1788410904_14744_y] status=200
[churn#7 drop sop5_1788410904_14744_y] status=200
[stats] calls=550 200=94 404=456 5xx=0 other=0 transport=0 shape=0
[settle#0] status=404 raw={"status":{"error":"Not found: Collection `sop5_1788410904_14744_y` doesn't exist!"},"time":6.365e-6}
VERDICT: NO_DEFECT
