<HOME>\AppData\Local\Programs\Python\Python312\Lib\site-packages\requests\__init__.py:113: RequestsDependencyWarning: urllib3 (2.6.3) or chardet (7.3.0)/charset_normalizer (3.4.6) doesn't match a supported version!
  warnings.warn(
[PATHS] index keys present=['delete_index', 'create_index', 'describe_collection', 'count', 'scroll']
[setup upsert] status=200 raw={"result":{"operation_id":1,"status":"completed"},"status":"ok","time":0.006470292}
[P0 scroll berlin] scroll status=200 raw={"result":{"points":[{"id":1,"payload":{"f_city":"berlin","f_score":1}},{"id":3,"payload":{"f_city":"berlin","f_score":3}},{"id":5,"payload":{"f_city":"berlin","f_score":5}},{"id":7,"payload":{"f_city
[P0 count berlin] count status=200 raw={"result":{"count":8},"status":"ok","time":0.000237965}
[P0 count paris] count status=200 raw={"result":{"count":7},"status":"ok","time":0.000319595}
[P0 count compound] count status=200 raw={"result":{"count":4},"status":"ok","time":0.000197151}
[P0 control delete f_ctrl] status=200 raw={"result":{"operation_id":3,"status":"completed"},"status":"ok","time":0.317853562}
[create f_city index] status=200 raw={"result":{"operation_id":5,"status":"completed"},"status":"ok","time":0.537465304}
[describe P1] describe status=200 raw={"result":{"status":"green","optimizer_status":"ok","indexed_vectors_count":0,"points_count":15,"segments_count":8,"config":{"params":{"vectors":{"size":4,"distance":"Cosine"},"shard_number":1,"replication_factor":1,"write_consistency_factor":1,"on_disk_payload":true},"hnsw_config":{"m":16,"ef_const
[P1 scroll berlin] scroll status=200 raw={"result":{"points":[{"id":1,"payload":{"f_city":"berlin","f_score":1}},{"id":3,"payload":{"f_city":"berlin","f_score":3}},{"id":5,"payload":{"f_city":"berlin","f_score":5}},{"id":7,"payload":{"f_city
[P1 count berlin] count status=200 raw={"result":{"count":8},"status":"ok","time":0.000209606}
[P1 count paris] count status=200 raw={"result":{"count":7},"status":"ok","time":0.00024161}
[P1 count compound] count status=200 raw={"result":{"count":4},"status":"ok","time":0.000352344}
[delete f_city index] status=200 raw={"result":{"operation_id":7,"status":"completed"},"status":"ok","time":0.299582159}
[describe P2] describe status=200 raw={"result":{"status":"green","optimizer_status":"ok","indexed_vectors_count":0,"points_count":15,"segments_count":8,"config":{"params":{"vectors":{"size":4,"distance":"Cosine"},"shard_number":1,"replication_factor":1,"write_consistency_factor":1,"on_disk_payload":true},"hnsw_config":{"m":16,"ef_const
[P2 scroll berlin] scroll status=200 raw={"result":{"points":[{"id":1,"payload":{"f_city":"berlin","f_score":1}},{"id":3,"payload":{"f_city":"berlin","f_score":3}},{"id":5,"payload":{"f_city":"berlin","f_score":5}},{"id":7,"payload":{"f_city
[P2 count berlin] count status=200 raw={"result":{"count":8},"status":"ok","time":0.000259323}
[P2 count paris] count status=200 raw={"result":{"count":7},"status":"ok","time":0.00023227}
[P2 count compound] count status=200 raw={"result":{"count":4},"status":"ok","time":0.000322098}
[summary] berlin/paris/compound = P0:(8, 7, 4) P1:(8, 7, 4) P2:(8, 7, 4) scroll_sets_equal=P1:True P2:True defects=0
read-path identity across the index toggle: identical filtered scroll snapshot and identical exact filtered counts at no-index / indexed / deleted checkpoints; control delete 200; no schema residue - NO_DEFECT
[cleanup] dropped sidd4_1788435265_8952_col
VERDICT: NO_DEFECT
