<HOME>\AppData\Local\Programs\Python\Python312\Lib\site-packages\requests\__init__.py:113: RequestsDependencyWarning: urllib3 (2.6.3) or chardet (7.3.0)/charset_normalizer (3.4.6) doesn't match a supported version!
  warnings.warn(
[path derivation] list_collections = /collections; describe_collection = /collections/{name} (runtime PATHS; matches raw_knowledge api_endpoints[collections+list].url /collections and [collections+get].url /collections/{collection_name})
ownership prefix: scl020b2c11
[pre-probe] /healthz status=200 raw=healthz check passed
[create scl020b2c11_a] status=200 raw={"result":true,"status":"ok","time":0.23116067}
[create scl020b2c11_b] status=200 raw={"result":true,"status":"ok","time":0.248370867}
[create scl020b2c11_c] status=200 raw={"result":true,"status":"ok","time":0.223555158}
[MR1 post-create] GET /collections status=200 raw={"result":{"collections":[{"name":"bcc139b6a8bp2"},{"name":"bcc139bc7c6p2"},{"name":"scc024_1788393554_legal_1"},{"name":"scc024_1788393554_legal_8"},{"name":"scc2a_1788393513_35968_shmin"},{"name":"scl020b2c11_a"},{"name":"scl020b2c11_b"},{"name":"scl020b2c11_c"}]},"status":"ok","time":9.079e-6}
[MR1 post-create] prefix-scope=['scl020b2c11_a', 'scl020b2c11_b', 'scl020b2c11_c'] expected=['scl020b2c11_a', 'scl020b2c11_b', 'scl020b2c11_c']
[drop scl020b2c11_b] status=200 raw={"result":true,"status":"ok","time":0.007779851}
[MR2 post-drop] GET /collections status=200 raw={"result":{"collections":[{"name":"bcc139b6a8bp2"},{"name":"bcc139bc7c6p2"},{"name":"scc024_1788393554_legal_1"},{"name":"scc024_1788393554_legal_8"},{"name":"scc2a_1788393513_35968_shmin"},{"name":"scl020b2c11_a"},{"name":"scl020b2c11_c"}]},"status":"ok","time":4.312e-6}
[MR2 post-drop] prefix-scope=['scl020b2c11_a', 'scl020b2c11_c'] expected=['scl020b2c11_a', 'scl020b2c11_c']
[MR2 describe scl020b2c11_b] status=404 raw={"status":{"error":"Not found: Collection `scl020b2c11_b` doesn't exist!"},"time":0.000049199}
[MR2 describe control scl020b2c11_a] status=200 raw={"result":{"status":"green","optimizer_status":"ok","indexed_vectors_count":0,"points_count":0,"segments_count":8,"config":{"params":{"vectors":{"size":4,"dista
[recreate scl020b2c11_b] status=200 raw={"result":true,"status":"ok","time":0.25497805}
[MR3 post-recreate] GET /collections status=200 raw={"result":{"collections":[{"name":"bcc139b6a8bp2"},{"name":"bcc139bc7c6p2"},{"name":"scc024_1788393554_legal_1"},{"name":"scc024_1788393554_legal_8"},{"name":"scc2a_1788393513_35968_shmin"},{"name":"scl020b2c11_a"},{"name":"scl020b2c11_b"},{"name":"scl020b2c11_c"}]},"status":"ok","time":4.781e-6}
[MR3 post-recreate] prefix-scope=['scl020b2c11_a', 'scl020b2c11_b', 'scl020b2c11_c'] expected=['scl020b2c11_a', 'scl020b2c11_b', 'scl020b2c11_c']
OK: the listing followed all three registry transitions exactly - create-ACK => immediate membership, drop-ACK => exactly-one-exit (corroborated by the describe face), recreate => exactly-once row
VERDICT: NO_DEFECT
