<HOME>\AppData\Local\Programs\Python\Python312\Lib\site-packages\requests\__init__.py:113: RequestsDependencyWarning: urllib3 (2.6.3) or chardet (7.3.0)/charset_normalizer (3.4.6) doesn't match a supported version!
  warnings.warn(
ownership prefix: sic03f5fca8
[constraint quote] 'field_schema IN {keyword, integer, float, geo, text, bool, datetime, uuid}; text tokenizer IN {prefix, whitespace, word, multilingual}'
[setup] created sic03f5fca8_live (dim=4)
[PUT index sic03f5fca8_live/t_keyword] schema="keyword" -> status=200 raw={"result":{"operation_id":2,"status":"completed"},"status":"ok","time":0.433446278}
[closure type keyword] echo under payload_schema: data_type='keyword' entry={"data_type": "keyword", "points": 0}
[PUT index sic03f5fca8_live/t_integer] schema="integer" -> status=200 raw={"result":{"operation_id":4,"status":"completed"},"status":"ok","time":0.529077891}
[closure type integer] echo under payload_schema: data_type='integer' entry={"data_type": "integer", "points": 0}
[PUT index sic03f5fca8_live/t_float] schema="float" -> status=200 raw={"result":{"operation_id":6,"status":"completed"},"status":"ok","time":0.430832326}
[closure type float] echo under payload_schema: data_type='float' entry={"data_type": "float", "points": 0}
[PUT index sic03f5fca8_live/t_geo] schema="geo" -> status=200 raw={"result":{"operation_id":8,"status":"completed"},"status":"ok","time":0.346535049}
[closure type geo] echo under payload_schema: data_type='geo' entry={"data_type": "geo", "points": 0}
[PUT index sic03f5fca8_live/t_text] schema="text" -> status=200 raw={"result":{"operation_id":10,"status":"completed"},"status":"ok","time":0.314807833}
[closure type text] echo under payload_schema: data_type='text' entry={"data_type": "text", "points": 0}
[PUT index sic03f5fca8_live/t_bool] schema="bool" -> status=200 raw={"result":{"operation_id":12,"status":"completed"},"status":"ok","time":0.134221701}
[closure type bool] echo under payload_schema: data_type='bool' entry={"data_type": "bool", "points": 0}
[PUT index sic03f5fca8_live/t_datetime] schema="datetime" -> status=200 raw={"result":{"operation_id":14,"status":"completed"},"status":"ok","time":0.297801834}
[closure type datetime] echo under payload_schema: data_type='datetime' entry={"data_type": "datetime", "points": 0}
[PUT index sic03f5fca8_live/t_uuid] schema="uuid" -> status=200 raw={"result":{"operation_id":16,"status":"completed"},"status":"ok","time":0.334960127}
[closure type uuid] echo under payload_schema: data_type='uuid' entry={"data_type": "uuid", "points": 0}
[PUT index sic03f5fca8_live/g_prefix] schema={"type": "text", "tokenizer": "prefix"} -> status=200 raw={"result":{"operation_id":18,"status":"completed"},"status":"ok","time":0.315797376}
[closure tokenizer prefix] echo under payload_schema: data_type='text' echoed_tokenizer='prefix' entry={"data_type": "text", "params": {"type": "text", "tokenizer": "prefix"}, "points": 0}
[PUT index sic03f5fca8_live/g_whitespace] schema={"type": "text", "tokenizer": "whitespace"} -> status=200 raw={"result":{"operation_id":20,"status":"completed"},"status":"ok","time":0.335788151}
[closure tokenizer whitespace] echo under payload_schema: data_type='text' echoed_tokenizer='whitespace' entry={"data_type": "text", "params": {"type": "text", "tokenizer": "whitespace"}, "points": 0}
[PUT index sic03f5fca8_live/g_word] schema={"type": "text", "tokenizer": "word"} -> status=200 raw={"result":{"operation_id":22,"status":"completed"},"status":"ok","time":0.328976667}
[closure tokenizer word] echo under payload_schema: data_type='text' echoed_tokenizer='word' entry={"data_type": "text", "params": {"type": "text", "tokenizer": "word"}, "points": 0}
[PUT index sic03f5fca8_live/g_multilingual] schema={"type": "text", "tokenizer": "multilingual"} -> status=200 raw={"result":{"operation_id":24,"status":"completed"},"status":"ok","time":0.32305254}
[closure tokenizer multilingual] echo under payload_schema: data_type='text' echoed_tokenizer='multilingual' entry={"data_type": "text", "params": {"type": "text", "tokenizer": "multilingual"}, "points": 0}
[final describe] payload_schema field count=12 fields=['g_multilingual', 'g_prefix', 'g_whitespace', 'g_word', 't_bool', 't_datetime', 't_float', 't_geo', 't_integer', 't_keyword', 't_text', 't_uuid']
OK: all 8 PayloadSchemaType members and all 4 text tokenizers accepted with 200 and correct data_type echo; final payload_schema count = 12
VERDICT: NO_DEFECT
