<HOME>\AppData\Local\Programs\Python\Python312\Lib\site-packages\requests\__init__.py:113: RequestsDependencyWarning: urllib3 (2.6.3) or chardet (7.3.0)/charset_normalizer (3.4.6) doesn't match a supported version!
  warnings.warn(

leg M1 nearest (named form) (form 1) -> status=200
raw: {"result":{"points":[{"id":1,"version":1,"score":0.0057622097},{"id":2,"version":1,"score":0.011524419},{"id":3,"version":1,"score":0.01728663}]},"status":"ok","time":0.000349633}
leg M1 nearest (named form) OK: 200, 3 points (envelope result.points)

leg M2 recommend (positive by-id) (form 1) -> status=200
raw: {"result":{"points":[{"id":3,"version":1,"score":0.008643315},{"id":4,"version":1,"score":0.014405524},{"id":5,"version":1,"score":0.020167734}]},"status":"ok","time":0.000562618}
leg M2 recommend (positive by-id) OK: 200, 3 points (envelope result.points)

leg M3 discover (target by-id) (form 1) -> status=400
raw: {"status":{"error":"Format error in JSON body: Expected some form of vector, id, or a type of query at line 1 column 50"},"time":0.0}
VERDICT: DEFECT_FOUND (Type1_IllegalSuccess) — leg [M3 discover (target by-id)]: documented variant shape rejected with 400 (all accepted spellings exhausted): {"status":{"error":"Format error in JSON body: Expected some form of vector, id, or a type of query at line 1 column 50"},"time":0.0}

leg M4 context (pair) (form 1) -> status=400
raw: {"status":{"error":"Format error in JSON body: Expected some form of vector, id, or a type of query at line 1 column 81"},"time":0.0}
VERDICT: DEFECT_FOUND (Type1_IllegalSuccess) — leg [M4 context (pair)]: documented variant shape rejected with 400 (all accepted spellings exhausted): {"status":{"error":"Format error in JSON body: Expected some form of vector, id, or a type of query at line 1 column 81"},"time":0.0}

leg M5 order_by (payload key ts) (form 1) -> status=400
raw: {"status":{"error":"Wrong input: No range index for `order_by` key: `ts`. Please create one to use `order_by`. Check https://qdrant.tech/documentation/concepts/indexing/#payload-index to see which payload schemas support Range conditions"},"time":0.000356005}
VERDICT: DEFECT_FOUND (Type1_IllegalSuccess) — leg [M5 order_by (payload key ts)]: documented variant shape rejected with 400 (all accepted spellings exhausted): {"status":{"error":"Wrong input: No range index for `order_by` key: `ts`. Please create one to use `order_by`. Check https://qdrant.tech/documentation/concepts/indexing/#payload-index to see which payload schemas support Range conditions"},"time":0.000356005}

leg M6 fusion rrf (prefetch x2) (form 1) -> status=200
raw: {"result":{"points":[{"id":2,"version":1,"score":1.0},{"id":3,"version":1,"score":0.6666667},{"id":4,"version":1,"score":0.5}]},"status":"ok","time":0.000636533}
leg M6 fusion rrf (prefetch x2) OK: 200, 3 points (envelope result.points)

leg M7 sample (random) (form 1) -> status=200
raw: {"result":{"points":[{"id":3,"version":0,"score":1.0},{"id":2,"version":0,"score":1.0},{"id":4,"version":0,"score":1.0}]},"status":"ok","time":0.000762099}
leg M7 sample (random) OK: 200, 3 points (envelope result.points)
