<HOME>\AppData\Local\Programs\Python\Python312\Lib\site-packages\requests\__init__.py:113: RequestsDependencyWarning: urllib3 (2.6.3) or chardet (7.3.0)/charset_normalizer (3.4.6) doesn't match a supported version!
  warnings.warn(
[PATHS] index keys present=['create_index', 'delete_index', 'describe_collection', 'count', 'scroll']
[setup upsert] status=200 raw={"result":{"operation_id":1,"status":"completed"},"status":"ok","time":0.003330253}
[baseline count] count status=200 raw={"result":{"count":12},"status":"ok","time":0.001121719}
[baseline scroll] scroll status=200 raw={"result":{"points":[{"id":1,"payload":{"f_kw":"kw1","f_int":10,"f_flt":0.51,"f_geo":{"lon":13.4,"lat":52.51},"f_txt":"alpha beta gamma 1","f_bool":false,"f_dt":"2026-01-02T03:04:05Z","f_uid":"550e840
[create f_kw schema={'type': 'keyword'}] status=200 raw={"result":{"operation_id":3,"status":"completed"},"status":"ok","time":0.359496123}
[create f_int schema={'type': 'integer'}] status=200 raw={"result":{"operation_id":5,"status":"completed"},"status":"ok","time":0.603195127}
[create f_flt schema={'type': 'float'}] status=200 raw={"result":{"operation_id":7,"status":"completed"},"status":"ok","time":0.476944147}
[create f_geo schema={'type': 'geo'}] status=200 raw={"result":{"operation_id":9,"status":"completed"},"status":"ok","time":0.375963822}
[create f_txt schema={'type': 'text', 'tokenizer': 'word'}] status=200 raw={"result":{"operation_id":11,"status":"completed"},"status":"ok","time":0.342610318}
[create f_bool schema={'type': 'bool'}] status=200 raw={"result":{"operation_id":13,"status":"completed"},"status":"ok","time":0.140547482}
[create f_dt schema={'type': 'datetime'}] status=200 raw={"result":{"operation_id":15,"status":"completed"},"status":"ok","time":0.387108786}
[create f_uid schema={'type': 'uuid'}] status=200 raw={"result":{"operation_id":17,"status":"completed"},"status":"ok","time":0.370384634}
[describe after create] describe status=200 raw={"result":{"status":"green","optimizer_status":"ok","indexed_vectors_count":0,"points_count":12,"segments_count":8,"config":{"params":{"vectors":{"size":4,"distance":"Cosine"},"shard_number":1,"replication_factor":1,"write_consistency_factor":1,"on_disk_payload":true},"hnsw_config":{"m":16,"ef_const
[count after create] count status=200 raw={"result":{"count":12},"status":"ok","time":0.000199142}
[scroll after create] scroll status=200 raw={"result":{"points":[{"id":1,"payload":{"f_kw":"kw1","f_int":10,"f_flt":0.51,"f_geo":{"lon":13.4,"lat":52.51},"f_txt":"alpha beta gamma 1","f_bool":false,"f_dt":"2026-01-02T03:04:05Z","f_uid":"550e840
[delete f_kw] status=200 raw={"result":{"operation_id":19,"status":"completed"},"status":"ok","time":0.196635448}
[delete f_int] status=200 raw={"result":{"operation_id":21,"status":"completed"},"status":"ok","time":0.201116308}
[delete f_flt] status=200 raw={"result":{"operation_id":23,"status":"completed"},"status":"ok","time":0.207253263}
[delete f_geo] status=200 raw={"result":{"operation_id":25,"status":"completed"},"status":"ok","time":0.200609564}
[delete f_txt] status=200 raw={"result":{"operation_id":27,"status":"completed"},"status":"ok","time":0.21536495}
[delete f_bool] status=200 raw={"result":{"operation_id":29,"status":"completed"},"status":"ok","time":0.217603107}
[delete f_dt] status=200 raw={"result":{"operation_id":31,"status":"completed"},"status":"ok","time":0.201148465}
[delete f_uid] status=200 raw={"result":{"operation_id":33,"status":"completed"},"status":"ok","time":0.204572237}
[describe after delete] describe status=200 raw={"result":{"status":"green","optimizer_status":"ok","indexed_vectors_count":0,"points_count":12,"segments_count":8,"config":{"params":{"vectors":{"size":4,"distance":"Cosine"},"shard_number":1,"replication_factor":1,"write_consistency_factor":1,"on_disk_payload":true},"hnsw_config":{"m":16,"ef_const
[count after delete] count status=200 raw={"result":{"count":12},"status":"ok","time":0.000109553}
[scroll after delete] scroll status=200 raw={"result":{"points":[{"id":1,"payload":{"f_kw":"kw1","f_int":10,"f_flt":0.51,"f_geo":{"lon":13.4,"lat":52.51},"f_txt":"alpha beta gamma 1","f_bool":false,"f_dt":"2026-01-02T03:04:05Z","f_uid":"550e840
[summary] enum creates=8 describe_echo=ok counts=[12, 12, 12] payload_stable=True/True
index toggle over the full PayloadSchemaType domain complete: 8/8 valid creates 200 + persisted with matching data_type; count=12 and payload snapshot identical across the whole create/delete lifecycle; no schema residue - NO_DEFECT
[cleanup] dropped sidx1_1788445988_12572_col
VERDICT: NO_DEFECT
