<HOME>\AppData\Local\Programs\Python\Python312\Lib\site-packages\requests\__init__.py:113: RequestsDependencyWarning: urllib3 (2.6.3) or chardet (7.3.0)/charset_normalizer (3.4.6) doesn't match a supported version!
  warnings.warn(
G valid entry -> status=200
raw: {"result":[[{"id":7,"version":1,"score":0.75},{"id":5,"version":1,"score":0.75},{"id":6,"version":1,"score":0.75}]],"status":"ok","time":0.000447558}
G guard: batch channel live

C1 context as STRING -> status=400
raw: {"status":{"error":"Format error in JSON body: invalid type: string \"text\", expected a sequence at line 1 column 58"},"time":0.0}
C1 context as STRING: 400 clean rejection; NOTE (strategy5): rejection text names no context-family token — diagnostics gap recorded for the judge

C2 context as OBJECT -> status=400
raw: {"status":{"error":"Format error in JSON body: invalid type: map, expected a sequence at line 1 column 82"},"time":0.0}
C2 context as OBJECT: 400 clean rejection; NOTE (strategy5): rejection text names no context-family token — diagnostics gap recorded for the judge

C3 pair-less pair [{}] -> status=400
raw: {"status":{"error":"Format error in JSON body: missing field `positive` at line 1 column 56"},"time":0.0}
C3 pair-less pair [{}]: 400 clean rejection; diagnostics name the context construct

C4 null example -> status=400
raw: {"status":{"error":"Format error in JSON body: data did not match any variant of untagged enum RecommendExample at line 1 column 87"},"time":0.0}
C4 null example: 400 clean rejection; diagnostics name the context construct

C5 pair as ARRAY -> status=400
raw: {"status":{"error":"Format error in JSON body: invalid length 0, expected struct ContextExamplePair with 2 elements at line 1 column 56"},"time":0.0}
C5 pair as ARRAY: 400 clean rejection; diagnostics name the context construct

C6 context null (judge face) -> status=200
raw: {"result":[[{"id":7,"version":1,"score":0.75},{"id":5,"version":1,"score":0.75},{"id":6,"version":1,"score":0.75}]],"status":"ok","time":0.000281245}
C6 context null (judge face): judge-call face — accepted (null ~= absent, target-only discover); recorded for the judge

M1 mixed batch (valid + pair-less) -> status=400
raw: {"status":{"error":"Format error in JSON body: missing field `positive` at line 1 column 128"},"time":0.0}
M1: whole-batch clean rejection (atomic 400) — alignment contract upheld
count guard: 9 == 9 (substrate untouched)
VERDICT: NO_DEFECT
