07:36:42 boundary_collections_create_013 START attempt=1
07:43:34 boundary_collections_create_013 exit=1 410s healthz=000
07:43:34 boundary_collections_create_014 START attempt=1
07:44:05 boundary_collections_create_014 exit=1 29s healthz=000
07:44:05 boundary_collections_create_015 START attempt=1
07:44:59 boundary_collections_create_015 exit=1 51s healthz=000
07:44:59 boundary_collections_create_016 START attempt=1
07:46:27 boundary_collections_create_016 exit=1 86s healthz=000
07:46:27 boundary_collections_create_017 START attempt=1
07:46:45 boundary_collections_create_017 exit=1 16s healthz=000
07:46:46 boundary_collections_create_018 START attempt=1
07:47:45 boundary_collections_create_018 exit=1 57s healthz=000
07:47:45 boundary_collections_create_019 START attempt=1
07:48:02 boundary_collections_create_019 exit=1 15s healthz=000
07:48:02 state_collections_create_015 START attempt=1
07:50:26 boundary_collections_create_013 START attempt=1
07:58:22 boundary_collections_create_013 exit=1 474s healthz=000
07:58:24 DB_DOWN healthz=000 -> recovering testvdb-qdrant-standalone
testvdb-qdrant-standalone
07:58:25 DB_RECOVERED healthz=200
07:58:25 boundary_collections_create_014 START attempt=1
07:58:27 boundary_collections_create_014 exit=0 1s healthz=200
07:58:27 boundary_collections_create_015 START attempt=1
07:58:28 boundary_collections_create_015 exit=0 1s healthz=200
07:58:28 boundary_collections_create_016 START attempt=1
07:58:29 boundary_collections_create_016 exit=0 1s healthz=200
07:58:29 boundary_collections_create_017 START attempt=1
07:58:31 boundary_collections_create_017 exit=0 1s healthz=200
07:58:31 boundary_collections_create_018 START attempt=1
07:58:32 boundary_collections_create_018 exit=0 0s healthz=200
07:58:32 boundary_collections_create_019 START attempt=1
07:58:33 boundary_collections_create_019 exit=0 1s healthz=200
07:58:33 state_collections_create_015 START attempt=1
07:58:51 state_collections_create_015 exit=1 16s healthz=000
07:58:53 DB_DOWN healthz=000 -> recovering testvdb-qdrant-standalone
testvdb-qdrant-standalone
07:58:57 DB_RECOVERED healthz=200
07:58:57 state_collections_create_016 START attempt=1
07:58:58 state_collections_create_016 exit=0 1s healthz=200
07:58:58 state_collections_create_017 START attempt=1
07:58:59 state_collections_create_017 exit=0 1s healthz=200
07:58:59 state_collections_create_018 START attempt=1
07:59:01 state_collections_create_018 exit=0 2s healthz=200
07:59:01 state_collections_create_019 START attempt=1
07:59:02 state_collections_create_019 exit=0 1s healthz=200
07:59:02 state_collections_create_020 START attempt=1
07:59:03 state_collections_create_020 exit=0 1s healthz=200
07:59:03 state_collections_create_021 START attempt=1
07:59:04 state_collections_create_021 exit=0 1s healthz=200
07:59:04 semantic_collections_create_016 START attempt=1
07:59:06 semantic_collections_create_016 exit=0 1s healthz=200
07:59:06 semantic_collections_create_017 START attempt=1
07:59:07 semantic_collections_create_017 exit=0 0s healthz=200
07:59:07 semantic_collections_create_018 START attempt=1
07:59:07 semantic_collections_create_018 exit=0 0s healthz=200
07:59:08 semantic_collections_create_019 START attempt=1
07:59:09 semantic_collections_create_019 exit=0 0s healthz=200
07:59:09 semantic_collections_create_020 START attempt=1
07:59:09 semantic_collections_create_020 exit=0 0s healthz=200
07:59:09 semantic_collections_create_021 START attempt=1
07:59:11 semantic_collections_create_021 exit=0 2s healthz=200
07:59:11 semantic_collections_create_022 START attempt=1
07:59:13 semantic_collections_create_022 exit=0 1s healthz=200
07:59:13 semantic_collections_create_023 START attempt=1
07:59:14 semantic_collections_create_023 exit=1 0s healthz=200
07:59:14 semantic_collections_create_024 START attempt=1
07:59:20 semantic_collections_create_024 exit=1 6s healthz=000
RUNNER_DONE 07:59:20
