<HOME>\AppData\Local\Programs\Python\Python312\Lib\site-packages\requests\__init__.py:113: RequestsDependencyWarning: urllib3 (2.6.3) or chardet (7.3.0)/charset_normalizer (3.4.6) doesn't match a supported version!
  warnings.warn(
== (1) UNINDEXED control (no geo payload index) ==
[vein_r2c6_unidx] payload_schema = {}
unindexed count box_pole: 200 count=10
unindexed count box_ctl: 200 count=10
unindexed count poly_pole: 200 count=40
unindexed count poly_ctl: 200 count=40
== (2) scroll ground truth on UNINDEXED ==
unindexed scroll box_pole: 200 points=10
unindexed scroll box_ctl: 200 points=10
unindexed scroll poly_pole: 200 points=40
unindexed scroll poly_ctl: 200 points=40
== (3) INDEXED (geo payload index present) re-run + scroll ==
[vein_r2c6_idx2] payload_schema = {"loc": {"data_type": "geo", "points": 50}}
indexed count box_pole: 200 count=0
indexed count box_ctl: 200 count=10
indexed count poly_pole: 200 count=0
indexed count poly_ctl: 200 count=40
== (4) scroll on INDEXED ==
indexed scroll box_pole: 200 points=0
indexed scroll box_ctl: 200 points=10
indexed scroll poly_pole: 200 points=0
indexed scroll poly_ctl: 200 points=40
