=== DELETE /collections/main ===

-> 200 {"result":false,"status":"ok","time":0.000107115}
=== DELETE /collections/lookup8 ===

-> 200 {"result":false,"status":"ok","time":0.000073157}
=== PUT /collections/main ===
{"vectors": {"size": 4, "distance": "Euclid"}}
-> 200 {"result":true,"status":"ok","time":0.257165763}
=== PUT /collections/main/points?wait=true ===
{"points": [{"id": 1, "vector": [0.1, 0.2, 0.3, 0.4]}, {"id": 2, "vector": [0.4, 0.3, 0.2, 0.1]}]}
-> 200 {"result":{"operation_id":1,"status":"completed"},"status":"ok","time":0.003787025}
=== PUT /collections/lookup8 ===
{"vectors": {"size": 8, "distance": "Euclid"}}
-> 200 {"result":true,"status":"ok","time":0.254043806}
=== PUT /collections/lookup8/points?wait=true ===
{"points": [{"id": 100, "vector": [0.9, 0, 0, 0, 0, 0, 0, 0]}]}
-> 200 {"result":{"operation_id":1,"status":"completed"},"status":"ok","time":0.004065926}
=== POST /collections/main/points/recommend ===
{"positive": [100], "limit": 2, "lookup_from": {"collection": "lookup8"}}
-> 400 {"status":{"error":"Wrong input: Vector dimension error: expected dim: 4, got 8"},"time":0.001524875}
=== POST /collections/main/points/recommend ===
{"positive": [[0.1, 0.2, 0.3, 0.4]], "negative": [100], "limit": 3, "lookup_from": {"collection": "lookup8"}}
-> 200 {"result":[{"id":1,"version":1,"score":0.9643651},{"id":2,"version":1,"score":1.3674794}],"status":"ok","time":0.000321475}

[VERDICT] control(positive=dim8 id)=400 (issue: 400) | bug-case(negative=dim8 id)=200 (issue: 200 w/ truncated-dim scores) -> {"result": [{"id": 1, "version": 1, "score": 0.9643651}, {"id": 2, "version": 1, "score": 1.3674794}], "status": "ok", "time": 0.000321475}