<HOME>\AppData\Local\Programs\Python\Python312\Lib\site-packages\requests\__init__.py:113: RequestsDependencyWarning: urllib3 (2.6.3) or chardet (7.3.0)/charset_normalizer (3.4.6) doesn't match a supported version!
  warnings.warn(
REQUEST_ERROR: HTTPConnectionPool(host='localhost', port=6333): Max retries exceeded with url: /collections/st_cc_race_1787504409 (Caused by NewConnectionError("HTTPConnection(host='localhost', port=6333): Failed to establish a new connection: [WinError 10061] 由于目标计算机积极拒绝，无法连接。"))
REQUEST_ERROR: HTTPConnectionPool(host='localhost', port=6333): Max retries exceeded with url: /collections/st_cc_race_1787504409 (Caused by NewConnectionError("HTTPConnection(host='localhost', port=6333): Failed to establish a new connection: [WinError 10061] 由于目标计算机积极拒绝，无法连接。"))
REQUEST_ERROR: HTTPConnectionPool(host='localhost', port=6333): Max retries exceeded with url: /collections/st_cc_race_1787504409 (Caused by NewConnectionError("HTTPConnection(host='localhost', port=6333): Failed to establish a new connection: [WinError 10061] 由于目标计算机积极拒绝，无法连接。"))
REQUEST_ERROR: HTTPConnectionPool(host='localhost', port=6333): Max retries exceeded with url: /collections/st_cc_race_1787504409 (Caused by NewConnectionError("HTTPConnection(host='localhost', port=6333): Failed to establish a new connection: [WinError 10061] 由于目标计算机积极拒绝，无法连接。"))
REQUEST_ERROR: HTTPConnectionPool(host='localhost', port=6333): Max retries exceeded with url: /collections/st_cc_race_1787504409 (Caused by NewConnectionError("HTTPConnection(host='localhost', port=6333): Failed to establish a new connection: [WinError 10061] 由于目标计算机积极拒绝，无法连接。"))
REQUEST_ERROR: HTTPConnectionPool(host='localhost', port=6333): Max retries exceeded with url: /collections/st_cc_race_1787504409 (Caused by NewConnectionError("HTTPConnection(host='localhost', port=6333): Failed to establish a new connection: [WinError 10061] 由于目标计算机积极拒绝，无法连接。"))
REQUEST_ERROR: HTTPConnectionPool(host='localhost', port=6333): Max retries exceeded with url: /collections/st_cc_race_1787504409 (Caused by NewConnectionError("HTTPConnection(host='localhost', port=6333): Failed to establish a new connection: [WinError 10061] 由于目标计算机积极拒绝，无法连接。"))
REQUEST_ERROR: HTTPConnectionPool(host='localhost', port=6333): Max retries exceeded with url: /collections/st_cc_race_1787504409 (Caused by NewConnectionError("HTTPConnection(host='localhost', port=6333): Failed to establish a new connection: [WinError 10061] 由于目标计算机积极拒绝，无法连接。"))
REQUEST_ERROR: HTTPConnectionPool(host='localhost', port=6333): Max retries exceeded with url: /collections/st_cc_race_1787504409 (Caused by NewConnectionError("HTTPConnection(host='localhost', port=6333): Failed to establish a new connection: [WinError 10061] 由于目标计算机积极拒绝，无法连接。"))
REQUEST_ERROR: HTTPConnectionPool(host='localhost', port=6333): Max retries exceeded with url: /collections/st_cc_race_1787504409 (Caused by NewConnectionError("HTTPConnection(host='localhost', port=6333): Failed to establish a new connection: [WinError 10061] 由于目标计算机积极拒绝，无法连接。"))
REQUEST_ERROR: HTTPConnectionPool(host='localhost', port=6333): Max retries exceeded with url: /collections/st_cc_race_1787504409 (Caused by NewConnectionError("HTTPConnection(host='localhost', port=6333): Failed to establish a new connection: [WinError 10061] 由于目标计算机积极拒绝，无法连接。"))
REQUEST_ERROR: HTTPConnectionPool(host='localhost', port=6333): Max retries exceeded with url: /collections/st_cc_race_1787504409 (Caused by NewConnectionError("HTTPConnection(host='localhost', port=6333): Failed to establish a new connection: [WinError 10061] 由于目标计算机积极拒绝，无法连接。"))
REQUEST_ERROR: HTTPConnectionPool(host='localhost', port=6333): Max retries exceeded with url: /collections/st_cc_race_1787504409 (Caused by NewConnectionError("HTTPConnection(host='localhost', port=6333): Failed to establish a new connection: [WinError 10061] 由于目标计算机积极拒绝，无法连接。"))
REQUEST_ERROR: HTTPConnectionPool(host='localhost', port=6333): Max retries exceeded with url: /collections/st_cc_race_1787504409 (Caused by NewConnectionError("HTTPConnection(host='localhost', port=6333): Failed to establish a new connection: [WinError 10061] 由于目标计算机积极拒绝，无法连接。"))
REQUEST_ERROR: HTTPConnectionPool(host='localhost', port=6333): Max retries exceeded with url: /collections/st_cc_race_1787504409 (Caused by NewConnectionError("HTTPConnection(host='localhost', port=6333): Failed to establish a new connection: [WinError 10061] 由于目标计算机积极拒绝，无法连接。"))
REQUEST_ERROR: HTTPConnectionPool(host='localhost', port=6333): Max retries exceeded with url: /collections/st_cc_race_1787504409 (Caused by NewConnectionError("HTTPConnection(host='localhost', port=6333): Failed to establish a new connection: [WinError 10061] 由于目标计算机积极拒绝，无法连接。"))
REQUEST_ERROR: HTTPConnectionPool(host='localhost', port=6333): Max retries exceeded with url: /collections/st_cc_race_1787504409 (Caused by NewConnectionError("HTTPConnection(host='localhost', port=6333): Failed to establish a new connection: [WinError 10061] 由于目标计算机积极拒绝，无法连接。"))
REQUEST_ERROR: HTTPConnectionPool(host='localhost', port=6333): Max retries exceeded with url: /collections/st_cc_race_1787504409 (Caused by NewConnectionError("HTTPConnection(host='localhost', port=6333): Failed to establish a new connection: [WinError 10061] 由于目标计算机积极拒绝，无法连接。"))
REQUEST_ERROR: HTTPConnectionPool(host='localhost', port=6333): Max retries exceeded with url: /collections/st_cc_race_1787504409 (Caused by NewConnectionError("HTTPConnection(host='localhost', port=6333): Failed to establish a new connection: [WinError 10061] 由于目标计算机积极拒绝，无法连接。"))
REQUEST_ERROR: HTTPConnectionPool(host='localhost', port=6333): Max retries exceeded with url: /collections/st_cc_race_1787504409 (Caused by NewConnectionError("HTTPConnection(host='localhost', port=6333): Failed to establish a new connection: [WinError 10061] 由于目标计算机积极拒绝，无法连接。"))
thread 0: 0 
thread 1: 0 
thread 2: 0 
thread 3: 0 
thread 4: 0 
thread 5: 0 
thread 6: 0 
thread 7: 0 
thread 8: 0 
thread 9: 0 
thread 10: 0 
thread 11: 0 
thread 12: 0 
thread 13: 0 
thread 14: 0 
thread 15: 0 
thread 16: 0 
thread 17: 0 
thread 18: 0 
thread 19: 0 
VERDICT: DEFECT_FOUND (Type3_RuntimeFailure) — concurrent duplicate create produced 5xx/connection errors: [0, 0, 0, 0, 0, 0, 0, 0, 0, 0, 0, 0, 0, 0, 0, 0, 0, 0, 0, 0]
REQUEST_ERROR: HTTPConnectionPool(host='localhost', port=6333): Max retries exceeded with url: /collections/st_cc_race_1787504409 (Caused by NewConnectionError("HTTPConnection(host='localhost', port=6333): Failed to establish a new connection: [WinError 10061] 由于目标计算机积极拒绝，无法连接。"))
