<HOME>\AppData\Local\Programs\Python\Python312\Lib\site-packages\requests\__init__.py:113: RequestsDependencyWarning: urllib3 (2.6.3) or chardet (7.3.0)/charset_normalizer (3.4.6) doesn't match a supported version!
  warnings.warn(
CASE product.compression=x2 invalid: status=400 body={"status":{"error":"Format error in JSON body: data did not match any variant of untagged enum QuantizationConfig at line 1 column 105"},"time":0.0}
NOTE Type2 — product.compression=x2 invalid rejected but error lacks 'compression': {"status":{"error":"Format error in JSON body: data did not match any variant of untagged enum QuantizationConfig at line 1 column 105"},"time":0.0}
CASE product.compression=null: status=400 body={"status":{"error":"Format error in JSON body: data did not match any variant of untagged enum QuantizationConfig at line 1 column 105"},"time":0.0}
NOTE Type2 — product.compression=null rejected but error lacks 'compression': {"status":{"error":"Format error in JSON body: data did not match any variant of untagged enum QuantizationConfig at line 1 column 105"},"time":0.0}
CASE product.compression=8 int: status=400 body={"status":{"error":"Format error in JSON body: data did not match any variant of untagged enum QuantizationConfig at line 1 column 102"},"time":0.0}
NOTE Type2 — product.compression=8 int rejected but error lacks 'compression': {"status":{"error":"Format error in JSON body: data did not match any variant of untagged enum QuantizationConfig at line 1 column 102"},"time":0.0}
CASE scalar.type=int16 invalid: status=400 body={"status":{"error":"Format error in JSON body: data did not match any variant of untagged enum QuantizationConfig at line 1 column 117"},"time":0.0}
NOTE Type2 — scalar.type=int16 invalid rejected but error lacks 'type': {"status":{"error":"Format error in JSON body: data did not match any variant of untagged enum QuantizationConfig at line 1 column 117"},"time":0.0}
CASE scalar.type=null: status=400 body={"status":{"error":"Format error in JSON body: data did not match any variant of untagged enum QuantizationConfig at line 1 column 114"},"time":0.0}
NOTE Type2 — scalar.type=null rejected but error lacks 'type': {"status":{"error":"Format error in JSON body: data did not match any variant of untagged enum QuantizationConfig at line 1 column 114"},"time":0.0}
CASE scalar.quantile=0.4 below min: status=422 body={"status":{"error":"Validation error in JSON body: [quantization_config.scalar.quantile: value 0.4000000059604645 invalid, must be from 0.5 to 1.0]"},"time":0.0}
CASE scalar.quantile=1.1 above max: status=422 body={"status":{"error":"Validation error in JSON body: [quantization_config.scalar.quantile: value 1.100000023841858 invalid, must be from 0.5 to 1.0]"},"time":0.0}
CASE scalar.quantile='0.8' string: status=400 body={"status":{"error":"Format error in JSON body: data did not match any variant of untagged enum QuantizationConfig at line 1 column 118"},"time":0.0}
NOTE Type2 — scalar.quantile='0.8' string rejected but error lacks 'quantile': {"status":{"error":"Format error in JSON body: data did not match any variant of untagged enum QuantizationConfig at line 1 column 118"},"time":0.0}
CASE binary.encoding=four_bits invalid: status=400 body={"status":{"error":"Format error in JSON body: data did not match any variant of untagged enum QuantizationConfig at line 1 column 108"},"time":0.0}
NOTE Type2 — binary.encoding=four_bits invalid rejected but error lacks 'encoding': {"status":{"error":"Format error in JSON body: data did not match any variant of untagged enum QuantizationConfig at line 1 column 108"},"time":0.0}
CASE binary.encoding=null: status=200 body={"result":true,"status":"ok","time":0.332696004}
VERDICT: DEFECT_FOUND (Type1_IllegalSuccess) — binary.encoding=null accepted with 200
CASE quantization_config='scalar' string: status=400 body={"status":{"error":"Format error in JSON body: data did not match any variant of untagged enum QuantizationConfig at line 1 column 79"},"time":0.0}
CASE quantization_config=[] array: status=400 body={"status":{"error":"Format error in JSON body: data did not match any variant of untagged enum QuantizationConfig at line 1 column 73"},"time":0.0}
