<HOME>\AppData\Local\Programs\Python\Python312\Lib\site-packages\requests\__init__.py:113: RequestsDependencyWarning: urllib3 (2.6.3) or chardet (7.3.0)/charset_normalizer (3.4.6) doesn't match a supported version!
  warnings.warn(
initial create: 200 {"result":true,"status":"ok","time":0.245838627}
seed upsert: 200 {"result":{"operation_id":1,"status":"completed"},"status":"ok","time":0.004188495}
ERROR_CENSUS: 16 events (threshold for DEFECT: 2)
  error_event: ('query[t3]', 500, '{"status":{"error":"Service internal error: Expected at least one response for one query"},"time":0.016453361}')
  error_event: ('query[t1]', 500, '{"status":{"error":"Service internal error: Expected at least one response for one query"},"time":0.000149628}')
  error_event: ('upsert[t8]', 500, '{"status":{"error":"Service internal error: Failed to apply operation to at least one `Active` replica. Consistency of this update is not guaranteed. Please ret')
  error_event: ('query[t5]', 500, '{"status":{"error":"Service internal error: Expected at least one response for one query"},"time":0.000191951}')
  error_event: ('query[t4]', 500, '{"status":{"error":"Service internal error: Expected at least one response for one query"},"time":0.000181968}')
  error_event: ('query[t6]', 500, '{"status":{"error":"Service internal error: Expected at least one response for one query"},"time":0.000164431}')
  error_event: ('query[t0]', 500, '{"status":{"error":"Service internal error: Expected at least one response for one query"},"time":0.000205964}')
  error_event: ('query[t6]', 500, '{"status":{"error":"Service internal error: Expected at least one response for one query"},"time":0.000315482}')
  error_event: ('query[t5]', 500, '{"status":{"error":"Service internal error: Expected at least one response for one query"},"time":0.000161669}')
  error_event: ('query[t2]', 500, '{"status":{"error":"Service internal error: Expected at least one response for one query"},"time":0.000137006}')
  error_event: ('query[t6]', 500, '{"status":{"error":"Service internal error: Expected at least one response for one query"},"time":0.00016071}')
  error_event: ('query[t9]', 500, '{"status":{"error":"Service internal error: Expected at least one response for one query"},"time":0.000130803}')
  error_event: ('query[t0]', 500, '{"status":{"error":"Service internal error: Expected at least one response for one query"},"time":0.000111081}')
  error_event: ('query[t7]', 500, '{"status":{"error":"Service internal error: Expected at least one response for one query"},"time":0.000110628}')
  error_event: ('query[t3]', 500, '{"status":{"error":"Service internal error: Expected at least one response for one query"},"time":0.000166663}')
  error_event: ('query[t8]', 500, '{"status":{"error":"Service internal error: Expected at least one response for one query"},"time":0.000176776}')
post-race recreate: 200 {"result":true,"status":"ok","time":0.259706575}
post-race upsert: 200 {"result":{"operation_id":1,"status":"completed"},"status":"ok","time":0.003846019}
post-race count: 200 {"result":{"count":25},"status":"ok","time":0.00053675}
VERDICT: DEFECT_FOUND (Type3_RuntimeFailure) — 16 5xx/transport errors during lifecycle race (>=2 confirms)
