<HOME>\AppData\Local\Programs\Python\Python312\Lib\site-packages\requests\__init__.py:113: RequestsDependencyWarning: urllib3 (2.6.3) or chardet (7.3.0)/charset_normalizer (3.4.6) doesn't match a supported version!
  warnings.warn(
CASE bnd_crt_rl_1: status=200 body={"result":true,"status":"ok","time":0.23701203}
VERDICT: NO_DEFECT — bnd_crt_rl_1 accepted (resource upper bound not required, no crash)
CASE bnd_crt_rl_2: status=422 body={"status":{"error":"Validation error in JSON body: [vectors.size: value 100000 invalid, must be from 1 to 65536]"},"time":0.0}
VERDICT: NO_DEFECT — bnd_crt_rl_2 correctly rejected
CASE bnd_crt_rl_3: status=422 body={"status":{"error":"Validation error in JSON body: [vectors.size: value 1000000 invalid, must be from 1 to 65536]"},"time":0.0}
VERDICT: NO_DEFECT — bnd_crt_rl_3 correctly rejected
CASE bnd_crt_rl_4: status=422 body={"status":{"error":"Validation error in JSON body: [vectors.size: value 2147483647 invalid, must be from 1 to 65536]"},"time":0.0}
VERDICT: NO_DEFECT — bnd_crt_rl_4 correctly rejected
CASE bnd_crt_rl_5: status=422 body={"status":{"error":"Validation error in JSON body: [vectors.size: value 18446744073709551615 invalid, must be from 1 to 65536]"},"time":0.0}
VERDICT: NO_DEFECT — bnd_crt_rl_5 correctly rejected
CASE bnd_crt_rl_6: status=200 body={"result":true,"status":"ok","time":0.252461935}
VERDICT: NO_DEFECT — bnd_crt_rl_6 accepted (resource upper bound not required, no crash)
CASE bnd_crt_rl_7: status=200 body={"result":true,"status":"ok","time":0.209931211}
VERDICT: NO_DEFECT — bnd_crt_rl_7 accepted (resource upper bound not required, no crash)
CASE bnd_crt_rl_8: status=200 body={"result":true,"status":"ok","time":0.229288206}
VERDICT: NO_DEFECT — bnd_crt_rl_8 accepted (resource upper bound not required, no crash)
CASE bnd_crt_rl_9: status=200 body={"result":true,"status":"ok","time":0.238631413}
VERDICT: NO_DEFECT — bnd_crt_rl_9 accepted (resource upper bound not required, no crash)
CASE bnd_crt_rl_10: status=200 body={"result":true,"status":"ok","time":0.27829418}
VERDICT: NO_DEFECT — bnd_crt_rl_10 accepted (resource upper bound not required, no crash)
CASE bnd_crt_rl_11: status=500 body={"status":{"error":"Service internal error: Can't init WAL: Os { code: 27, kind: FileTooLarge, message: \"File too large\" }"},"time":0.169549158}
VERDICT: DEFECT_FOUND (Type3_RuntimeFailure) — bnd_crt_rl_11 triggered 5xx/crash
REQUEST_ERROR: ('Connection aborted.', RemoteDisconnected('Remote end closed connection without response'))
VERDICT: SCRIPT_ERROR — connection failed (possible container crash)
