<HOME>\AppData\Local\Programs\Python\Python312\Lib\site-packages\requests\__init__.py:113: RequestsDependencyWarning: urllib3 (2.6.3) or chardet (7.3.0)/charset_normalizer (3.4.6) doesn't match a supported version!
  warnings.warn(
CASE distance=Bogus: status=400 body={"status":{"error":"Format error in JSON body: data did not match any variant of untagged enum VectorsConfig at line 1 column 45"},"time":0.0}
NOTE Type2 — distance=Bogus rejected but error does not mention 'distance': {"status":{"error":"Format error in JSON body: data did not match any variant of untagged enum VectorsConfig at line 1 column 45"},"time":0.0}
CASE distance=euclid lowercase: status=400 body={"status":{"error":"Format error in JSON body: data did not match any variant of untagged enum VectorsConfig at line 1 column 46"},"time":0.0}
NOTE Type2 — distance=euclid lowercase rejected but error does not mention 'distance': {"status":{"error":"Format error in JSON body: data did not match any variant of untagged enum VectorsConfig at line 1 column 46"},"time":0.0}
CASE distance=null: status=400 body={"status":{"error":"Format error in JSON body: data did not match any variant of untagged enum VectorsConfig at line 1 column 42"},"time":0.0}
NOTE Type2 — distance=null rejected but error does not mention 'distance': {"status":{"error":"Format error in JSON body: data did not match any variant of untagged enum VectorsConfig at line 1 column 42"},"time":0.0}
CASE distance=123: status=400 body={"status":{"error":"Format error in JSON body: data did not match any variant of untagged enum VectorsConfig at line 1 column 41"},"time":0.0}
NOTE Type2 — distance=123 rejected but error does not mention 'distance': {"status":{"error":"Format error in JSON body: data did not match any variant of untagged enum VectorsConfig at line 1 column 41"},"time":0.0}
CASE size=0: status=400 body={"status":{"error":"Format error in JSON body: data did not match any variant of untagged enum VectorsConfig at line 1 column 46"},"time":0.0}
NOTE Type2 — size=0 rejected but error does not mention 'size': {"status":{"error":"Format error in JSON body: data did not match any variant of untagged enum VectorsConfig at line 1 column 46"},"time":0.0}
CASE size=-1: status=400 body={"status":{"error":"Format error in JSON body: data did not match any variant of untagged enum VectorsConfig at line 1 column 47"},"time":0.0}
NOTE Type2 — size=-1 rejected but error does not mention 'size': {"status":{"error":"Format error in JSON body: data did not match any variant of untagged enum VectorsConfig at line 1 column 47"},"time":0.0}
CASE size=1.5 float: status=400 body={"status":{"error":"Format error in JSON body: data did not match any variant of untagged enum VectorsConfig at line 1 column 48"},"time":0.0}
NOTE Type2 — size=1.5 float rejected but error does not mention 'size': {"status":{"error":"Format error in JSON body: data did not match any variant of untagged enum VectorsConfig at line 1 column 48"},"time":0.0}
CASE size='4' string: status=400 body={"status":{"error":"Format error in JSON body: data did not match any variant of untagged enum VectorsConfig at line 1 column 48"},"time":0.0}
NOTE Type2 — size='4' string rejected but error does not mention 'size': {"status":{"error":"Format error in JSON body: data did not match any variant of untagged enum VectorsConfig at line 1 column 48"},"time":0.0}
CASE size=null: status=400 body={"status":{"error":"Format error in JSON body: data did not match any variant of untagged enum VectorsConfig at line 1 column 49"},"time":0.0}
NOTE Type2 — size=null rejected but error does not mention 'size': {"status":{"error":"Format error in JSON body: data did not match any variant of untagged enum VectorsConfig at line 1 column 49"},"time":0.0}
CASE vectors=null: status=400 body={"status":{"error":"Format error in JSON body: data did not match any variant of untagged enum VectorsConfig at line 1 column 17"},"time":0.0}
CASE vectors={} empty: status=200 body={"result":true,"status":"ok","time":0.242426706}
VERDICT: DEFECT_FOUND (Type1_IllegalSuccess) — vectors={} empty accepted with 200
CASE vectors missing entirely: status=200 body={"result":true,"status":"ok","time":0.214336517}
VERDICT: DEFECT_FOUND (Type1_IllegalSuccess) — vectors missing entirely accepted with 200
