<HOME>\AppData\Local\Programs\Python\Python312\Lib\site-packages\requests\__init__.py:113: RequestsDependencyWarning: urllib3 (2.6.3) or chardet (7.3.0)/charset_normalizer (3.4.6) doesn't match a supported version!
  warnings.warn(

=== Test 1: indexing_threshold = -1 (negative, should fail) ===
Status: 400
Raw: {"status":{"error":"Format error in JSON body: invalid value: integer `-1`, expected usize at line 1 column 95"},"time":0.0}

=== Test 2: indexing_threshold = 0 (valid min) ===
Status: 200
Raw: {"result":true,"status":"ok","time":0.258326115}

=== Test 3: indexing_threshold = 1 (positive) ===
Status: 200
Raw: {"result":true,"status":"ok","time":0.233538668}

=== Test 4: indexing_threshold = 20000 (default) ===
Status: 200
Raw: {"result":true,"status":"ok","time":0.241272731}

=== Test 5: indexing_threshold = 1000000 (large) ===
Status: 200
Raw: {"result":true,"status":"ok","time":0.246616275}

=== Test 6: indexing_threshold = -100 (negative) ===
Status: 400
Raw: {"status":{"error":"Format error in JSON body: invalid value: integer `-100`, expected usize at line 1 column 97"},"time":0.0}

VERDICT: NO_DEFECT
