<HOME>\AppData\Local\Programs\Python\Python312\Lib\site-packages\requests\__init__.py:113: RequestsDependencyWarning: urllib3 (2.6.3) or chardet (7.3.0)/charset_normalizer (3.4.6) doesn't match a supported version!
  warnings.warn(
[SETUP] Creating collection with groupable data...

[TEST 1] query groups with group_size=1
  group_size=1: status=200
    Groups returned: 0

[TEST 2] query groups with group_size=0
  group_size=0: status=422
    OK: Rejected with 422

[TEST 3] query groups with group_size=-1 (negative)
  group_size=-1: status=400
    OK: Rejected with 400

[TEST 4] query groups with group_size=999999 (extremely large)
  group_size=999999: status=200
    Groups returned: 0

[TEST 5] query groups with group_size > limit
  group_size=50 > limit=10: status=200
    Groups returned: 0
    OBSERVED: group_size > limit is accepted

[TEST 6] query groups without group_size (should use default)
  No group_size specified: status=200
    Groups returned: 0

============================================================
VERDICT: NO_DEFECT
============================================================
