<HOME>\AppData\Local\Programs\Python\Python312\Lib\site-packages\requests\__init__.py:113: RequestsDependencyWarning: urllib3 (2.6.3) or chardet (7.3.0)/charset_normalizer (3.4.6) doesn't match a supported version!
  warnings.warn(

=== Test 1: size = 0 (zero, should fail) ===
Status: 400
Raw: {"status":{"error":"Format error in JSON body: data did not match any variant of untagged enum VectorsConfig at line 1 column 46"},"time":0.0}

=== Test 2: size = -1 (negative, should fail) ===
Status: 400
Raw: {"status":{"error":"Format error in JSON body: data did not match any variant of untagged enum VectorsConfig at line 1 column 47"},"time":0.0}

=== Test 3: size = 1 (valid min) ===
Status: 200
Raw: {"result":true,"status":"ok","time":0.260770264}

=== Test 4: size = 128.5 (float type, should fail) ===
Status: 400
Raw: {"status":{"error":"Format error in JSON body: data did not match any variant of untagged enum VectorsConfig at line 1 column 50"},"time":0.0}

=== Test 5: size = '128' (string type, should fail) ===
Status: 400
Raw: {"status":{"error":"Format error in JSON body: data did not match any variant of untagged enum VectorsConfig at line 1 column 50"},"time":0.0}

=== Test 6: size = null (null, should fail) ===
Status: 400
Raw: {"status":{"error":"Format error in JSON body: data did not match any variant of untagged enum VectorsConfig at line 1 column 49"},"time":0.0}

VERDICT: NO_DEFECT
