<HOME>\AppData\Local\Programs\Python\Python312\Lib\site-packages\requests\__init__.py:113: RequestsDependencyWarning: urllib3 (2.6.3) or chardet (7.3.0)/charset_normalizer (3.4.6) doesn't match a supported version!
  warnings.warn(
[SETUP] Creating collection with geo-indexed field...

[TEST 1] Geo radius filter with normal coordinates
  Normal geo radius: status=400
    Error with 400

[TEST 2] Geo radius filter crossing antimeridian (180 to -180)
  Antimeridian crossing: status=400
    Rejected with 400

[TEST 3] Geo bounding box with extreme coordinates
  Extreme bounding box: status=400
    Error with 400

[TEST 4] Geo filter with invalid coordinates (> 180)
  Invalid longitude (>180): status=400
    OK: Rejected with 400

[TEST 5] Geo filter with negative radius
  Negative radius: status=400
    OK: Rejected with 400

[TEST 6] Geo filter with malformed geojson
  Malformed geojson (empty coords): status=400
    OK: Rejected with 400

============================================================
VERDICT: NO_DEFECT
============================================================
