<HOME>\AppData\Local\Programs\Python\Python312\Lib\site-packages\requests\__init__.py:113: RequestsDependencyWarning: urllib3 (2.6.3) or chardet (7.3.0)/charset_normalizer (3.4.6) doesn't match a supported version!
  warnings.warn(
[SETUP] Creating two collections for lookup_from tests...

[TEST 1] lookup_from with valid collection reference
  Valid lookup_from: status=200
    Result count: 1

[TEST 2] lookup_from with non-existent collection
  Non-existent collection: status=200
    POTENTIAL DEFECT: Silently accepted invalid collection

[TEST 3] lookup_from with empty object
  Empty lookup_from: status=400

[TEST 4] lookup_from with null value
  lookup_from=null: status=200
    OBSERVED: Accepted null lookup_from

[TEST 5] lookup_from with unknown field
  Unknown field in lookup_from: status=200
    OBSERVED: Silently ignored unknown field

============================================================
VERDICT: DEFECT_FOUND
============================================================
