Traceback (most recent call last):
  File "vein_scripts/vein_geo_filter_count_1.py", line 232, in main
    print(f"\u2713 PASS: Estimation error within tolerance (max {max_error:.1f}%)")
  File "C:\Program Files\python\lib\encodings\cp1252.py", line 19, in encode
    return codecs.charmap_encode(input,self.errors,encoding_table)[0]
UnicodeEncodeError: 'charmap' codec can't encode character '\u2713' in position 0: character maps to <undefined>
[ATTACK] geo_filter on count endpoint (cardinality cross-pollination)
======================================================================

[TEST] Collection size: 50
--------------------------------------------------
  exact=true:  0
  exact=false: 0
  difference:  0 (0.0%)

[TEST] Collection size: 200
--------------------------------------------------
  exact=true:  0
  exact=false: 0
  difference:  0 (0.0%)

[TEST] Collection size: 500
--------------------------------------------------
  exact=true:  0
  exact=false: 0
  difference:  0 (0.0%)

======================================================================
[ANALYSIS] Geo filter cardinality estimation results
----------------------------------------------------------------------

[FATAL] Test execution failed: 'charmap' codec can't encode character '\u2713' in position 0: character maps to <undefined>

[CLEANUP] Deleting test collections...
  - DELETE vein_geo_test_50: 200
  - DELETE vein_geo_test_200: 200
  - DELETE vein_geo_test_500: 200
