<HOME>\AppData\Local\Programs\Python\Python312\Lib\site-packages\requests\__init__.py:113: RequestsDependencyWarning: urllib3 (2.6.3) or chardet (7.3.0)/charset_normalizer (3.4.6) doesn't match a supported version!
  warnings.warn(
ownership prefix: scu039bf164
[assertion quote] 'optimizers_config (diff) bounds: deleted_threshold within [0, 1]; vacuum_min_vector_number minimum 100; max_segment_size minimum 1 KB; memmap_threshold minimum 0; indexing_threshold minimum 0 KB'
[setup] created scu039bf164_opt (dim=4)
[closure deleted_threshold=0.0 (interval lower endpoint)] body={"optimizers_config": {"deleted_threshold": 0.0}} -> status=200 raw={"result":true,"status":"ok","time":0.012886059}
[closure deleted_threshold=0.0 (interval lower endpoint)] accepted 200; describe optimizer_config.deleted_threshold=0.0
[closure deleted_threshold=1.0 (interval upper endpoint)] body={"optimizers_config": {"deleted_threshold": 1.0}} -> status=200 raw={"result":true,"status":"ok","time":0.014461249}
[closure deleted_threshold=1.0 (interval upper endpoint)] accepted 200; describe optimizer_config.deleted_threshold=1.0
[closure vacuum_min_vector_number=100 (minimum 100)] body={"optimizers_config": {"vacuum_min_vector_number": 100}} -> status=200 raw={"result":true,"status":"ok","time":0.015885046}
[closure vacuum_min_vector_number=100 (minimum 100)] accepted 200; describe optimizer_config.vacuum_min_vector_number=100
[closure max_segment_size=1 (minimum 1)] body={"optimizers_config": {"max_segment_size": 1}} -> status=200 raw={"result":true,"status":"ok","time":0.015801797}
[closure max_segment_size=1 (minimum 1)] accepted 200; describe optimizer_config.max_segment_size=1
[closure memmap_threshold=0 (minimum 0)] body={"optimizers_config": {"memmap_threshold": 0}} -> status=200 raw={"result":true,"status":"ok","time":0.016287618}
[closure memmap_threshold=0 (minimum 0)] accepted 200; describe optimizer_config.memmap_threshold=0
[closure indexing_threshold=0 (minimum 0)] body={"optimizers_config": {"indexing_threshold": 0}} -> status=200 raw={"result":true,"status":"ok","time":0.016116632}
[closure indexing_threshold=0 (minimum 0)] accepted 200; describe optimizer_config.indexing_threshold=0
[violation deleted_threshold=1.5 (above max 1.0)] body={"optimizers_config": {"deleted_threshold": 1.5}} -> status=422 raw={"status":{"error":"Validation error in JSON body: [optimizers_config.deleted_threshold: value 1.5 invalid, must be from 0.0 to 1.0]"},"time":0.0}
[violation deleted_threshold=1.5 (above max 1.0)] refused 422; rubric=2/3 {"c1_param_named": true, "c2_format_range": true, "c3_actionable": false}
[violation deleted_threshold=-0.1 (below min 0.0)] body={"optimizers_config": {"deleted_threshold": -0.1}} -> status=422 raw={"status":{"error":"Validation error in JSON body: [optimizers_config.deleted_threshold: value -0.1 invalid, must be from 0.0 to 1.0]"},"time":0.0}
[violation deleted_threshold=-0.1 (below min 0.0)] refused 422; rubric=2/3 {"c1_param_named": true, "c2_format_range": true, "c3_actionable": false}
[violation vacuum_min_vector_number=99 (below min 100)] body={"optimizers_config": {"vacuum_min_vector_number": 99}} -> status=422 raw={"status":{"error":"Validation error in JSON body: [optimizers_config.vacuum_min_vector_number: value 99 invalid, must be 100 or larger]"},"time":0.0}
[violation vacuum_min_vector_number=99 (below min 100)] refused 422; rubric=3/3 {"c1_param_named": true, "c2_format_range": true, "c3_actionable": true}
[violation max_segment_size=0 (below min 1)] body={"optimizers_config": {"max_segment_size": 0}} -> status=422 raw={"status":{"error":"Validation error in JSON body: [optimizers_config.max_segment_size: value 0 invalid, must be 1 or larger]"},"time":0.0}
[violation max_segment_size=0 (below min 1)] refused 422; rubric=3/3 {"c1_param_named": true, "c2_format_range": true, "c3_actionable": true}
[violation memmap_threshold=-5 (below min 0)] body={"optimizers_config": {"memmap_threshold": -5}} -> status=400 raw={"status":{"error":"Format error in JSON body: invalid value: integer `-5`, expected usize at line 1 column 45"},"time":0.0}
[violation memmap_threshold=-5 (below min 0)] refused 400; rubric=1/3 {"c1_param_named": false, "c2_format_range": true, "c3_actionable": false}
[violation indexing_threshold=-1 (below min 0)] body={"optimizers_config": {"indexing_threshold": -1}} -> status=400 raw={"status":{"error":"Format error in JSON body: invalid value: integer `-1`, expected usize at line 1 column 47"},"time":0.0}
[violation indexing_threshold=-1 (below min 0)] refused 400; rubric=1/3 {"c1_param_named": false, "c2_format_range": true, "c3_actionable": false}
[control describe scu039bf164_opt] status=200 raw={"result":{"status":"green","optimizer_status":"ok","indexed_vectors_count":0,"points_count":0,"segments_count":8,"config":{"params":{"vectors":{"size":4,"distance":"Cosine"},"shard_number":1,"replication_factor":1,"write_consistency_factor":1,"on_disk_payload":true},"hnsw_config":{"m":16,"ef_constr
OK: closure values accepted 6/6 with echo where default-distinguishable; all bound-violating values refused 4xx; worst rubric score 3/3 (claim threshold 0/3)
VERDICT: NO_DEFECT
