<HOME>\AppData\Local\Programs\Python\Python312\Lib\site-packages\requests\__init__.py:113: RequestsDependencyWarning: urllib3 (2.6.3) or chardet (7.3.0)/charset_normalizer (3.4.6) doesn't match a supported version!
  warnings.warn(
ownership prefix: scu02c5a5ea
[assertion quote] 'HnswConfigDiff (update): m minimum 0; ef_construct minimum 4; full_scan_threshold minimum 10 (KB); payload_m minimum 0'
[setup] created scu02c5a5ea_hnsw (dim=4)
[closure m=0 (minimum 0)] body={"hnsw_config": {"m": 0}} -> status=200 raw={"result":true,"status":"ok","time":0.010672052}
[closure m=0 (minimum 0)] accepted 200 result:true
[closure ef_construct=4 (minimum 4)] body={"hnsw_config": {"ef_construct": 4}} -> status=200 raw={"result":true,"status":"ok","time":0.016312061}
[closure ef_construct=4 (minimum 4)] accepted 200 result:true
[closure full_scan_threshold=10 (minimum 10)] body={"hnsw_config": {"full_scan_threshold": 10}} -> status=200 raw={"result":true,"status":"ok","time":0.016141883}
[closure full_scan_threshold=10 (minimum 10)] accepted 200 result:true
[closure payload_m=0 (minimum 0)] body={"hnsw_config": {"payload_m": 0}} -> status=200 raw={"result":true,"status":"ok","time":0.01142474}
[closure payload_m=0 (minimum 0)] accepted 200 result:true
[violation ef_construct=3 (below min 4)] body={"hnsw_config": {"ef_construct": 3}} -> status=422 raw={"status":{"error":"Validation error in JSON body: [hnsw_config.ef_construct: value 3 invalid, must be 4 or larger]"},"time":0.0}
[violation ef_construct=3 (below min 4)] refused 422; rubric=3/3 {"c1_param_named": true, "c2_format_range": true, "c3_actionable": true}
[violation full_scan_threshold=9 (below min 10)] body={"hnsw_config": {"full_scan_threshold": 9}} -> status=422 raw={"status":{"error":"Validation error in JSON body: [hnsw_config.full_scan_threshold: value 9 invalid, must be 10 or larger]"},"time":0.0}
[violation full_scan_threshold=9 (below min 10)] refused 422; rubric=3/3 {"c1_param_named": true, "c2_format_range": true, "c3_actionable": true}
[violation m=-1 (below min 0)] body={"hnsw_config": {"m": -1}} -> status=400 raw={"status":{"error":"Format error in JSON body: invalid value: integer `-1`, expected usize at line 1 column 24"},"time":0.0}
[violation m=-1 (below min 0)] refused 400; rubric=1/3 {"c1_param_named": false, "c2_format_range": true, "c3_actionable": false}
[violation payload_m=-1 (below min 0)] body={"hnsw_config": {"payload_m": -1}} -> status=400 raw={"status":{"error":"Format error in JSON body: invalid value: integer `-1`, expected usize at line 1 column 32"},"time":0.0}
[violation payload_m=-1 (below min 0)] refused 400; rubric=1/3 {"c1_param_named": false, "c2_format_range": true, "c3_actionable": false}
[control describe scu02c5a5ea_hnsw] status=200 raw={"result":{"status":"green","optimizer_status":"ok","indexed_vectors_count":0,"points_count":0,"segments_count":8,"config":{"params":{"vectors":{"size":4,"distance":"Cosine"},"shard_number":1,"replication_factor":1,"write_consistency_factor":1,"on_disk_payload":true},"hnsw_config":{"m":0,"ef_constru
OK: minima accepted (4/4 closure legs, 200 result:true); all below-minimum values refused with 4xx; worst rubric score 3/3 (claim threshold is 0/3)
VERDICT: NO_DEFECT
