[v1 metric='l2'] http=200 body={"code":65535,"message":"metric type not found or not supported, supported: [L2 IP COSINE HAMMING JACCARD]"}
[v2 metric='l2'] http=200 body={"code":65535,"message":"metric type not found or not supported, supported: [L2 IP COSINE HAMMING JACCARD]"}
[v1 metric='cosine'] http=200 body={"code":65535,"message":"metric type not found or not supported, supported: [L2 IP COSINE HAMMING JACCARD]"}
[v2 metric='cosine'] http=200 body={"code":65535,"message":"metric type not found or not supported, supported: [L2 IP COSINE HAMMING JACCARD]"}
[v1 metric='euclidean'] http=200 body={"code":65535,"message":"metric type not found or not supported, supported: [L2 IP COSINE HAMMING JACCARD]"}
[v2 metric='euclidean'] http=200 body={"code":65535,"message":"metric type not found or not supported, supported: [L2 IP COSINE HAMMING JACCARD]"}
[v1 metric=''] http=200 body={"code":65535,"message":"metric type not found or not supported, supported: [L2 IP COSINE HAMMING JACCARD]"}
[v2 metric=''] http=200 body={"code":200,"data":{}}
[v1 metric='L3'] http=200 body={"code":65535,"message":"metric type not found or not supported, supported: [L2 IP COSINE HAMMING JACCARD]"}
[v2 metric='L3'] http=200 body={"code":65535,"message":"metric type not found or not supported, supported: [L2 IP COSINE HAMMING JACCARD]"}
[v1 metric='HAMMING '] http=200 body={"code":65535,"message":"metric type not found or not supported, supported: [L2 IP COSINE HAMMING JACCARD]"}
[v2 metric='HAMMING '] http=200 body={"code":65535,"message":"metric type not found or not supported, supported: [L2 IP COSINE HAMMING JACCARD]"}
[v1 metric=123] http=200 body={"code":1801,"message":"can only accept json format request, error: json: cannot unmarshal number into Go struct field CreateCollectionReq.metricType of type string"}
[v2 metric=123] http=200 body={"code":1801,"message":"can only accept json format request, error: json: cannot unmarshal number into Go struct field CollectionReq.metricType of type string"}
[v1 metric=None] http=200 body={"code":200,"data":{}}
[v2 metric=None] http=200 body={"code":200,"data":{}}
[v1 metric='L2;DROP'] http=200 body={"code":65535,"message":"metric type not found or not supported, supported: [L2 IP COSINE HAMMING JACCARD]"}
[v2 metric='L2;DROP'] http=200 body={"code":65535,"message":"metric type not found or not supported, supported: [L2 IP COSINE HAMMING JACCARD]"}
[v1 metric=IP control] http=200
[readback] {"code":200,"data":{"collectionName":"bnd_met002_ok","description":"","enableDynamicField":true,"fields":[{"autoId":true,"description":"","name":"id","partitionKey":false,"primaryKey":true,"type":"Int64"},{"autoId":false,"description":"","name":"vector","partitionKey":false,"primaryKey":false,"type"
DEFECT: v2 metric='': Type1_IllegalSuccess
DEFECT: v1 metric=None: Type1_IllegalSuccess
DEFECT: v2 metric=None: Type1_IllegalSuccess
VERDICT: DEFECT_FOUND
